Archive member included to satisfy reference by file (symbol)

c:/progra~2/gnuarm~1/102021~1.10/bin/../lib/gcc/arm-none-eabi/10.3.1/../../../../arm-none-eabi/lib/thumb/v7e-m+fp/hard\libc_nano.a(lib_a-exit.o)
                              c:/progra~2/gnuarm~1/102021~1.10/bin/../lib/gcc/arm-none-eabi/10.3.1/../../../../arm-none-eabi/lib/thumb/v7e-m+fp/hard/crt0.o (exit)
c:/progra~2/gnuarm~1/102021~1.10/bin/../lib/gcc/arm-none-eabi/10.3.1/../../../../arm-none-eabi/lib/thumb/v7e-m+fp/hard\libc_nano.a(lib_a-impure.o)
                              c:/progra~2/gnuarm~1/102021~1.10/bin/../lib/gcc/arm-none-eabi/10.3.1/../../../../arm-none-eabi/lib/thumb/v7e-m+fp/hard\libc_nano.a(lib_a-exit.o) (_global_impure_ptr)
c:/progra~2/gnuarm~1/102021~1.10/bin/../lib/gcc/arm-none-eabi/10.3.1/../../../../arm-none-eabi/lib/thumb/v7e-m+fp/hard\libc_nano.a(lib_a-init.o)
                              c:/progra~2/gnuarm~1/102021~1.10/bin/../lib/gcc/arm-none-eabi/10.3.1/../../../../arm-none-eabi/lib/thumb/v7e-m+fp/hard/crt0.o (__libc_init_array)
c:/progra~2/gnuarm~1/102021~1.10/bin/../lib/gcc/arm-none-eabi/10.3.1/../../../../arm-none-eabi/lib/thumb/v7e-m+fp/hard\libc_nano.a(lib_a-memset.o)
                              c:/progra~2/gnuarm~1/102021~1.10/bin/../lib/gcc/arm-none-eabi/10.3.1/../../../../arm-none-eabi/lib/thumb/v7e-m+fp/hard/crt0.o (memset)
c:/progra~2/gnuarm~1/102021~1.10/bin/../lib/gcc/arm-none-eabi/10.3.1/../../../../arm-none-eabi/lib/thumb/v7e-m+fp/hard\libc_nano.a(lib_a-nano-vfprintf_float.o)
                              (_printf_float)
c:/progra~2/gnuarm~1/102021~1.10/bin/../lib/gcc/arm-none-eabi/10.3.1/../../../../arm-none-eabi/lib/thumb/v7e-m+fp/hard\libc_nano.a(lib_a-nano-vfprintf_i.o)
                              c:/progra~2/gnuarm~1/102021~1.10/bin/../lib/gcc/arm-none-eabi/10.3.1/../../../../arm-none-eabi/lib/thumb/v7e-m+fp/hard\libc_nano.a(lib_a-nano-vfprintf_float.o) (_printf_common)
c:/progra~2/gnuarm~1/102021~1.10/bin/../lib/gcc/arm-none-eabi/10.3.1/../../../../arm-none-eabi/lib/thumb/v7e-m+fp/hard\libc_nano.a(lib_a-strlen.o)
                              c:/progra~2/gnuarm~1/102021~1.10/bin/../lib/gcc/arm-none-eabi/10.3.1/../../../../arm-none-eabi/lib/thumb/v7e-m+fp/hard\libc_nano.a(lib_a-nano-vfprintf_float.o) (strlen)
c:/progra~2/gnuarm~1/102021~1.10/bin/../lib/gcc/arm-none-eabi/10.3.1/../../../../arm-none-eabi/lib/thumb/v7e-m+fp/hard\libc_nano.a(lib_a-dtoa.o)
                              c:/progra~2/gnuarm~1/102021~1.10/bin/../lib/gcc/arm-none-eabi/10.3.1/../../../../arm-none-eabi/lib/thumb/v7e-m+fp/hard\libc_nano.a(lib_a-nano-vfprintf_float.o) (_dtoa_r)
c:/progra~2/gnuarm~1/102021~1.10/bin/../lib/gcc/arm-none-eabi/10.3.1/../../../../arm-none-eabi/lib/thumb/v7e-m+fp/hard\libc_nano.a(lib_a-localeconv.o)
                              c:/progra~2/gnuarm~1/102021~1.10/bin/../lib/gcc/arm-none-eabi/10.3.1/../../../../arm-none-eabi/lib/thumb/v7e-m+fp/hard\libc_nano.a(lib_a-nano-vfprintf_float.o) (_localeconv_r)
c:/progra~2/gnuarm~1/102021~1.10/bin/../lib/gcc/arm-none-eabi/10.3.1/../../../../arm-none-eabi/lib/thumb/v7e-m+fp/hard\libc_nano.a(lib_a-malloc.o)
                              c:/progra~2/gnuarm~1/102021~1.10/bin/../lib/gcc/arm-none-eabi/10.3.1/../../../../arm-none-eabi/lib/thumb/v7e-m+fp/hard\libc_nano.a(lib_a-dtoa.o) (malloc)
c:/progra~2/gnuarm~1/102021~1.10/bin/../lib/gcc/arm-none-eabi/10.3.1/../../../../arm-none-eabi/lib/thumb/v7e-m+fp/hard\libc_nano.a(lib_a-memchr.o)
                              c:/progra~2/gnuarm~1/102021~1.10/bin/../lib/gcc/arm-none-eabi/10.3.1/../../../../arm-none-eabi/lib/thumb/v7e-m+fp/hard\libc_nano.a(lib_a-nano-vfprintf_i.o) (memchr)
c:/progra~2/gnuarm~1/102021~1.10/bin/../lib/gcc/arm-none-eabi/10.3.1/../../../../arm-none-eabi/lib/thumb/v7e-m+fp/hard\libc_nano.a(lib_a-memcpy-stub.o)
                              c:/progra~2/gnuarm~1/102021~1.10/bin/../lib/gcc/arm-none-eabi/10.3.1/../../../../arm-none-eabi/lib/thumb/v7e-m+fp/hard\libc_nano.a(lib_a-dtoa.o) (memcpy)
c:/progra~2/gnuarm~1/102021~1.10/bin/../lib/gcc/arm-none-eabi/10.3.1/../../../../arm-none-eabi/lib/thumb/v7e-m+fp/hard\libc_nano.a(lib_a-mprec.o)
                              c:/progra~2/gnuarm~1/102021~1.10/bin/../lib/gcc/arm-none-eabi/10.3.1/../../../../arm-none-eabi/lib/thumb/v7e-m+fp/hard\libc_nano.a(lib_a-dtoa.o) (_Balloc)
c:/progra~2/gnuarm~1/102021~1.10/bin/../lib/gcc/arm-none-eabi/10.3.1/../../../../arm-none-eabi/lib/thumb/v7e-m+fp/hard\libc_nano.a(lib_a-nano-callocr.o)
                              c:/progra~2/gnuarm~1/102021~1.10/bin/../lib/gcc/arm-none-eabi/10.3.1/../../../../arm-none-eabi/lib/thumb/v7e-m+fp/hard\libc_nano.a(lib_a-mprec.o) (_calloc_r)
c:/progra~2/gnuarm~1/102021~1.10/bin/../lib/gcc/arm-none-eabi/10.3.1/../../../../arm-none-eabi/lib/thumb/v7e-m+fp/hard\libc_nano.a(lib_a-nano-freer.o)
                              c:/progra~2/gnuarm~1/102021~1.10/bin/../lib/gcc/arm-none-eabi/10.3.1/../../../../arm-none-eabi/lib/thumb/v7e-m+fp/hard\libc_nano.a(lib_a-malloc.o) (_free_r)
[...]
Memory Configuration

Name             Origin             Length             Attributes
RAM              0x20000000         0x00010000         xrw
FLASH            0x08000000         0x00040000         xr
*default*        0x00000000         0xffffffff

Linker script and memory map

LOAD c:/progra~2/gnuarm~1/102021~1.10/bin/../lib/gcc/arm-none-eabi/10.3.1/thumb/v7e-m+fp/hard/crti.o
LOAD c:/progra~2/gnuarm~1/102021~1.10/bin/../lib/gcc/arm-none-eabi/10.3.1/thumb/v7e-m+fp/hard/crtbegin.o
LOAD c:/progra~2/gnuarm~1/102021~1.10/bin/../lib/gcc/arm-none-eabi/10.3.1/../../../../arm-none-eabi/lib/thumb/v7e-m+fp/hard/crt0.o
START GROUP
LOAD c:/progra~2/gnuarm~1/102021~1.10/bin/../lib/gcc/arm-none-eabi/10.3.1/../../../../arm-none-eabi/lib/thumb/v7e-m+fp/hard\libc_nano.a
LOAD c:/progra~2/gnuarm~1/102021~1.10/bin/../lib/gcc/arm-none-eabi/10.3.1/../../../../arm-none-eabi/lib/thumb/v7e-m+fp/hard\libm.a
LOAD c:/progra~2/gnuarm~1/102021~1.10/bin/../lib/gcc/arm-none-eabi/10.3.1/../../../../arm-none-eabi/lib/thumb/v7e-m+fp/hard\libstdc++_nano.a
LOAD c:/progra~2/gnuarm~1/102021~1.10/bin/../lib/gcc/arm-none-eabi/10.3.1/../../../../arm-none-eabi/lib/thumb/v7e-m+fp/hard\libsupc++_nano.a
END GROUP
LOAD CMakeFiles/arpc-stm32f401-server-example.dir/Core/Src/main.c.obj
LOAD CMakeFiles/arpc-stm32f401-server-example.dir/Core/Src/stm32f4xx_it.c.obj
LOAD CMakeFiles/arpc-stm32f401-server-example.dir/Core/Src/stm32f4xx_hal_msp.c.obj
LOAD CMakeFiles/arpc-stm32f401-server-example.dir/USB_DEVICE/App/usb_device.c.obj
LOAD CMakeFiles/arpc-stm32f401-server-example.dir/USB_DEVICE/App/usbd_desc.c.obj
LOAD CMakeFiles/arpc-stm32f401-server-example.dir/USB_DEVICE/App/usbd_cdc_if.c.obj
LOAD CMakeFiles/arpc-stm32f401-server-example.dir/USB_DEVICE/Target/usbd_conf.c.obj
LOAD CMakeFiles/arpc-stm32f401-server-example.dir/Drivers/STM32F4xx_HAL_Driver/Src/stm32f4xx_hal_pcd.c.obj
LOAD CMakeFiles/arpc-stm32f401-server-example.dir/Drivers/STM32F4xx_HAL_Driver/Src/stm32f4xx_hal_pcd_ex.c.obj
LOAD CMakeFiles/arpc-stm32f401-server-example.dir/Drivers/STM32F4xx_HAL_Driver/Src/stm32f4xx_ll_usb.c.obj
LOAD CMakeFiles/arpc-stm32f401-server-example.dir/Drivers/STM32F4xx_HAL_Driver/Src/stm32f4xx_hal_rcc.c.obj
LOAD CMakeFiles/arpc-stm32f401-server-example.dir/Drivers/STM32F4xx_HAL_Driver/Src/stm32f4xx_hal_rcc_ex.c.obj
LOAD CMakeFiles/arpc-stm32f401-server-example.dir/Drivers/STM32F4xx_HAL_Driver/Src/stm32f4xx_hal_flash.c.obj
LOAD CMakeFiles/arpc-stm32f401-server-example.dir/Drivers/STM32F4xx_HAL_Driver/Src/stm32f4xx_hal_flash_ex.c.obj
LOAD CMakeFiles/arpc-stm32f401-server-example.dir/Drivers/STM32F4xx_HAL_Driver/Src/stm32f4xx_hal_flash_ramfunc.c.obj
LOAD CMakeFiles/arpc-stm32f401-server-example.dir/Drivers/STM32F4xx_HAL_Driver/Src/stm32f4xx_hal_gpio.c.obj
LOAD CMakeFiles/arpc-stm32f401-server-example.dir/Drivers/STM32F4xx_HAL_Driver/Src/stm32f4xx_hal_dma_ex.c.obj
LOAD CMakeFiles/arpc-stm32f401-server-example.dir/Drivers/STM32F4xx_HAL_Driver/Src/stm32f4xx_hal_dma.c.obj
LOAD CMakeFiles/arpc-stm32f401-server-example.dir/Drivers/STM32F4xx_HAL_Driver/Src/stm32f4xx_hal_pwr.c.obj
LOAD CMakeFiles/arpc-stm32f401-server-example.dir/Drivers/STM32F4xx_HAL_Driver/Src/stm32f4xx_hal_pwr_ex.c.obj
LOAD CMakeFiles/arpc-stm32f401-server-example.dir/Drivers/STM32F4xx_HAL_Driver/Src/stm32f4xx_hal_cortex.c.obj
LOAD CMakeFiles/arpc-stm32f401-server-example.dir/Drivers/STM32F4xx_HAL_Driver/Src/stm32f4xx_hal.c.obj
LOAD CMakeFiles/arpc-stm32f401-server-example.dir/Drivers/STM32F4xx_HAL_Driver/Src/stm32f4xx_hal_exti.c.obj
LOAD CMakeFiles/arpc-stm32f401-server-example.dir/Drivers/STM32F4xx_HAL_Driver/Src/stm32f4xx_hal_tim.c.obj
LOAD CMakeFiles/arpc-stm32f401-server-example.dir/Drivers/STM32F4xx_HAL_Driver/Src/stm32f4xx_hal_tim_ex.c.obj
LOAD CMakeFiles/arpc-stm32f401-server-example.dir/Drivers/STM32F4xx_HAL_Driver/Src/stm32f4xx_hal_uart.c.obj
LOAD CMakeFiles/arpc-stm32f401-server-example.dir/Core/Src/system_stm32f4xx.c.obj
LOAD CMakeFiles/arpc-stm32f401-server-example.dir/Middlewares/ST/STM32_USB_Device_Library/Core/Src/usbd_core.c.obj
LOAD CMakeFiles/arpc-stm32f401-server-example.dir/Middlewares/ST/STM32_USB_Device_Library/Core/Src/usbd_ctlreq.c.obj
LOAD CMakeFiles/arpc-stm32f401-server-example.dir/Middlewares/ST/STM32_USB_Device_Library/Core/Src/usbd_ioreq.c.obj
LOAD CMakeFiles/arpc-stm32f401-server-example.dir/Middlewares/ST/STM32_USB_Device_Library/Class/CDC/Src/usbd_cdc.c.obj
LOAD CMakeFiles/arpc-stm32f401-server-example.dir/Drivers/arpc_server/arpc_server.c.obj
LOAD CMakeFiles/arpc-stm32f401-server-example.dir/Drivers/arpc_server/arpc_generic.c.obj
LOAD CMakeFiles/arpc-stm32f401-server-example.dir/startup_stm32f401xc.s.obj
START GROUP
LOAD c:/progra~2/gnuarm~1/102021~1.10/bin/../lib/gcc/arm-none-eabi/10.3.1/thumb/v7e-m+fp/hard\libgcc.a
LOAD c:/progra~2/gnuarm~1/102021~1.10/bin/../lib/gcc/arm-none-eabi/10.3.1/../../../../arm-none-eabi/lib/thumb/v7e-m+fp/hard\libg_nano.a
LOAD c:/progra~2/gnuarm~1/102021~1.10/bin/../lib/gcc/arm-none-eabi/10.3.1/../../../../arm-none-eabi/lib/thumb/v7e-m+fp/hard\libc_nano.a
END GROUP
START GROUP
LOAD c:/progra~2/gnuarm~1/102021~1.10/bin/../lib/gcc/arm-none-eabi/10.3.1/thumb/v7e-m+fp/hard\libgcc.a
LOAD c:/progra~2/gnuarm~1/102021~1.10/bin/../lib/gcc/arm-none-eabi/10.3.1/../../../../arm-none-eabi/lib/thumb/v7e-m+fp/hard\libc_nano.a
LOAD c:/progra~2/gnuarm~1/102021~1.10/bin/../lib/gcc/arm-none-eabi/10.3.1/../../../../arm-none-eabi/lib/thumb/v7e-m+fp/hard\libnosys.a
END GROUP
START GROUP
LOAD c:/progra~2/gnuarm~1/102021~1.10/bin/../lib/gcc/arm-none-eabi/10.3.1/thumb/v7e-m+fp/hard\libgcc.a
LOAD c:/progra~2/gnuarm~1/102021~1.10/bin/../lib/gcc/arm-none-eabi/10.3.1/../../../../arm-none-eabi/lib/thumb/v7e-m+fp/hard\libc_nano.a
LOAD c:/progra~2/gnuarm~1/102021~1.10/bin/../lib/gcc/arm-none-eabi/10.3.1/../../../../arm-none-eabi/lib/thumb/v7e-m+fp/hard\libnosys.a
END GROUP
LOAD c:/progra~2/gnuarm~1/102021~1.10/bin/../lib/gcc/arm-none-eabi/10.3.1/thumb/v7e-m+fp/hard/crtend.o
LOAD c:/progra~2/gnuarm~1/102021~1.10/bin/../lib/gcc/arm-none-eabi/10.3.1/thumb/v7e-m+fp/hard/crtn.o
                0x20010000                _estack = (ORIGIN (RAM) + LENGTH (RAM))
                0x00000200                _Min_Heap_Size = 0x200
                0x00000400                _Min_Stack_Size = 0x400

.isr_vector     0x08000000      0x194
                0x08000000                . = ALIGN (0x4)
 *(.isr_vector)
 .isr_vector    0x08000000      0x194 CMakeFiles/arpc-stm32f401-server-example.dir/startup_stm32f401xc.s.obj
                0x08000000                g_pfnVectors
                0x08000194                . = ALIGN (0x4)

.text           0x080001a0     0x779c
                0x080001a0                . = ALIGN (0x4)
 *(.text)
 .text          0x080001a0       0x40 c:/progra~2/gnuarm~1/102021~1.10/bin/../lib/gcc/arm-none-eabi/10.3.1/thumb/v7e-m+fp/hard/crtbegin.o
 .text          0x080001e0       0x10 c:/progra~2/gnuarm~1/102021~1.10/bin/../lib/gcc/arm-none-eabi/10.3.1/../../../../arm-none-eabi/lib/thumb/v7e-m+fp/hard\libc_nano.a(lib_a-strlen.o)
                0x080001e0                strlen
 .text          0x080001f0       0xa0 c:/progra~2/gnuarm~1/102021~1.10/bin/../lib/gcc/arm-none-eabi/10.3.1/../../../../arm-none-eabi/lib/thumb/v7e-m+fp/hard\libc_nano.a(lib_a-memchr.o)
                0x080001f0                memchr
 .text          0x08000290      0x378 c:/progra~2/gnuarm~1/102021~1.10/bin/../lib/gcc/arm-none-eabi/10.3.1/thumb/v7e-m+fp/hard\libgcc.a(_arm_addsubdf3.o)
                0x08000290                __aeabi_drsub
                0x08000298                __aeabi_dsub
                0x08000298                __subdf3
                0x0800029c                __aeabi_dadd
                0x0800029c                __adddf3
                0x08000514                __floatunsidf
                0x08000514                __aeabi_ui2d
                0x08000534                __floatsidf
                0x08000534                __aeabi_i2d
                0x08000558                __aeabi_f2d
                0x08000558                __extendsfdf2
                0x0800059c                __floatundidf
                0x0800059c                __aeabi_ul2d
                0x080005ac                __floatdidf
                0x080005ac                __aeabi_l2d
 .text          0x08000608      0x424 c:/progra~2/gnuarm~1/102021~1.10/bin/../lib/gcc/arm-none-eabi/10.3.1/thumb/v7e-m+fp/hard\libgcc.a(_arm_muldivdf3.o)
                0x08000608                __aeabi_dmul
                0x08000608                __muldf3
                0x0800085c                __divdf3
                0x0800085c                __aeabi_ddiv
 .text          0x08000a2c      0x110 c:/progra~2/gnuarm~1/102021~1.10/bin/../lib/gcc/arm-none-eabi/10.3.1/thumb/v7e-m+fp/hard\libgcc.a(_arm_cmpdf2.o)
                0x08000a2c                __gtdf2
                0x08000a2c                __gedf2
                0x08000a34                __ltdf2
                0x08000a34                __ledf2
                0x08000a3c                __nedf2
                0x08000a3c                __eqdf2
                0x08000a3c                __cmpdf2
                0x08000ab8                __aeabi_cdrcmple
                0x08000ac8                __aeabi_cdcmpeq
                0x08000ac8                __aeabi_cdcmple
                0x08000ad8                __aeabi_dcmpeq
                0x08000aec                __aeabi_dcmplt
                0x08000b00                __aeabi_dcmple
                0x08000b14                __aeabi_dcmpge
                0x08000b28                __aeabi_dcmpgt
 .text          0x08000b3c       0x2c c:/progra~2/gnuarm~1/102021~1.10/bin/../lib/gcc/arm-none-eabi/10.3.1/thumb/v7e-m+fp/hard\libgcc.a(_arm_unorddf2.o)
                0x08000b3c                __unorddf2
                0x08000b3c                __aeabi_dcmpun
 .text          0x08000b68       0x50 c:/progra~2/gnuarm~1/102021~1.10/bin/../lib/gcc/arm-none-eabi/10.3.1/thumb/v7e-m+fp/hard\libgcc.a(_arm_fixdfsi.o)
                0x08000b68                __aeabi_d2iz
                0x08000b68                __fixdfsi
 .text          0x08000bb8       0x30 c:/progra~2/gnuarm~1/102021~1.10/bin/../lib/gcc/arm-none-eabi/10.3.1/thumb/v7e-m+fp/hard\libgcc.a(_aeabi_uldivmod.o)
                0x08000bb8                __aeabi_uldivmod
 .text          0x08000be8      0x2d0 c:/progra~2/gnuarm~1/102021~1.10/bin/../lib/gcc/arm-none-eabi/10.3.1/thumb/v7e-m+fp/hard\libgcc.a(_udivmoddi4.o)
                0x08000be8                __udivmoddi4
 .text          0x08000eb8        0x4 c:/progra~2/gnuarm~1/102021~1.10/bin/../lib/gcc/arm-none-eabi/10.3.1/thumb/v7e-m+fp/hard\libgcc.a(_dvmd_tls.o)
                0x08000eb8                __aeabi_idiv0
                0x08000eb8                __aeabi_ldiv0
 *(.text*)
 .text.__libc_init_array
                0x08000ebc       0x48 c:/progra~2/gnuarm~1/102021~1.10/bin/../lib/gcc/arm-none-eabi/10.3.1/../../../../arm-none-eabi/lib/thumb/v7e-m+fp/hard\libc_nano.a(lib_a-init.o)
                0x08000ebc                __libc_init_array
 .text.memset   0x08000f04       0x10 c:/progra~2/gnuarm~1/102021~1.10/bin/../lib/gcc/arm-none-eabi/10.3.1/../../../../arm-none-eabi/lib/thumb/v7e-m+fp/hard\libc_nano.a(lib_a-memset.o)
                0x08000f04                memset
 .text.__cvt    0x08000f14       0xc4 c:/progra~2/gnuarm~1/102021~1.10/bin/../lib/gcc/arm-none-eabi/10.3.1/../../../../arm-none-eabi/lib/thumb/v7e-m+fp/hard\libc_nano.a(lib_a-nano-vfprintf_float.o)
                0x08000f14                __cvt
 .text.__exponent
                0x08000fd8       0x7c c:/progra~2/gnuarm~1/102021~1.10/bin/../lib/gcc/arm-none-eabi/10.3.1/../../../../arm-none-eabi/lib/thumb/v7e-m+fp/hard\libc_nano.a(lib_a-nano-vfprintf_float.o)
                0x08000fd8                __exponent
 .text._printf_float
                0x08001054      0x46c c:/progra~2/gnuarm~1/102021~1.10/bin/../lib/gcc/arm-none-eabi/10.3.1/../../../../arm-none-eabi/lib/thumb/v7e-m+fp/hard\libc_nano.a(lib_a-nano-vfprintf_float.o)
                0x08001054                _printf_float
 .text._printf_common
                0x080014c0       0xda c:/progra~2/gnuarm~1/102021~1.10/bin/../lib/gcc/arm-none-eabi/10.3.1/../../../../arm-none-eabi/lib/thumb/v7e-m+fp/hard\libc_nano.a(lib_a-nano-vfprintf_i.o)
                0x080014c0                _printf_common
 *fill*         0x0800159a        0x2 
 .text._printf_i
                0x0800159c      0x24c c:/progra~2/gnuarm~1/102021~1.10/bin/../lib/gcc/arm-none-eabi/10.3.1/../../../../arm-none-eabi/lib/thumb/v7e-m+fp/hard\libc_nano.a(lib_a-nano-vfprintf_i.o)
                0x0800159c                _printf_i
 .text.quorem   0x080017e8      0x116 c:/progra~2/gnuarm~1/102021~1.10/bin/../lib/gcc/arm-none-eabi/10.3.1/../../../../arm-none-eabi/lib/thumb/v7e-m+fp/hard\libc_nano.a(lib_a-dtoa.o)
 *fill*         0x080018fe        0x2 
 .text._dtoa_r  0x08001900      0xbdc c:/progra~2/gnuarm~1/102021~1.10/bin/../lib/gcc/arm-none-eabi/10.3.1/../../../../arm-none-eabi/lib/thumb/v7e-m+fp/hard\libc_nano.a(lib_a-dtoa.o)
                0x08001900                _dtoa_r
 .text._localeconv_r
                0x080024dc        0x8 c:/progra~2/gnuarm~1/102021~1.10/bin/../lib/gcc/arm-none-eabi/10.3.1/../../../../arm-none-eabi/lib/thumb/v7e-m+fp/hard\libc_nano.a(lib_a-localeconv.o)
                0x080024dc                _localeconv_r
 .text.malloc   0x080024e4       0x10 c:/progra~2/gnuarm~1/102021~1.10/bin/../lib/gcc/arm-none-eabi/10.3.1/../../../../arm-none-eabi/lib/thumb/v7e-m+fp/hard\libc_nano.a(lib_a-malloc.o)
                0x080024e4                malloc
 .text.memcpy   0x080024f4       0x1c c:/progra~2/gnuarm~1/102021~1.10/bin/../lib/gcc/arm-none-eabi/10.3.1/../../../../arm-none-eabi/lib/thumb/v7e-m+fp/hard\libc_nano.a(lib_a-memcpy-stub.o)
                0x080024f4                memcpy
 .text._Balloc  0x08002510       0x80 c:/progra~2/gnuarm~1/102021~1.10/bin/../lib/gcc/arm-none-eabi/10.3.1/../../../../arm-none-eabi/lib/thumb/v7e-m+fp/hard\libc_nano.a(lib_a-mprec.o)
                0x08002510                _Balloc
 .text._Bfree   0x08002590       0x44 c:/progra~2/gnuarm~1/102021~1.10/bin/../lib/gcc/arm-none-eabi/10.3.1/../../../../arm-none-eabi/lib/thumb/v7e-m+fp/hard\libc_nano.a(lib_a-mprec.o)
                0x08002590                _Bfree
 .text.__multadd
                0x080025d4       0x8c c:/progra~2/gnuarm~1/102021~1.10/bin/../lib/gcc/arm-none-eabi/10.3.1/../../../../arm-none-eabi/lib/thumb/v7e-m+fp/hard\libc_nano.a(lib_a-mprec.o)
                0x080025d4                __multadd
 .text.__hi0bits
                0x08002660       0x40 c:/progra~2/gnuarm~1/102021~1.10/bin/../lib/gcc/arm-none-eabi/10.3.1/../../../../arm-none-eabi/lib/thumb/v7e-m+fp/hard\libc_nano.a(lib_a-mprec.o)
                0x08002660                __hi0bits
 .text.__lo0bits
                0x080026a0       0x5e c:/progra~2/gnuarm~1/102021~1.10/bin/../lib/gcc/arm-none-eabi/10.3.1/../../../../arm-none-eabi/lib/thumb/v7e-m+fp/hard\libc_nano.a(lib_a-mprec.o)
                0x080026a0                __lo0bits
 *fill*         0x080026fe        0x2 
 .text.__i2b    0x08002700       0x2c c:/progra~2/gnuarm~1/102021~1.10/bin/../lib/gcc/arm-none-eabi/10.3.1/../../../../arm-none-eabi/lib/thumb/v7e-m+fp/hard\libc_nano.a(lib_a-mprec.o)
                0x08002700                __i2b
 .text.__multiply
                0x0800272c      0x154 c:/progra~2/gnuarm~1/102021~1.10/bin/../lib/gcc/arm-none-eabi/10.3.1/../../../../arm-none-eabi/lib/thumb/v7e-m+fp/hard\libc_nano.a(lib_a-mprec.o)
                0x0800272c                __multiply
 .text.__pow5mult
                0x08002880       0xb4 c:/progra~2/gnuarm~1/102021~1.10/bin/../lib/gcc/arm-none-eabi/10.3.1/../../../../arm-none-eabi/lib/thumb/v7e-m+fp/hard\libc_nano.a(lib_a-mprec.o)
                0x08002880                __pow5mult
 .text.__lshift
                0x08002934       0xe0 c:/progra~2/gnuarm~1/102021~1.10/bin/../lib/gcc/arm-none-eabi/10.3.1/../../../../arm-none-eabi/lib/thumb/v7e-m+fp/hard\libc_nano.a(lib_a-mprec.o)
                0x08002934                __lshift
 .text.__mcmp   0x08002a14       0x38 c:/progra~2/gnuarm~1/102021~1.10/bin/../lib/gcc/arm-none-eabi/10.3.1/../../../../arm-none-eabi/lib/thumb/v7e-m+fp/hard\libc_nano.a(lib_a-mprec.o)
                0x08002a14                __mcmp
 .text.__mdiff  0x08002a4c      0x114 c:/progra~2/gnuarm~1/102021~1.10/bin/../lib/gcc/arm-none-eabi/10.3.1/../../../../arm-none-eabi/lib/thumb/v7e-m+fp/hard\libc_nano.a(lib_a-mprec.o)
                0x08002a4c                __mdiff
 .text.__d2b    0x08002b60       0xb8 c:/progra~2/gnuarm~1/102021~1.10/bin/../lib/gcc/arm-none-eabi/10.3.1/../../../../arm-none-eabi/lib/thumb/v7e-m+fp/hard\libc_nano.a(lib_a-mprec.o)
                0x08002b60                __d2b
 .text._calloc_r
                0x08002c18       0x2c c:/progra~2/gnuarm~1/102021~1.10/bin/../lib/gcc/arm-none-eabi/10.3.1/../../../../arm-none-eabi/lib/thumb/v7e-m+fp/hard\libc_nano.a(lib_a-nano-callocr.o)
                0x08002c18                _calloc_r
 .text._free_r  0x08002c44       0x98 c:/progra~2/gnuarm~1/102021~1.10/bin/../lib/gcc/arm-none-eabi/10.3.1/../../../../arm-none-eabi/lib/thumb/v7e-m+fp/hard\libc_nano.a(lib_a-nano-freer.o)
                0x08002c44                _free_r
 .text.sbrk_aligned
                0x08002cdc       0x40 c:/progra~2/gnuarm~1/102021~1.10/bin/../lib/gcc/arm-none-eabi/10.3.1/../../../../arm-none-eabi/lib/thumb/v7e-m+fp/hard\libc_nano.a(lib_a-nano-mallocr.o)
 .text._malloc_r
                0x08002d1c       0xe8 c:/progra~2/gnuarm~1/102021~1.10/bin/../lib/gcc/arm-none-eabi/10.3.1/../../../../arm-none-eabi/lib/thumb/v7e-m+fp/hard\libc_nano.a(lib_a-nano-mallocr.o)
                0x08002d1c                _malloc_r
 .text._sbrk_r  0x08002e04       0x20 c:/progra~2/gnuarm~1/102021~1.10/bin/../lib/gcc/arm-none-eabi/10.3.1/../../../../arm-none-eabi/lib/thumb/v7e-m+fp/hard\libc_nano.a(lib_a-sbrkr.o)
                0x08002e04                _sbrk_r
 .text.__assert_func
                0x08002e24       0x3c c:/progra~2/gnuarm~1/102021~1.10/bin/../lib/gcc/arm-none-eabi/10.3.1/../../../../arm-none-eabi/lib/thumb/v7e-m+fp/hard\libc_nano.a(lib_a-assert.o)
                0x08002e24                __assert_func
 .text.fprintf  0x08002e60       0x24 c:/progra~2/gnuarm~1/102021~1.10/bin/../lib/gcc/arm-none-eabi/10.3.1/../../../../arm-none-eabi/lib/thumb/v7e-m+fp/hard\libc_nano.a(lib_a-fprintf.o)
                0x08002e60                fiprintf
                0x08002e60                fprintf
 .text.__ascii_mbtowc
                0x08002e84       0x24 c:/progra~2/gnuarm~1/102021~1.10/bin/../lib/gcc/arm-none-eabi/10.3.1/../../../../arm-none-eabi/lib/thumb/v7e-m+fp/hard\libc_nano.a(lib_a-mbtowc_r.o)
                0x08002e84                __ascii_mbtowc
 .text.__malloc_lock
                0x08002ea8        0xc c:/progra~2/gnuarm~1/102021~1.10/bin/../lib/gcc/arm-none-eabi/10.3.1/../../../../arm-none-eabi/lib/thumb/v7e-m+fp/hard\libc_nano.a(lib_a-mlock.o)
                0x08002ea8                __malloc_lock
 .text.__malloc_unlock
                0x08002eb4        0xc c:/progra~2/gnuarm~1/102021~1.10/bin/../lib/gcc/arm-none-eabi/10.3.1/../../../../arm-none-eabi/lib/thumb/v7e-m+fp/hard\libc_nano.a(lib_a-mlock.o)
                0x08002eb4                __malloc_unlock
 .text.__sfputc_r
                0x08002ec0       0x2e c:/progra~2/gnuarm~1/102021~1.10/bin/../lib/gcc/arm-none-eabi/10.3.1/../../../../arm-none-eabi/lib/thumb/v7e-m+fp/hard\libc_nano.a(lib_a-nano-vfprintf.o)
 .text.__sfputs_r
                0x08002eee       0x24 c:/progra~2/gnuarm~1/102021~1.10/bin/../lib/gcc/arm-none-eabi/10.3.1/../../../../arm-none-eabi/lib/thumb/v7e-m+fp/hard\libc_nano.a(lib_a-nano-vfprintf.o)
                0x08002eee                __sfputs_r
 *fill*         0x08002f12        0x2 
 .text._vfprintf_r
                0x08002f14      0x260 c:/progra~2/gnuarm~1/102021~1.10/bin/../lib/gcc/arm-none-eabi/10.3.1/../../../../arm-none-eabi/lib/thumb/v7e-m+fp/hard\libc_nano.a(lib_a-nano-vfprintf.o)
                0x08002f14                _vfprintf_r
                0x08002f14                _vfiprintf_r
 .text.__swbuf_r
                0x08003174       0xa4 c:/progra~2/gnuarm~1/102021~1.10/bin/../lib/gcc/arm-none-eabi/10.3.1/../../../../arm-none-eabi/lib/thumb/v7e-m+fp/hard\libc_nano.a(lib_a-wbuf.o)
                0x08003174                __swbuf_r
 .text.__ascii_wctomb
                0x08003218       0x1a c:/progra~2/gnuarm~1/102021~1.10/bin/../lib/gcc/arm-none-eabi/10.3.1/../../../../arm-none-eabi/lib/thumb/v7e-m+fp/hard\libc_nano.a(lib_a-wctomb_r.o)
                0x08003218                __ascii_wctomb
 *fill*         0x08003232        0x2 
 .text.__swsetup_r
                0x08003234       0xdc c:/progra~2/gnuarm~1/102021~1.10/bin/../lib/gcc/arm-none-eabi/10.3.1/../../../../arm-none-eabi/lib/thumb/v7e-m+fp/hard\libc_nano.a(lib_a-wsetup.o)
                0x08003234                __swsetup_r
 .text.abort    0x08003310        0xe c:/progra~2/gnuarm~1/102021~1.10/bin/../lib/gcc/arm-none-eabi/10.3.1/../../../../arm-none-eabi/lib/thumb/v7e-m+fp/hard\libc_nano.a(lib_a-abort.o)
                0x08003310                abort
 *fill*         0x0800331e        0x2 
 .text.__sflush_r
                0x08003320      0x10c c:/progra~2/gnuarm~1/102021~1.10/bin/../lib/gcc/arm-none-eabi/10.3.1/../../../../arm-none-eabi/lib/thumb/v7e-m+fp/hard\libc_nano.a(lib_a-fflush.o)
                0x08003320                __sflush_r
 .text._fflush_r
                0x0800342c       0x78 c:/progra~2/gnuarm~1/102021~1.10/bin/../lib/gcc/arm-none-eabi/10.3.1/../../../../arm-none-eabi/lib/thumb/v7e-m+fp/hard\libc_nano.a(lib_a-fflush.o)
                0x0800342c                _fflush_r
 .text.std      0x080034a4       0x48 c:/progra~2/gnuarm~1/102021~1.10/bin/../lib/gcc/arm-none-eabi/10.3.1/../../../../arm-none-eabi/lib/thumb/v7e-m+fp/hard\libc_nano.a(lib_a-findfp.o)
 .text._cleanup_r
                0x080034ec        0xc c:/progra~2/gnuarm~1/102021~1.10/bin/../lib/gcc/arm-none-eabi/10.3.1/../../../../arm-none-eabi/lib/thumb/v7e-m+fp/hard\libc_nano.a(lib_a-findfp.o)
                0x080034ec                _cleanup_r
 .text.__sfmoreglue
                0x080034f8       0x2c c:/progra~2/gnuarm~1/102021~1.10/bin/../lib/gcc/arm-none-eabi/10.3.1/../../../../arm-none-eabi/lib/thumb/v7e-m+fp/hard\libc_nano.a(lib_a-findfp.o)
                0x080034f8                __sfmoreglue
 .text.__sfp_lock_acquire
                0x08003524        0xc c:/progra~2/gnuarm~1/102021~1.10/bin/../lib/gcc/arm-none-eabi/10.3.1/../../../../arm-none-eabi/lib/thumb/v7e-m+fp/hard\libc_nano.a(lib_a-findfp.o)
                0x08003524                __sfp_lock_acquire
 .text.__sfp_lock_release
                0x08003530        0xc c:/progra~2/gnuarm~1/102021~1.10/bin/../lib/gcc/arm-none-eabi/10.3.1/../../../../arm-none-eabi/lib/thumb/v7e-m+fp/hard\libc_nano.a(lib_a-findfp.o)
                0x08003530                __sfp_lock_release
 .text.__sinit_lock_acquire
                0x0800353c        0xc c:/progra~2/gnuarm~1/102021~1.10/bin/../lib/gcc/arm-none-eabi/10.3.1/../../../../arm-none-eabi/lib/thumb/v7e-m+fp/hard\libc_nano.a(lib_a-findfp.o)
                0x0800353c                __sinit_lock_acquire
 .text.__sinit_lock_release
                0x08003548        0xc c:/progra~2/gnuarm~1/102021~1.10/bin/../lib/gcc/arm-none-eabi/10.3.1/../../../../arm-none-eabi/lib/thumb/v7e-m+fp/hard\libc_nano.a(lib_a-findfp.o)
                0x08003548                __sinit_lock_release
 .text.__sinit  0x08003554       0x70 c:/progra~2/gnuarm~1/102021~1.10/bin/../lib/gcc/arm-none-eabi/10.3.1/../../../../arm-none-eabi/lib/thumb/v7e-m+fp/hard\libc_nano.a(lib_a-findfp.o)
                0x08003554                __sinit
 .text.__sfp    0x080035c4       0x8c c:/progra~2/gnuarm~1/102021~1.10/bin/../lib/gcc/arm-none-eabi/10.3.1/../../../../arm-none-eabi/lib/thumb/v7e-m+fp/hard\libc_nano.a(lib_a-findfp.o)
                0x080035c4                __sfp
 .text._fwalk_reent
                0x08003650       0x3e c:/progra~2/gnuarm~1/102021~1.10/bin/../lib/gcc/arm-none-eabi/10.3.1/../../../../arm-none-eabi/lib/thumb/v7e-m+fp/hard\libc_nano.a(lib_a-fwalk.o)
                0x08003650                _fwalk_reent
 .text.__retarget_lock_init_recursive
                0x0800368e        0x2 c:/progra~2/gnuarm~1/102021~1.10/bin/../lib/gcc/arm-none-eabi/10.3.1/../../../../arm-none-eabi/lib/thumb/v7e-m+fp/hard\libc_nano.a(lib_a-lock.o)
                0x0800368e                __retarget_lock_init_recursive
 .text.__retarget_lock_acquire_recursive
                0x08003690        0x2 c:/progra~2/gnuarm~1/102021~1.10/bin/../lib/gcc/arm-none-eabi/10.3.1/../../../../arm-none-eabi/lib/thumb/v7e-m+fp/hard\libc_nano.a(lib_a-lock.o)
                0x08003690                __retarget_lock_acquire_recursive
 .text.__retarget_lock_release_recursive
                0x08003692        0x2 c:/progra~2/gnuarm~1/102021~1.10/bin/../lib/gcc/arm-none-eabi/10.3.1/../../../../arm-none-eabi/lib/thumb/v7e-m+fp/hard\libc_nano.a(lib_a-lock.o)
                0x08003692                __retarget_lock_release_recursive
 .text.__swhatbuf_r
                0x08003694       0x4a c:/progra~2/gnuarm~1/102021~1.10/bin/../lib/gcc/arm-none-eabi/10.3.1/../../../../arm-none-eabi/lib/thumb/v7e-m+fp/hard\libc_nano.a(lib_a-makebuf.o)
                0x08003694                __swhatbuf_r
 *fill*         0x080036de        0x2 
 .text.__smakebuf_r
                0x080036e0       0x80 c:/progra~2/gnuarm~1/102021~1.10/bin/../lib/gcc/arm-none-eabi/10.3.1/../../../../arm-none-eabi/lib/thumb/v7e-m+fp/hard\libc_nano.a(lib_a-makebuf.o)
                0x080036e0                __smakebuf_r
 .text._raise_r
                0x08003760       0x50 c:/progra~2/gnuarm~1/102021~1.10/bin/../lib/gcc/arm-none-eabi/10.3.1/../../../../arm-none-eabi/lib/thumb/v7e-m+fp/hard\libc_nano.a(lib_a-signal.o)
                0x08003760                _raise_r
 .text.raise    0x080037b0       0x10 c:/progra~2/gnuarm~1/102021~1.10/bin/../lib/gcc/arm-none-eabi/10.3.1/../../../../arm-none-eabi/lib/thumb/v7e-m+fp/hard\libc_nano.a(lib_a-signal.o)
                0x080037b0                raise
 .text._kill_r  0x080037c0       0x24 c:/progra~2/gnuarm~1/102021~1.10/bin/../lib/gcc/arm-none-eabi/10.3.1/../../../../arm-none-eabi/lib/thumb/v7e-m+fp/hard\libc_nano.a(lib_a-signalr.o)
                0x080037c0                _kill_r
 .text._getpid_r
                0x080037e4        0x4 c:/progra~2/gnuarm~1/102021~1.10/bin/../lib/gcc/arm-none-eabi/10.3.1/../../../../arm-none-eabi/lib/thumb/v7e-m+fp/hard\libc_nano.a(lib_a-signalr.o)
                0x080037e4                _getpid_r
 .text.__sread  0x080037e8       0x22 c:/progra~2/gnuarm~1/102021~1.10/bin/../lib/gcc/arm-none-eabi/10.3.1/../../../../arm-none-eabi/lib/thumb/v7e-m+fp/hard\libc_nano.a(lib_a-stdio.o)
                0x080037e8                __sread
 .text.__swrite
                0x0800380a       0x38 c:/progra~2/gnuarm~1/102021~1.10/bin/../lib/gcc/arm-none-eabi/10.3.1/../../../../arm-none-eabi/lib/thumb/v7e-m+fp/hard\libc_nano.a(lib_a-stdio.o)
                0x0800380a                __swrite
 .text.__sseek  0x08003842       0x24 c:/progra~2/gnuarm~1/102021~1.10/bin/../lib/gcc/arm-none-eabi/10.3.1/../../../../arm-none-eabi/lib/thumb/v7e-m+fp/hard\libc_nano.a(lib_a-stdio.o)
                0x08003842                __sseek
 .text.__sclose
                0x08003866        0x8 c:/progra~2/gnuarm~1/102021~1.10/bin/../lib/gcc/arm-none-eabi/10.3.1/../../../../arm-none-eabi/lib/thumb/v7e-m+fp/hard\libc_nano.a(lib_a-stdio.o)
                0x08003866                __sclose
 *fill*         0x0800386e        0x2 
 .text._write_r
                0x08003870       0x24 c:/progra~2/gnuarm~1/102021~1.10/bin/../lib/gcc/arm-none-eabi/10.3.1/../../../../arm-none-eabi/lib/thumb/v7e-m+fp/hard\libc_nano.a(lib_a-writer.o)
                0x08003870                _write_r
 .text._close_r
                0x08003894       0x20 c:/progra~2/gnuarm~1/102021~1.10/bin/../lib/gcc/arm-none-eabi/10.3.1/../../../../arm-none-eabi/lib/thumb/v7e-m+fp/hard\libc_nano.a(lib_a-closer.o)
                0x08003894                _close_r
 .text._fstat_r
                0x080038b4       0x24 c:/progra~2/gnuarm~1/102021~1.10/bin/../lib/gcc/arm-none-eabi/10.3.1/../../../../arm-none-eabi/lib/thumb/v7e-m+fp/hard\libc_nano.a(lib_a-fstatr.o)
                0x080038b4                _fstat_r
 .text._isatty_r
                0x080038d8       0x20 c:/progra~2/gnuarm~1/102021~1.10/bin/../lib/gcc/arm-none-eabi/10.3.1/../../../../arm-none-eabi/lib/thumb/v7e-m+fp/hard\libc_nano.a(lib_a-isattyr.o)
                0x080038d8                _isatty_r
 .text._lseek_r
                0x080038f8       0x24 c:/progra~2/gnuarm~1/102021~1.10/bin/../lib/gcc/arm-none-eabi/10.3.1/../../../../arm-none-eabi/lib/thumb/v7e-m+fp/hard\libc_nano.a(lib_a-lseekr.o)
                0x080038f8                _lseek_r
 .text._read_r  0x0800391c       0x24 c:/progra~2/gnuarm~1/102021~1.10/bin/../lib/gcc/arm-none-eabi/10.3.1/../../../../arm-none-eabi/lib/thumb/v7e-m+fp/hard\libc_nano.a(lib_a-readr.o)
                0x0800391c                _read_r
 .text.MX_GPIO_Init
                0x08003940       0x80 CMakeFiles/arpc-stm32f401-server-example.dir/Core/Src/main.c.obj
 .text.setLED   0x080039c0       0x14 CMakeFiles/arpc-stm32f401-server-example.dir/Core/Src/main.c.obj
                0x080039c0                setLED
 .text.sendByte
                0x080039d4       0x34 CMakeFiles/arpc-stm32f401-server-example.dir/Core/Src/main.c.obj
                0x080039d4                sendByte
 .text.shutdown
                0x08003a08       0x1c CMakeFiles/arpc-stm32f401-server-example.dir/Core/Src/main.c.obj
                0x08003a08                shutdown
 .text.Error_Handler
                0x08003a24        0x4 CMakeFiles/arpc-stm32f401-server-example.dir/Core/Src/main.c.obj
                0x08003a24                Error_Handler
 .text.MX_USART1_UART_Init
                0x08003a28       0x34 CMakeFiles/arpc-stm32f401-server-example.dir/Core/Src/main.c.obj
 .text.SystemClock_Config
                0x08003a5c       0xac CMakeFiles/arpc-stm32f401-server-example.dir/Core/Src/main.c.obj
                0x08003a5c                SystemClock_Config
 .text.main     0x08003b08       0x1e CMakeFiles/arpc-stm32f401-server-example.dir/Core/Src/main.c.obj
                0x08003b08                main
 .text.NMI_Handler
                0x08003b26        0x2 CMakeFiles/arpc-stm32f401-server-example.dir/Core/Src/stm32f4xx_it.c.obj
                0x08003b26                NMI_Handler
 .text.HardFault_Handler
                0x08003b28        0x2 CMakeFiles/arpc-stm32f401-server-example.dir/Core/Src/stm32f4xx_it.c.obj
                0x08003b28                HardFault_Handler
 .text.MemManage_Handler
                0x08003b2a        0x2 CMakeFiles/arpc-stm32f401-server-example.dir/Core/Src/stm32f4xx_it.c.obj
                0x08003b2a                MemManage_Handler
 .text.BusFault_Handler
                0x08003b2c        0x2 CMakeFiles/arpc-stm32f401-server-example.dir/Core/Src/stm32f4xx_it.c.obj
                0x08003b2c                BusFault_Handler
 .text.UsageFault_Handler
                0x08003b2e        0x2 CMakeFiles/arpc-stm32f401-server-example.dir/Core/Src/stm32f4xx_it.c.obj
                0x08003b2e                UsageFault_Handler
 .text.SVC_Handler
                0x08003b30        0x2 CMakeFiles/arpc-stm32f401-server-example.dir/Core/Src/stm32f4xx_it.c.obj
                0x08003b30                SVC_Handler
 .text.DebugMon_Handler
                0x08003b32        0x2 CMakeFiles/arpc-stm32f401-server-example.dir/Core/Src/stm32f4xx_it.c.obj
                0x08003b32                DebugMon_Handler
 .text.PendSV_Handler
                0x08003b34        0x2 CMakeFiles/arpc-stm32f401-server-example.dir/Core/Src/stm32f4xx_it.c.obj
                0x08003b34                PendSV_Handler
 .text.SysTick_Handler
                0x08003b36        0x8 CMakeFiles/arpc-stm32f401-server-example.dir/Core/Src/stm32f4xx_it.c.obj
                0x08003b36                SysTick_Handler
 *fill*         0x08003b3e        0x2 
 .text.OTG_FS_IRQHandler
                0x08003b40       0x10 CMakeFiles/arpc-stm32f401-server-example.dir/Core/Src/stm32f4xx_it.c.obj
                0x08003b40                OTG_FS_IRQHandler
 .text.HAL_MspInit
                0x08003b50       0x38 CMakeFiles/arpc-stm32f401-server-example.dir/Core/Src/stm32f4xx_hal_msp.c.obj
                0x08003b50                HAL_MspInit
 .text.HAL_UART_MspInit
                0x08003b88       0x74 CMakeFiles/arpc-stm32f401-server-example.dir/Core/Src/stm32f4xx_hal_msp.c.obj
                0x08003b88                HAL_UART_MspInit
 .text.MX_USB_DEVICE_Init
                0x08003bfc       0x54 CMakeFiles/arpc-stm32f401-server-example.dir/USB_DEVICE/App/usb_device.c.obj
                0x08003bfc                MX_USB_DEVICE_Init
 .text.USBD_FS_DeviceDescriptor
                0x08003c50        0xc CMakeFiles/arpc-stm32f401-server-example.dir/USB_DEVICE/App/usbd_desc.c.obj
                0x08003c50                USBD_FS_DeviceDescriptor
 .text.USBD_FS_LangIDStrDescriptor
                0x08003c5c        0xc CMakeFiles/arpc-stm32f401-server-example.dir/USB_DEVICE/App/usbd_desc.c.obj
                0x08003c5c                USBD_FS_LangIDStrDescriptor
 .text.IntToUnicode
                0x08003c68       0x46 CMakeFiles/arpc-stm32f401-server-example.dir/USB_DEVICE/App/usbd_desc.c.obj
 *fill*         0x08003cae        0x2 
 .text.Get_SerialNum
                0x08003cb0       0x38 CMakeFiles/arpc-stm32f401-server-example.dir/USB_DEVICE/App/usbd_desc.c.obj
 .text.USBD_FS_SerialStrDescriptor
                0x08003ce8       0x14 CMakeFiles/arpc-stm32f401-server-example.dir/USB_DEVICE/App/usbd_desc.c.obj
                0x08003ce8                USBD_FS_SerialStrDescriptor
 .text.USBD_FS_ProductStrDescriptor
                0x08003cfc       0x24 CMakeFiles/arpc-stm32f401-server-example.dir/USB_DEVICE/App/usbd_desc.c.obj
                0x08003cfc                USBD_FS_ProductStrDescriptor
 .text.USBD_FS_ManufacturerStrDescriptor
                0x08003d20       0x1c CMakeFiles/arpc-stm32f401-server-example.dir/USB_DEVICE/App/usbd_desc.c.obj
                0x08003d20                USBD_FS_ManufacturerStrDescriptor
 .text.USBD_FS_ConfigStrDescriptor
                0x08003d3c       0x24 CMakeFiles/arpc-stm32f401-server-example.dir/USB_DEVICE/App/usbd_desc.c.obj
                0x08003d3c                USBD_FS_ConfigStrDescriptor
 .text.USBD_FS_InterfaceStrDescriptor
                0x08003d60       0x24 CMakeFiles/arpc-stm32f401-server-example.dir/USB_DEVICE/App/usbd_desc.c.obj
                0x08003d60                USBD_FS_InterfaceStrDescriptor
 .text.CDC_DeInit_FS
                0x08003d84        0x4 CMakeFiles/arpc-stm32f401-server-example.dir/USB_DEVICE/App/usbd_cdc_if.c.obj
 .text.CDC_Control_FS
                0x08003d88        0x4 CMakeFiles/arpc-stm32f401-server-example.dir/USB_DEVICE/App/usbd_cdc_if.c.obj
 .text.CDC_TransmitCplt_FS
                0x08003d8c        0x4 CMakeFiles/arpc-stm32f401-server-example.dir/USB_DEVICE/App/usbd_cdc_if.c.obj
 .text.CDC_Init_FS
                0x08003d90       0x28 CMakeFiles/arpc-stm32f401-server-example.dir/USB_DEVICE/App/usbd_cdc_if.c.obj
 .text.CDC_Transmit_FS
                0x08003db8       0x2c CMakeFiles/arpc-stm32f401-server-example.dir/USB_DEVICE/App/usbd_cdc_if.c.obj
                0x08003db8                CDC_Transmit_FS
 .text.CDC_Receive_FS
                0x08003de4       0x48 CMakeFiles/arpc-stm32f401-server-example.dir/USB_DEVICE/App/usbd_cdc_if.c.obj
 .text.HAL_PCD_MspInit
                0x08003e2c       0x84 CMakeFiles/arpc-stm32f401-server-example.dir/USB_DEVICE/Target/usbd_conf.c.obj
                0x08003e2c                HAL_PCD_MspInit
 .text.HAL_PCD_SetupStageCallback
                0x08003eb0       0x10 CMakeFiles/arpc-stm32f401-server-example.dir/USB_DEVICE/Target/usbd_conf.c.obj
                0x08003eb0                HAL_PCD_SetupStageCallback
 .text.HAL_PCD_DataOutStageCallback
                0x08003ec0       0x18 CMakeFiles/arpc-stm32f401-server-example.dir/USB_DEVICE/Target/usbd_conf.c.obj
                0x08003ec0                HAL_PCD_DataOutStageCallback
 .text.HAL_PCD_DataInStageCallback
                0x08003ed8       0x16 CMakeFiles/arpc-stm32f401-server-example.dir/USB_DEVICE/Target/usbd_conf.c.obj
                0x08003ed8                HAL_PCD_DataInStageCallback
 .text.HAL_PCD_SOFCallback
                0x08003eee        0xc CMakeFiles/arpc-stm32f401-server-example.dir/USB_DEVICE/Target/usbd_conf.c.obj
                0x08003eee                HAL_PCD_SOFCallback
 .text.HAL_PCD_ResetCallback
                0x08003efa       0x24 CMakeFiles/arpc-stm32f401-server-example.dir/USB_DEVICE/Target/usbd_conf.c.obj
                0x08003efa                HAL_PCD_ResetCallback
 *fill*         0x08003f1e        0x2 
 .text.HAL_PCD_SuspendCallback
                0x08003f20       0x30 CMakeFiles/arpc-stm32f401-server-example.dir/USB_DEVICE/Target/usbd_conf.c.obj
                0x08003f20                HAL_PCD_SuspendCallback
 .text.HAL_PCD_ResumeCallback
                0x08003f50        0xc CMakeFiles/arpc-stm32f401-server-example.dir/USB_DEVICE/Target/usbd_conf.c.obj
                0x08003f50                HAL_PCD_ResumeCallback
 .text.HAL_PCD_ISOOUTIncompleteCallback
                0x08003f5c        0xc CMakeFiles/arpc-stm32f401-server-example.dir/USB_DEVICE/Target/usbd_conf.c.obj
                0x08003f5c                HAL_PCD_ISOOUTIncompleteCallback
 .text.HAL_PCD_ISOINIncompleteCallback
                0x08003f68        0xc CMakeFiles/arpc-stm32f401-server-example.dir/USB_DEVICE/Target/usbd_conf.c.obj
                0x08003f68                HAL_PCD_ISOINIncompleteCallback
 .text.HAL_PCD_ConnectCallback
                0x08003f74        0xc CMakeFiles/arpc-stm32f401-server-example.dir/USB_DEVICE/Target/usbd_conf.c.obj
                0x08003f74                HAL_PCD_ConnectCallback
 .text.HAL_PCD_DisconnectCallback
                0x08003f80        0xc CMakeFiles/arpc-stm32f401-server-example.dir/USB_DEVICE/Target/usbd_conf.c.obj
                0x08003f80                HAL_PCD_DisconnectCallback
 .text.USBD_LL_Init
                0x08003f8c       0x68 CMakeFiles/arpc-stm32f401-server-example.dir/USB_DEVICE/Target/usbd_conf.c.obj
                0x08003f8c                USBD_LL_Init
 .text.USBD_LL_IsStallEP
                0x08003ff4       0x2e CMakeFiles/arpc-stm32f401-server-example.dir/USB_DEVICE/Target/usbd_conf.c.obj
                0x08003ff4                USBD_LL_IsStallEP
 .text.USBD_LL_GetRxDataSize
                0x08004022        0xc CMakeFiles/arpc-stm32f401-server-example.dir/USB_DEVICE/Target/usbd_conf.c.obj
                0x08004022                USBD_LL_GetRxDataSize
 *fill*         0x0800402e        0x2 
 .text.USBD_static_malloc
                0x08004030        0x8 CMakeFiles/arpc-stm32f401-server-example.dir/USB_DEVICE/Target/usbd_conf.c.obj
                0x08004030                USBD_static_malloc
 .text.USBD_static_free
                0x08004038        0x2 CMakeFiles/arpc-stm32f401-server-example.dir/USB_DEVICE/Target/usbd_conf.c.obj
                0x08004038                USBD_static_free
 .text.USBD_Get_USB_Status
                0x0800403a       0x14 CMakeFiles/arpc-stm32f401-server-example.dir/USB_DEVICE/Target/usbd_conf.c.obj
                0x0800403a                USBD_Get_USB_Status
 .text.USBD_LL_Start
                0x0800404e       0x10 CMakeFiles/arpc-stm32f401-server-example.dir/USB_DEVICE/Target/usbd_conf.c.obj
                0x0800404e                USBD_LL_Start
 .text.USBD_LL_OpenEP
                0x0800405e       0x16 CMakeFiles/arpc-stm32f401-server-example.dir/USB_DEVICE/Target/usbd_conf.c.obj
                0x0800405e                USBD_LL_OpenEP
 .text.USBD_LL_CloseEP
                0x08004074       0x10 CMakeFiles/arpc-stm32f401-server-example.dir/USB_DEVICE/Target/usbd_conf.c.obj
                0x08004074                USBD_LL_CloseEP
 .text.USBD_LL_StallEP
                0x08004084       0x10 CMakeFiles/arpc-stm32f401-server-example.dir/USB_DEVICE/Target/usbd_conf.c.obj
                0x08004084                USBD_LL_StallEP
 .text.USBD_LL_ClearStallEP
                0x08004094       0x10 CMakeFiles/arpc-stm32f401-server-example.dir/USB_DEVICE/Target/usbd_conf.c.obj
                0x08004094                USBD_LL_ClearStallEP
 .text.USBD_LL_SetUSBAddress
                0x080040a4       0x10 CMakeFiles/arpc-stm32f401-server-example.dir/USB_DEVICE/Target/usbd_conf.c.obj
                0x080040a4                USBD_LL_SetUSBAddress
 .text.USBD_LL_Transmit
                0x080040b4       0x10 CMakeFiles/arpc-stm32f401-server-example.dir/USB_DEVICE/Target/usbd_conf.c.obj
                0x080040b4                USBD_LL_Transmit
 .text.USBD_LL_PrepareReceive
                0x080040c4       0x10 CMakeFiles/arpc-stm32f401-server-example.dir/USB_DEVICE/Target/usbd_conf.c.obj
                0x080040c4                USBD_LL_PrepareReceive
 .text.PCD_WriteEmptyTxFifo
                0x080040d4       0xd0 CMakeFiles/arpc-stm32f401-server-example.dir/Drivers/STM32F4xx_HAL_Driver/Src/stm32f4xx_hal_pcd.c.obj
 .text.HAL_PCD_Init
                0x080041a4      0x12e CMakeFiles/arpc-stm32f401-server-example.dir/Drivers/STM32F4xx_HAL_Driver/Src/stm32f4xx_hal_pcd.c.obj
                0x080041a4                HAL_PCD_Init
 .text.HAL_PCD_Start
                0x080042d2       0x42 CMakeFiles/arpc-stm32f401-server-example.dir/Drivers/STM32F4xx_HAL_Driver/Src/stm32f4xx_hal_pcd.c.obj
                0x080042d2                HAL_PCD_Start
 .text.PCD_EP_OutXfrComplete_int
                0x08004314      0x104 CMakeFiles/arpc-stm32f401-server-example.dir/Drivers/STM32F4xx_HAL_Driver/Src/stm32f4xx_hal_pcd.c.obj
 .text.PCD_EP_OutSetupPacket_int
                0x08004418       0x50 CMakeFiles/arpc-stm32f401-server-example.dir/Drivers/STM32F4xx_HAL_Driver/Src/stm32f4xx_hal_pcd.c.obj
 .text.HAL_PCD_SetAddress
                0x08004468       0x28 CMakeFiles/arpc-stm32f401-server-example.dir/Drivers/STM32F4xx_HAL_Driver/Src/stm32f4xx_hal_pcd.c.obj
                0x08004468                HAL_PCD_SetAddress
 .text.HAL_PCD_EP_Open
                0x08004490       0x8a CMakeFiles/arpc-stm32f401-server-example.dir/Drivers/STM32F4xx_HAL_Driver/Src/stm32f4xx_hal_pcd.c.obj
                0x08004490                HAL_PCD_EP_Open
 .text.HAL_PCD_EP_Close
                0x0800451a       0x72 CMakeFiles/arpc-stm32f401-server-example.dir/Drivers/STM32F4xx_HAL_Driver/Src/stm32f4xx_hal_pcd.c.obj
                0x0800451a                HAL_PCD_EP_Close
 .text.HAL_PCD_EP_Receive
                0x0800458c       0x5e CMakeFiles/arpc-stm32f401-server-example.dir/Drivers/STM32F4xx_HAL_Driver/Src/stm32f4xx_hal_pcd.c.obj
                0x0800458c                HAL_PCD_EP_Receive
 .text.HAL_PCD_EP_GetRxCount
                0x080045ea       0x12 CMakeFiles/arpc-stm32f401-server-example.dir/Drivers/STM32F4xx_HAL_Driver/Src/stm32f4xx_hal_pcd.c.obj
                0x080045ea                HAL_PCD_EP_GetRxCount
 .text.HAL_PCD_EP_Transmit
                0x080045fc       0x5e CMakeFiles/arpc-stm32f401-server-example.dir/Drivers/STM32F4xx_HAL_Driver/Src/stm32f4xx_hal_pcd.c.obj
                0x080045fc                HAL_PCD_EP_Transmit
 .text.HAL_PCD_EP_SetStall
                0x0800465a       0x88 CMakeFiles/arpc-stm32f401-server-example.dir/Drivers/STM32F4xx_HAL_Driver/Src/stm32f4xx_hal_pcd.c.obj
                0x0800465a                HAL_PCD_EP_SetStall
 .text.HAL_PCD_EP_ClrStall
                0x080046e2       0x76 CMakeFiles/arpc-stm32f401-server-example.dir/Drivers/STM32F4xx_HAL_Driver/Src/stm32f4xx_hal_pcd.c.obj
                0x080046e2                HAL_PCD_EP_ClrStall
 .text.HAL_PCD_EP_Abort
                0x08004758       0x34 CMakeFiles/arpc-stm32f401-server-example.dir/Drivers/STM32F4xx_HAL_Driver/Src/stm32f4xx_hal_pcd.c.obj
                0x08004758                HAL_PCD_EP_Abort
 .text.HAL_PCD_IRQHandler
                0x0800478c      0x5c4 CMakeFiles/arpc-stm32f401-server-example.dir/Drivers/STM32F4xx_HAL_Driver/Src/stm32f4xx_hal_pcd.c.obj
                0x0800478c                HAL_PCD_IRQHandler
 .text.HAL_PCDEx_SetTxFiFo
                0x08004d50       0x4c CMakeFiles/arpc-stm32f401-server-example.dir/Drivers/STM32F4xx_HAL_Driver/Src/stm32f4xx_hal_pcd_ex.c.obj
                0x08004d50                HAL_PCDEx_SetTxFiFo
 .text.HAL_PCDEx_SetRxFiFo
                0x08004d9c        0x8 CMakeFiles/arpc-stm32f401-server-example.dir/Drivers/STM32F4xx_HAL_Driver/Src/stm32f4xx_hal_pcd_ex.c.obj
                0x08004d9c                HAL_PCDEx_SetRxFiFo
 .text.HAL_PCDEx_LPM_Callback
                0x08004da4        0x2 CMakeFiles/arpc-stm32f401-server-example.dir/Drivers/STM32F4xx_HAL_Driver/Src/stm32f4xx_hal_pcd_ex.c.obj
                0x08004da4                HAL_PCDEx_LPM_Callback
 *fill*         0x08004da6        0x2 
 .text.USB_CoreReset
                0x08004da8       0x50 CMakeFiles/arpc-stm32f401-server-example.dir/Drivers/STM32F4xx_HAL_Driver/Src/stm32f4xx_ll_usb.c.obj
 .text.USB_CoreInit
                0x08004df8       0x8a CMakeFiles/arpc-stm32f401-server-example.dir/Drivers/STM32F4xx_HAL_Driver/Src/stm32f4xx_ll_usb.c.obj
                0x08004df8                USB_CoreInit
 *fill*         0x08004e82        0x2 
 .text.USB_SetTurnaroundTime
                0x08004e84       0xe4 CMakeFiles/arpc-stm32f401-server-example.dir/Drivers/STM32F4xx_HAL_Driver/Src/stm32f4xx_ll_usb.c.obj
                0x08004e84                USB_SetTurnaroundTime
 .text.USB_EnableGlobalInt
                0x08004f68        0xc CMakeFiles/arpc-stm32f401-server-example.dir/Drivers/STM32F4xx_HAL_Driver/Src/stm32f4xx_ll_usb.c.obj
                0x08004f68                USB_EnableGlobalInt
 .text.USB_DisableGlobalInt
                0x08004f74        0xc CMakeFiles/arpc-stm32f401-server-example.dir/Drivers/STM32F4xx_HAL_Driver/Src/stm32f4xx_ll_usb.c.obj
                0x08004f74                USB_DisableGlobalInt
 .text.USB_FlushTxFifo
                0x08004f80       0x50 CMakeFiles/arpc-stm32f401-server-example.dir/Drivers/STM32F4xx_HAL_Driver/Src/stm32f4xx_ll_usb.c.obj
                0x08004f80                USB_FlushTxFifo
 .text.USB_FlushRxFifo
                0x08004fd0       0x4c CMakeFiles/arpc-stm32f401-server-example.dir/Drivers/STM32F4xx_HAL_Driver/Src/stm32f4xx_ll_usb.c.obj
                0x08004fd0                USB_FlushRxFifo
 .text.USB_SetDevSpeed
                0x0800501c        0xe CMakeFiles/arpc-stm32f401-server-example.dir/Drivers/STM32F4xx_HAL_Driver/Src/stm32f4xx_ll_usb.c.obj
                0x0800501c                USB_SetDevSpeed
 *fill*         0x0800502a        0x2 
 .text.USB_DevInit
                0x0800502c      0x190 CMakeFiles/arpc-stm32f401-server-example.dir/Drivers/STM32F4xx_HAL_Driver/Src/stm32f4xx_ll_usb.c.obj
                0x0800502c                USB_DevInit
 .text.USB_GetDevSpeed
                0x080051bc       0x22 CMakeFiles/arpc-stm32f401-server-example.dir/Drivers/STM32F4xx_HAL_Driver/Src/stm32f4xx_ll_usb.c.obj
                0x080051bc                USB_GetDevSpeed
 .text.USB_ActivateEndpoint
                0x080051de       0x9c CMakeFiles/arpc-stm32f401-server-example.dir/Drivers/STM32F4xx_HAL_Driver/Src/stm32f4xx_ll_usb.c.obj
                0x080051de                USB_ActivateEndpoint
 *fill*         0x0800527a        0x2 
 .text.USB_DeactivateEndpoint
                0x0800527c       0xe0 CMakeFiles/arpc-stm32f401-server-example.dir/Drivers/STM32F4xx_HAL_Driver/Src/stm32f4xx_ll_usb.c.obj
                0x0800527c                USB_DeactivateEndpoint
 .text.USB_EP0StartXfer
                0x0800535c      0x124 CMakeFiles/arpc-stm32f401-server-example.dir/Drivers/STM32F4xx_HAL_Driver/Src/stm32f4xx_ll_usb.c.obj
                0x0800535c                USB_EP0StartXfer
 .text.USB_EPStopXfer
                0x08005480       0xbe CMakeFiles/arpc-stm32f401-server-example.dir/Drivers/STM32F4xx_HAL_Driver/Src/stm32f4xx_ll_usb.c.obj
                0x08005480                USB_EPStopXfer
 .text.USB_WritePacket
                0x0800553e       0x2e CMakeFiles/arpc-stm32f401-server-example.dir/Drivers/STM32F4xx_HAL_Driver/Src/stm32f4xx_ll_usb.c.obj
                0x0800553e                USB_WritePacket
 .text.USB_EPStartXfer
                0x0800556c      0x234 CMakeFiles/arpc-stm32f401-server-example.dir/Drivers/STM32F4xx_HAL_Driver/Src/stm32f4xx_ll_usb.c.obj
                0x0800556c                USB_EPStartXfer
 .text.USB_ReadPacket
                0x080057a0       0x54 CMakeFiles/arpc-stm32f401-server-example.dir/Drivers/STM32F4xx_HAL_Driver/Src/stm32f4xx_ll_usb.c.obj
                0x080057a0                USB_ReadPacket
 .text.USB_EPSetStall
                0x080057f4       0x5a CMakeFiles/arpc-stm32f401-server-example.dir/Drivers/STM32F4xx_HAL_Driver/Src/stm32f4xx_ll_usb.c.obj
                0x080057f4                USB_EPSetStall
 .text.USB_EPClearStall
                0x0800584e       0x5c CMakeFiles/arpc-stm32f401-server-example.dir/Drivers/STM32F4xx_HAL_Driver/Src/stm32f4xx_ll_usb.c.obj
                0x0800584e                USB_EPClearStall
 .text.USB_SetDevAddress
                0x080058aa       0x20 CMakeFiles/arpc-stm32f401-server-example.dir/Drivers/STM32F4xx_HAL_Driver/Src/stm32f4xx_ll_usb.c.obj
                0x080058aa                USB_SetDevAddress
 .text.USB_DevConnect
                0x080058ca       0x1c CMakeFiles/arpc-stm32f401-server-example.dir/Drivers/STM32F4xx_HAL_Driver/Src/stm32f4xx_ll_usb.c.obj
                0x080058ca                USB_DevConnect
 .text.USB_DevDisconnect
                0x080058e6       0x1c CMakeFiles/arpc-stm32f401-server-example.dir/Drivers/STM32F4xx_HAL_Driver/Src/stm32f4xx_ll_usb.c.obj
                0x080058e6                USB_DevDisconnect
 .text.USB_ReadInterrupts
                0x08005902        0x8 CMakeFiles/arpc-stm32f401-server-example.dir/Drivers/STM32F4xx_HAL_Driver/Src/stm32f4xx_ll_usb.c.obj
                0x08005902                USB_ReadInterrupts
 .text.USB_ReadDevAllOutEpInterrupt
                0x0800590a       0x10 CMakeFiles/arpc-stm32f401-server-example.dir/Drivers/STM32F4xx_HAL_Driver/Src/stm32f4xx_ll_usb.c.obj
                0x0800590a                USB_ReadDevAllOutEpInterrupt
 .text.USB_ReadDevAllInEpInterrupt
                0x0800591a       0x10 CMakeFiles/arpc-stm32f401-server-example.dir/Drivers/STM32F4xx_HAL_Driver/Src/stm32f4xx_ll_usb.c.obj
                0x0800591a                USB_ReadDevAllInEpInterrupt
 .text.USB_ReadDevOutEPInterrupt
                0x0800592a       0x12 CMakeFiles/arpc-stm32f401-server-example.dir/Drivers/STM32F4xx_HAL_Driver/Src/stm32f4xx_ll_usb.c.obj
                0x0800592a                USB_ReadDevOutEPInterrupt
 .text.USB_ReadDevInEPInterrupt
                0x0800593c       0x28 CMakeFiles/arpc-stm32f401-server-example.dir/Drivers/STM32F4xx_HAL_Driver/Src/stm32f4xx_ll_usb.c.obj
                0x0800593c                USB_ReadDevInEPInterrupt
 .text.USB_GetMode
                0x08005964        0x8 CMakeFiles/arpc-stm32f401-server-example.dir/Drivers/STM32F4xx_HAL_Driver/Src/stm32f4xx_ll_usb.c.obj
                0x08005964                USB_GetMode
 .text.USB_SetCurrentMode
                0x0800596c       0x62 CMakeFiles/arpc-stm32f401-server-example.dir/Drivers/STM32F4xx_HAL_Driver/Src/stm32f4xx_ll_usb.c.obj
                0x0800596c                USB_SetCurrentMode
 .text.USB_ActivateSetup
                0x080059ce       0x20 CMakeFiles/arpc-stm32f401-server-example.dir/Drivers/STM32F4xx_HAL_Driver/Src/stm32f4xx_ll_usb.c.obj
                0x080059ce                USB_ActivateSetup
 *fill*         0x080059ee        0x2 
 .text.USB_EP0_OutStart
                0x080059f0       0x60 CMakeFiles/arpc-stm32f401-server-example.dir/Drivers/STM32F4xx_HAL_Driver/Src/stm32f4xx_ll_usb.c.obj
                0x080059f0                USB_EP0_OutStart
 .text.HAL_RCC_OscConfig
                0x08005a50      0x3f8 CMakeFiles/arpc-stm32f401-server-example.dir/Drivers/STM32F4xx_HAL_Driver/Src/stm32f4xx_hal_rcc.c.obj
                0x08005a50                HAL_RCC_OscConfig
 .text.HAL_RCC_GetSysClockFreq
                0x08005e48       0xa4 CMakeFiles/arpc-stm32f401-server-example.dir/Drivers/STM32F4xx_HAL_Driver/Src/stm32f4xx_hal_rcc.c.obj
                0x08005e48                HAL_RCC_GetSysClockFreq
 .text.HAL_RCC_ClockConfig
                0x08005eec      0x160 CMakeFiles/arpc-stm32f401-server-example.dir/Drivers/STM32F4xx_HAL_Driver/Src/stm32f4xx_hal_rcc.c.obj
                0x08005eec                HAL_RCC_ClockConfig
 .text.HAL_RCC_GetHCLKFreq
                0x0800604c        0xc CMakeFiles/arpc-stm32f401-server-example.dir/Drivers/STM32F4xx_HAL_Driver/Src/stm32f4xx_hal_rcc.c.obj
                0x0800604c                HAL_RCC_GetHCLKFreq
 .text.HAL_RCC_GetPCLK1Freq
                0x08006058       0x20 CMakeFiles/arpc-stm32f401-server-example.dir/Drivers/STM32F4xx_HAL_Driver/Src/stm32f4xx_hal_rcc.c.obj
                0x08006058                HAL_RCC_GetPCLK1Freq
 .text.HAL_RCC_GetPCLK2Freq
                0x08006078       0x20 CMakeFiles/arpc-stm32f401-server-example.dir/Drivers/STM32F4xx_HAL_Driver/Src/stm32f4xx_hal_rcc.c.obj
                0x08006078                HAL_RCC_GetPCLK2Freq
 .text.HAL_GPIO_Init
                0x08006098      0x1c0 CMakeFiles/arpc-stm32f401-server-example.dir/Drivers/STM32F4xx_HAL_Driver/Src/stm32f4xx_hal_gpio.c.obj
                0x08006098                HAL_GPIO_Init
 .text.HAL_GPIO_WritePin
                0x08006258        0xc CMakeFiles/arpc-stm32f401-server-example.dir/Drivers/STM32F4xx_HAL_Driver/Src/stm32f4xx_hal_gpio.c.obj
                0x08006258                HAL_GPIO_WritePin
 .text.HAL_GPIO_TogglePin
                0x08006264       0x12 CMakeFiles/arpc-stm32f401-server-example.dir/Drivers/STM32F4xx_HAL_Driver/Src/stm32f4xx_hal_gpio.c.obj
                0x08006264                HAL_GPIO_TogglePin
 *fill*         0x08006276        0x2 
 .text.HAL_NVIC_SetPriorityGrouping
                0x08006278       0x24 CMakeFiles/arpc-stm32f401-server-example.dir/Drivers/STM32F4xx_HAL_Driver/Src/stm32f4xx_hal_cortex.c.obj
                0x08006278                HAL_NVIC_SetPriorityGrouping
 .text.HAL_NVIC_SetPriority
                0x0800629c       0x70 CMakeFiles/arpc-stm32f401-server-example.dir/Drivers/STM32F4xx_HAL_Driver/Src/stm32f4xx_hal_cortex.c.obj
                0x0800629c                HAL_NVIC_SetPriority
 .text.HAL_NVIC_EnableIRQ
                0x0800630c       0x1c CMakeFiles/arpc-stm32f401-server-example.dir/Drivers/STM32F4xx_HAL_Driver/Src/stm32f4xx_hal_cortex.c.obj
                0x0800630c                HAL_NVIC_EnableIRQ
 .text.HAL_SYSTICK_Config
                0x08006328       0x28 CMakeFiles/arpc-stm32f401-server-example.dir/Drivers/STM32F4xx_HAL_Driver/Src/stm32f4xx_hal_cortex.c.obj
                0x08006328                HAL_SYSTICK_Config
 .text.HAL_InitTick
                0x08006350       0x4c CMakeFiles/arpc-stm32f401-server-example.dir/Drivers/STM32F4xx_HAL_Driver/Src/stm32f4xx_hal.c.obj
                0x08006350                HAL_InitTick
 .text.HAL_Init
                0x0800639c       0x34 CMakeFiles/arpc-stm32f401-server-example.dir/Drivers/STM32F4xx_HAL_Driver/Src/stm32f4xx_hal.c.obj
                0x0800639c                HAL_Init
 .text.HAL_IncTick
                0x080063d0       0x18 CMakeFiles/arpc-stm32f401-server-example.dir/Drivers/STM32F4xx_HAL_Driver/Src/stm32f4xx_hal.c.obj
                0x080063d0                HAL_IncTick
 .text.HAL_GetTick
                0x080063e8        0xc CMakeFiles/arpc-stm32f401-server-example.dir/Drivers/STM32F4xx_HAL_Driver/Src/stm32f4xx_hal.c.obj
                0x080063e8                HAL_GetTick
 .text.HAL_Delay
                0x080063f4       0x28 CMakeFiles/arpc-stm32f401-server-example.dir/Drivers/STM32F4xx_HAL_Driver/Src/stm32f4xx_hal.c.obj
                0x080063f4                HAL_Delay
 .text.UART_SetConfig
                0x0800641c      0x110 CMakeFiles/arpc-stm32f401-server-example.dir/Drivers/STM32F4xx_HAL_Driver/Src/stm32f4xx_hal_uart.c.obj
 .text.HAL_UART_Init
                0x0800652c       0x5e CMakeFiles/arpc-stm32f401-server-example.dir/Drivers/STM32F4xx_HAL_Driver/Src/stm32f4xx_hal_uart.c.obj
                0x0800652c                HAL_UART_Init
 *fill*         0x0800658a        0x2 
 .text.SystemInit
                0x0800658c       0x14 CMakeFiles/arpc-stm32f401-server-example.dir/Core/Src/system_stm32f4xx.c.obj
                0x0800658c                SystemInit
 .text.USBD_Init
                0x080065a0       0x2e CMakeFiles/arpc-stm32f401-server-example.dir/Middlewares/ST/STM32_USB_Device_Library/Core/Src/usbd_core.c.obj
                0x080065a0                USBD_Init
 .text.USBD_RegisterClass
                0x080065ce       0x34 CMakeFiles/arpc-stm32f401-server-example.dir/Middlewares/ST/STM32_USB_Device_Library/Core/Src/usbd_core.c.obj
                0x080065ce                USBD_RegisterClass
 .text.USBD_Start
                0x08006602        0x8 CMakeFiles/arpc-stm32f401-server-example.dir/Middlewares/ST/STM32_USB_Device_Library/Core/Src/usbd_core.c.obj
                0x08006602                USBD_Start
 .text.USBD_SetClassConfig
                0x0800660a       0x12 CMakeFiles/arpc-stm32f401-server-example.dir/Middlewares/ST/STM32_USB_Device_Library/Core/Src/usbd_core.c.obj
                0x0800660a                USBD_SetClassConfig
 .text.USBD_ClrClassConfig
                0x0800661c       0x12 CMakeFiles/arpc-stm32f401-server-example.dir/Middlewares/ST/STM32_USB_Device_Library/Core/Src/usbd_core.c.obj
                0x0800661c                USBD_ClrClassConfig
 .text.USBD_LL_SetupStage
                0x0800662e       0x58 CMakeFiles/arpc-stm32f401-server-example.dir/Middlewares/ST/STM32_USB_Device_Library/Core/Src/usbd_core.c.obj
                0x0800662e                USBD_LL_SetupStage
 .text.USBD_LL_Reset
                0x08006686       0x64 CMakeFiles/arpc-stm32f401-server-example.dir/Middlewares/ST/STM32_USB_Device_Library/Core/Src/usbd_core.c.obj
                0x08006686                USBD_LL_Reset
 .text.USBD_LL_SetSpeed
                0x080066ea        0x6 CMakeFiles/arpc-stm32f401-server-example.dir/Middlewares/ST/STM32_USB_Device_Library/Core/Src/usbd_core.c.obj
                0x080066ea                USBD_LL_SetSpeed
 .text.USBD_LL_Suspend
                0x080066f0       0x14 CMakeFiles/arpc-stm32f401-server-example.dir/Middlewares/ST/STM32_USB_Device_Library/Core/Src/usbd_core.c.obj
                0x080066f0                USBD_LL_Suspend
 .text.USBD_LL_Resume
                0x08006704       0x1a CMakeFiles/arpc-stm32f401-server-example.dir/Middlewares/ST/STM32_USB_Device_Library/Core/Src/usbd_core.c.obj
                0x08006704                USBD_LL_Resume
 .text.USBD_LL_SOF
                0x0800671e       0x22 CMakeFiles/arpc-stm32f401-server-example.dir/Middlewares/ST/STM32_USB_Device_Library/Core/Src/usbd_core.c.obj
                0x0800671e                USBD_LL_SOF
 .text.USBD_LL_IsoINIncomplete
                0x08006740       0x2e CMakeFiles/arpc-stm32f401-server-example.dir/Middlewares/ST/STM32_USB_Device_Library/Core/Src/usbd_core.c.obj
                0x08006740                USBD_LL_IsoINIncomplete
 .text.USBD_LL_IsoOUTIncomplete
                0x0800676e       0x2e CMakeFiles/arpc-stm32f401-server-example.dir/Middlewares/ST/STM32_USB_Device_Library/Core/Src/usbd_core.c.obj
                0x0800676e                USBD_LL_IsoOUTIncomplete
 .text.USBD_LL_DevConnected
                0x0800679c        0x4 CMakeFiles/arpc-stm32f401-server-example.dir/Middlewares/ST/STM32_USB_Device_Library/Core/Src/usbd_core.c.obj
                0x0800679c                USBD_LL_DevConnected
 .text.USBD_LL_DevDisconnected
                0x080067a0       0x20 CMakeFiles/arpc-stm32f401-server-example.dir/Middlewares/ST/STM32_USB_Device_Library/Core/Src/usbd_core.c.obj
                0x080067a0                USBD_LL_DevDisconnected
 .text.USBD_CoreFindIF
                0x080067c0        0x4 CMakeFiles/arpc-stm32f401-server-example.dir/Middlewares/ST/STM32_USB_Device_Library/Core/Src/usbd_core.c.obj
                0x080067c0                USBD_CoreFindIF
 .text.USBD_CoreFindEP
                0x080067c4        0x4 CMakeFiles/arpc-stm32f401-server-example.dir/Middlewares/ST/STM32_USB_Device_Library/Core/Src/usbd_core.c.obj
                0x080067c4                USBD_CoreFindEP
 .text.USBD_LL_DataOutStage
                0x080067c8       0xc6 CMakeFiles/arpc-stm32f401-server-example.dir/Middlewares/ST/STM32_USB_Device_Library/Core/Src/usbd_core.c.obj
                0x080067c8                USBD_LL_DataOutStage
 .text.USBD_LL_DataInStage
                0x0800688e       0xd6 CMakeFiles/arpc-stm32f401-server-example.dir/Middlewares/ST/STM32_USB_Device_Library/Core/Src/usbd_core.c.obj
                0x0800688e                USBD_LL_DataInStage
 .text.USBD_GetNextDesc
                0x08006964        0xe CMakeFiles/arpc-stm32f401-server-example.dir/Middlewares/ST/STM32_USB_Device_Library/Core/Src/usbd_core.c.obj
                0x08006964                USBD_GetNextDesc
 .text.USBD_GetEpDesc
                0x08006972       0x3e CMakeFiles/arpc-stm32f401-server-example.dir/Middlewares/ST/STM32_USB_Device_Library/Core/Src/usbd_core.c.obj
                0x08006972                USBD_GetEpDesc
 .text.USBD_GetLen
                0x080069b0       0x14 CMakeFiles/arpc-stm32f401-server-example.dir/Middlewares/ST/STM32_USB_Device_Library/Core/Src/usbd_ctlreq.c.obj
 .text.USBD_ParseSetupRequest
                0x080069c4       0x28 CMakeFiles/arpc-stm32f401-server-example.dir/Middlewares/ST/STM32_USB_Device_Library/Core/Src/usbd_ctlreq.c.obj
                0x080069c4                USBD_ParseSetupRequest
 .text.USBD_CtlError
                0x080069ec       0x14 CMakeFiles/arpc-stm32f401-server-example.dir/Middlewares/ST/STM32_USB_Device_Library/Core/Src/usbd_ctlreq.c.obj
                0x080069ec                USBD_CtlError
 .text.USBD_GetDescriptor
                0x08006a00      0x18a CMakeFiles/arpc-stm32f401-server-example.dir/Middlewares/ST/STM32_USB_Device_Library/Core/Src/usbd_ctlreq.c.obj
 .text.USBD_SetAddress
                0x08006b8a       0x50 CMakeFiles/arpc-stm32f401-server-example.dir/Middlewares/ST/STM32_USB_Device_Library/Core/Src/usbd_ctlreq.c.obj
 *fill*         0x08006bda        0x2 
 .text.USBD_SetConfig
                0x08006bdc       0xcc CMakeFiles/arpc-stm32f401-server-example.dir/Middlewares/ST/STM32_USB_Device_Library/Core/Src/usbd_ctlreq.c.obj
 .text.USBD_GetConfig
                0x08006ca8       0x40 CMakeFiles/arpc-stm32f401-server-example.dir/Middlewares/ST/STM32_USB_Device_Library/Core/Src/usbd_ctlreq.c.obj
 .text.USBD_GetStatus
                0x08006ce8       0x38 CMakeFiles/arpc-stm32f401-server-example.dir/Middlewares/ST/STM32_USB_Device_Library/Core/Src/usbd_ctlreq.c.obj
 .text.USBD_SetFeature
                0x08006d20       0x2a CMakeFiles/arpc-stm32f401-server-example.dir/Middlewares/ST/STM32_USB_Device_Library/Core/Src/usbd_ctlreq.c.obj
 .text.USBD_ClrFeature
                0x08006d4a       0x26 CMakeFiles/arpc-stm32f401-server-example.dir/Middlewares/ST/STM32_USB_Device_Library/Core/Src/usbd_ctlreq.c.obj
 .text.USBD_StdDevReq
                0x08006d70       0x76 CMakeFiles/arpc-stm32f401-server-example.dir/Middlewares/ST/STM32_USB_Device_Library/Core/Src/usbd_ctlreq.c.obj
                0x08006d70                USBD_StdDevReq
 .text.USBD_StdItfReq
                0x08006de6       0x84 CMakeFiles/arpc-stm32f401-server-example.dir/Middlewares/ST/STM32_USB_Device_Library/Core/Src/usbd_ctlreq.c.obj
                0x08006de6                USBD_StdItfReq
 .text.USBD_StdEPReq
                0x08006e6a      0x230 CMakeFiles/arpc-stm32f401-server-example.dir/Middlewares/ST/STM32_USB_Device_Library/Core/Src/usbd_ctlreq.c.obj
                0x08006e6a                USBD_StdEPReq
 .text.USBD_GetString
                0x0800709a       0x3a CMakeFiles/arpc-stm32f401-server-example.dir/Middlewares/ST/STM32_USB_Device_Library/Core/Src/usbd_ctlreq.c.obj
                0x0800709a                USBD_GetString
 .text.USBD_CtlSendData
                0x080070d4       0x1a CMakeFiles/arpc-stm32f401-server-example.dir/Middlewares/ST/STM32_USB_Device_Library/Core/Src/usbd_ioreq.c.obj
                0x080070d4                USBD_CtlSendData
 .text.USBD_CtlContinueSendData
                0x080070ee       0x10 CMakeFiles/arpc-stm32f401-server-example.dir/Middlewares/ST/STM32_USB_Device_Library/Core/Src/usbd_ioreq.c.obj
                0x080070ee                USBD_CtlContinueSendData
 .text.USBD_CtlPrepareRx
                0x080070fe       0x1e CMakeFiles/arpc-stm32f401-server-example.dir/Middlewares/ST/STM32_USB_Device_Library/Core/Src/usbd_ioreq.c.obj
                0x080070fe                USBD_CtlPrepareRx
 .text.USBD_CtlContinueRx
                0x0800711c       0x10 CMakeFiles/arpc-stm32f401-server-example.dir/Middlewares/ST/STM32_USB_Device_Library/Core/Src/usbd_ioreq.c.obj
                0x0800711c                USBD_CtlContinueRx
 .text.USBD_CtlSendStatus
                0x0800712c       0x16 CMakeFiles/arpc-stm32f401-server-example.dir/Middlewares/ST/STM32_USB_Device_Library/Core/Src/usbd_ioreq.c.obj
                0x0800712c                USBD_CtlSendStatus
 .text.USBD_CtlReceiveStatus
                0x08007142       0x16 CMakeFiles/arpc-stm32f401-server-example.dir/Middlewares/ST/STM32_USB_Device_Library/Core/Src/usbd_ioreq.c.obj
                0x08007142                USBD_CtlReceiveStatus
 .text.USBD_CDC_EP0_RxReady
                0x08007158       0x40 CMakeFiles/arpc-stm32f401-server-example.dir/Middlewares/ST/STM32_USB_Device_Library/Class/CDC/Src/usbd_cdc.c.obj
 .text.USBD_CDC_GetDeviceQualifierDescriptor
                0x08007198        0xc CMakeFiles/arpc-stm32f401-server-example.dir/Middlewares/ST/STM32_USB_Device_Library/Class/CDC/Src/usbd_cdc.c.obj
                0x08007198                USBD_CDC_GetDeviceQualifierDescriptor
 .text.USBD_CDC_GetOtherSpeedCfgDesc
                0x080071a4       0x48 CMakeFiles/arpc-stm32f401-server-example.dir/Middlewares/ST/STM32_USB_Device_Library/Class/CDC/Src/usbd_cdc.c.obj
 .text.USBD_CDC_GetFSCfgDesc
                0x080071ec       0x48 CMakeFiles/arpc-stm32f401-server-example.dir/Middlewares/ST/STM32_USB_Device_Library/Class/CDC/Src/usbd_cdc.c.obj
 .text.USBD_CDC_GetHSCfgDesc
                0x08007234       0x48 CMakeFiles/arpc-stm32f401-server-example.dir/Middlewares/ST/STM32_USB_Device_Library/Class/CDC/Src/usbd_cdc.c.obj
 .text.USBD_CDC_DataOut
                0x0800727c       0x38 CMakeFiles/arpc-stm32f401-server-example.dir/Middlewares/ST/STM32_USB_Device_Library/Class/CDC/Src/usbd_cdc.c.obj
 .text.USBD_CDC_DataIn
                0x080072b4       0x7c CMakeFiles/arpc-stm32f401-server-example.dir/Middlewares/ST/STM32_USB_Device_Library/Class/CDC/Src/usbd_cdc.c.obj
 .text.USBD_CDC_Setup
                0x08007330      0x11a CMakeFiles/arpc-stm32f401-server-example.dir/Middlewares/ST/STM32_USB_Device_Library/Class/CDC/Src/usbd_cdc.c.obj
 .text.USBD_CDC_DeInit
                0x0800744a       0x64 CMakeFiles/arpc-stm32f401-server-example.dir/Middlewares/ST/STM32_USB_Device_Library/Class/CDC/Src/usbd_cdc.c.obj
 .text.USBD_CDC_Init
                0x080074ae       0xee CMakeFiles/arpc-stm32f401-server-example.dir/Middlewares/ST/STM32_USB_Device_Library/Class/CDC/Src/usbd_cdc.c.obj
 .text.USBD_CDC_RegisterInterface
                0x0800759c       0x16 CMakeFiles/arpc-stm32f401-server-example.dir/Middlewares/ST/STM32_USB_Device_Library/Class/CDC/Src/usbd_cdc.c.obj
                0x0800759c                USBD_CDC_RegisterInterface
 .text.USBD_CDC_SetTxBuffer
                0x080075b2       0x1c CMakeFiles/arpc-stm32f401-server-example.dir/Middlewares/ST/STM32_USB_Device_Library/Class/CDC/Src/usbd_cdc.c.obj
                0x080075b2                USBD_CDC_SetTxBuffer
 .text.USBD_CDC_SetRxBuffer
                0x080075ce       0x18 CMakeFiles/arpc-stm32f401-server-example.dir/Middlewares/ST/STM32_USB_Device_Library/Class/CDC/Src/usbd_cdc.c.obj
                0x080075ce                USBD_CDC_SetRxBuffer
 .text.USBD_CDC_TransmitPacket
                0x080075e6       0x3a CMakeFiles/arpc-stm32f401-server-example.dir/Middlewares/ST/STM32_USB_Device_Library/Class/CDC/Src/usbd_cdc.c.obj
                0x080075e6                USBD_CDC_TransmitPacket
 .text.USBD_CDC_ReceivePacket
                0x08007620       0x38 CMakeFiles/arpc-stm32f401-server-example.dir/Middlewares/ST/STM32_USB_Device_Library/Class/CDC/Src/usbd_cdc.c.obj
                0x08007620                USBD_CDC_ReceivePacket
 .text.HAL_Delay_generateResponseFrame
                0x08007658       0x1a CMakeFiles/arpc-stm32f401-server-example.dir/Drivers/arpc_server/arpc_server.c.obj
                0x08007658                HAL_Delay_generateResponseFrame
 .text.setLED_generateResponseFrame
                0x08007672       0x18 CMakeFiles/arpc-stm32f401-server-example.dir/Drivers/arpc_server/arpc_server.c.obj
                0x08007672                setLED_generateResponseFrame
 *fill*         0x0800768a        0x2 
 .text.processBuffer
                0x0800768c       0xa4 CMakeFiles/arpc-stm32f401-server-example.dir/Drivers/arpc_server/arpc_server.c.obj
                0x0800768c                processBuffer
 .text.arpcByteReceived
                0x08007730       0x30 CMakeFiles/arpc-stm32f401-server-example.dir/Drivers/arpc_server/arpc_server.c.obj
                0x08007730                arpcByteReceived
 .text.checkBuffer
                0x08007760       0x28 CMakeFiles/arpc-stm32f401-server-example.dir/Drivers/arpc_server/arpc_generic.c.obj
                0x08007760                checkBuffer
 .text.resetBuffer
                0x08007788       0x12 CMakeFiles/arpc-stm32f401-server-example.dir/Drivers/arpc_server/arpc_generic.c.obj
                0x08007788                resetBuffer
 .text.checkCRC
                0x0800779a       0x12 CMakeFiles/arpc-stm32f401-server-example.dir/Drivers/arpc_server/arpc_generic.c.obj
                0x0800779a                checkCRC
 .text.arpcEncodeGeneric
                0x080077ac       0x34 CMakeFiles/arpc-stm32f401-server-example.dir/Drivers/arpc_server/arpc_generic.c.obj
                0x080077ac                arpcEncodeGeneric
 .text.arpcSendFrame
                0x080077e0       0x4e CMakeFiles/arpc-stm32f401-server-example.dir/Drivers/arpc_server/arpc_generic.c.obj
                0x080077e0                arpcSendFrame
 *fill*         0x0800782e        0x2 
 .text.Reset_Handler
                0x08007830       0x50 CMakeFiles/arpc-stm32f401-server-example.dir/startup_stm32f401xc.s.obj
                0x08007830                Reset_Handler
 .text.Default_Handler
                0x08007880        0x2 CMakeFiles/arpc-stm32f401-server-example.dir/startup_stm32f401xc.s.obj
                0x08007880                RTC_Alarm_IRQHandler
                0x08007880                EXTI2_IRQHandler
                0x08007880                SPI4_IRQHandler
                0x08007880                TIM1_CC_IRQHandler
                0x08007880                DMA2_Stream5_IRQHandler
                0x08007880                DMA1_Stream5_IRQHandler
                0x08007880                PVD_IRQHandler
                0x08007880                SDIO_IRQHandler
                0x08007880                TAMP_STAMP_IRQHandler
                0x08007880                EXTI3_IRQHandler
                0x08007880                TIM1_UP_TIM10_IRQHandler
                0x08007880                I2C3_ER_IRQHandler
                0x08007880                EXTI0_IRQHandler
                0x08007880                I2C2_EV_IRQHandler
                0x08007880                DMA1_Stream2_IRQHandler
                0x08007880                FPU_IRQHandler
                0x08007880                DMA2_Stream2_IRQHandler
                0x08007880                SPI1_IRQHandler
                0x08007880                TIM1_BRK_TIM9_IRQHandler
                0x08007880                DMA2_Stream3_IRQHandler
                0x08007880                USART6_IRQHandler
                0x08007880                DMA2_Stream0_IRQHandler
                0x08007880                TIM4_IRQHandler
                0x08007880                I2C1_EV_IRQHandler
                0x08007880                DMA1_Stream6_IRQHandler
                0x08007880                DMA1_Stream1_IRQHandler
                0x08007880                TIM3_IRQHandler
                0x08007880                RCC_IRQHandler
                0x08007880                Default_Handler
                0x08007880                EXTI15_10_IRQHandler
                0x08007880                ADC_IRQHandler
                0x08007880                DMA1_Stream7_IRQHandler
                0x08007880                TIM5_IRQHandler
                0x08007880                DMA2_Stream7_IRQHandler
                0x08007880                I2C3_EV_IRQHandler
                0x08007880                EXTI9_5_IRQHandler
                0x08007880                RTC_WKUP_IRQHandler
                0x08007880                SPI2_IRQHandler
                0x08007880                DMA1_Stream0_IRQHandler
                0x08007880                EXTI4_IRQHandler
                0x08007880                WWDG_IRQHandler
                0x08007880                TIM2_IRQHandler
                0x08007880                OTG_FS_WKUP_IRQHandler
                0x08007880                TIM1_TRG_COM_TIM11_IRQHandler
                0x08007880                EXTI1_IRQHandler
                0x08007880                USART2_IRQHandler
                0x08007880                I2C2_ER_IRQHandler
                0x08007880                DMA2_Stream1_IRQHandler
                0x08007880                FLASH_IRQHandler
                0x08007880                DMA2_Stream4_IRQHandler
                0x08007880                USART1_IRQHandler
                0x08007880                SPI3_IRQHandler
                0x08007880                DMA1_Stream4_IRQHandler
                0x08007880                I2C1_ER_IRQHandler
                0x08007880                DMA2_Stream6_IRQHandler
                0x08007880                DMA1_Stream3_IRQHandler
 *fill*         0x08007882        0x2 
 .text._close   0x08007884       0x10 c:/progra~2/gnuarm~1/102021~1.10/bin/../lib/gcc/arm-none-eabi/10.3.1/../../../../arm-none-eabi/lib/thumb/v7e-m+fp/hard\libnosys.a(close.o)
                0x08007884                _close
 .text._fstat   0x08007894       0x10 c:/progra~2/gnuarm~1/102021~1.10/bin/../lib/gcc/arm-none-eabi/10.3.1/../../../../arm-none-eabi/lib/thumb/v7e-m+fp/hard\libnosys.a(fstat.o)
                0x08007894                _fstat
 .text._getpid  0x080078a4       0x10 c:/progra~2/gnuarm~1/102021~1.10/bin/../lib/gcc/arm-none-eabi/10.3.1/../../../../arm-none-eabi/lib/thumb/v7e-m+fp/hard\libnosys.a(getpid.o)
                0x080078a4                _getpid
 .text._isatty  0x080078b4       0x10 c:/progra~2/gnuarm~1/102021~1.10/bin/../lib/gcc/arm-none-eabi/10.3.1/../../../../arm-none-eabi/lib/thumb/v7e-m+fp/hard\libnosys.a(isatty.o)
                0x080078b4                _isatty
 .text._kill    0x080078c4       0x10 c:/progra~2/gnuarm~1/102021~1.10/bin/../lib/gcc/arm-none-eabi/10.3.1/../../../../arm-none-eabi/lib/thumb/v7e-m+fp/hard\libnosys.a(kill.o)
                0x080078c4                _kill
 .text._lseek   0x080078d4       0x10 c:/progra~2/gnuarm~1/102021~1.10/bin/../lib/gcc/arm-none-eabi/10.3.1/../../../../arm-none-eabi/lib/thumb/v7e-m+fp/hard\libnosys.a(lseek.o)
                0x080078d4                _lseek
 .text._read    0x080078e4       0x10 c:/progra~2/gnuarm~1/102021~1.10/bin/../lib/gcc/arm-none-eabi/10.3.1/../../../../arm-none-eabi/lib/thumb/v7e-m+fp/hard\libnosys.a(read.o)
                0x080078e4                _read
 .text._sbrk    0x080078f4       0x1c c:/progra~2/gnuarm~1/102021~1.10/bin/../lib/gcc/arm-none-eabi/10.3.1/../../../../arm-none-eabi/lib/thumb/v7e-m+fp/hard\libnosys.a(sbrk.o)
                0x080078f4                _sbrk
 .text._write   0x08007910       0x10 c:/progra~2/gnuarm~1/102021~1.10/bin/../lib/gcc/arm-none-eabi/10.3.1/../../../../arm-none-eabi/lib/thumb/v7e-m+fp/hard\libnosys.a(write.o)
                0x08007910                _write
 .text._exit    0x08007920        0x4 c:/progra~2/gnuarm~1/102021~1.10/bin/../lib/gcc/arm-none-eabi/10.3.1/../../../../arm-none-eabi/lib/thumb/v7e-m+fp/hard\libnosys.a(_exit.o)
                0x08007920                _exit
 *(.glue_7)
 .glue_7        0x08007924        0x0 linker stubs
 *(.glue_7t)
 .glue_7t       0x08007924        0x0 linker stubs
 *(.eh_frame)
 .eh_frame      0x08007924        0x0 c:/progra~2/gnuarm~1/102021~1.10/bin/../lib/gcc/arm-none-eabi/10.3.1/thumb/v7e-m+fp/hard/crtbegin.o
 *(.init)
 .init          0x08007924        0x4 c:/progra~2/gnuarm~1/102021~1.10/bin/../lib/gcc/arm-none-eabi/10.3.1/thumb/v7e-m+fp/hard/crti.o
                0x08007924                _init
 .init          0x08007928        0x8 c:/progra~2/gnuarm~1/102021~1.10/bin/../lib/gcc/arm-none-eabi/10.3.1/thumb/v7e-m+fp/hard/crtn.o
 *(.fini)
 .fini          0x08007930        0x4 c:/progra~2/gnuarm~1/102021~1.10/bin/../lib/gcc/arm-none-eabi/10.3.1/thumb/v7e-m+fp/hard/crti.o
                0x08007930                _fini
 .fini          0x08007934        0x8 c:/progra~2/gnuarm~1/102021~1.10/bin/../lib/gcc/arm-none-eabi/10.3.1/thumb/v7e-m+fp/hard/crtn.o
                0x0800793c                . = ALIGN (0x4)
                0x0800793c                _etext = .

.vfp11_veneer   0x0800793c        0x0
 .vfp11_veneer  0x0800793c        0x0 linker stubs

.v4_bx          0x0800793c        0x0
 .v4_bx         0x0800793c        0x0 linker stubs

.iplt           0x0800793c        0x0
 .iplt          0x0800793c        0x0 c:/progra~2/gnuarm~1/102021~1.10/bin/../lib/gcc/arm-none-eabi/10.3.1/thumb/v7e-m+fp/hard/crtbegin.o

.rodata         0x08007940      0x868
                0x08007940                . = ALIGN (0x4)
 *(.rodata)
 *(.rodata*)
 .rodata._global_impure_ptr
                0x08007940        0x4 c:/progra~2/gnuarm~1/102021~1.10/bin/../lib/gcc/arm-none-eabi/10.3.1/../../../../arm-none-eabi/lib/thumb/v7e-m+fp/hard\libc_nano.a(lib_a-impure.o)
                0x08007940                _global_impure_ptr
 .rodata._printf_float.str1.1
                0x08007944       0x12 c:/progra~2/gnuarm~1/102021~1.10/bin/../lib/gcc/arm-none-eabi/10.3.1/../../../../arm-none-eabi/lib/thumb/v7e-m+fp/hard\libc_nano.a(lib_a-nano-vfprintf_float.o)
 .rodata._printf_i.str1.1
                0x08007956       0x22 c:/progra~2/gnuarm~1/102021~1.10/bin/../lib/gcc/arm-none-eabi/10.3.1/../../../../arm-none-eabi/lib/thumb/v7e-m+fp/hard\libc_nano.a(lib_a-nano-vfprintf_i.o)
 .rodata._dtoa_r.str1.1
                0x08007978       0xb3 c:/progra~2/gnuarm~1/102021~1.10/bin/../lib/gcc/arm-none-eabi/10.3.1/../../../../arm-none-eabi/lib/thumb/v7e-m+fp/hard\libc_nano.a(lib_a-dtoa.o)
                                 0xb5 (size before relaxing)
 .rodata._Balloc.str1.1
                0x08007a2b       0x7f c:/progra~2/gnuarm~1/102021~1.10/bin/../lib/gcc/arm-none-eabi/10.3.1/../../../../arm-none-eabi/lib/thumb/v7e-m+fp/hard\libc_nano.a(lib_a-mprec.o)
                                 0x96 (size before relaxing)
 .rodata.__multadd.str1.1
                0x08007aaa       0x11 c:/progra~2/gnuarm~1/102021~1.10/bin/../lib/gcc/arm-none-eabi/10.3.1/../../../../arm-none-eabi/lib/thumb/v7e-m+fp/hard\libc_nano.a(lib_a-mprec.o)
 *fill*         0x08007aaa        0x6 
 .rodata.__mprec_bigtens
                0x08007ab0       0x28 c:/progra~2/gnuarm~1/102021~1.10/bin/../lib/gcc/arm-none-eabi/10.3.1/../../../../arm-none-eabi/lib/thumb/v7e-m+fp/hard\libc_nano.a(lib_a-mprec.o)
                0x08007ab0                __mprec_bigtens
 .rodata.__mprec_tens
                0x08007ad8       0xc8 c:/progra~2/gnuarm~1/102021~1.10/bin/../lib/gcc/arm-none-eabi/10.3.1/../../../../arm-none-eabi/lib/thumb/v7e-m+fp/hard\libc_nano.a(lib_a-mprec.o)
                0x08007ad8                __mprec_tens
 .rodata.p05.0  0x08007ba0        0xc c:/progra~2/gnuarm~1/102021~1.10/bin/../lib/gcc/arm-none-eabi/10.3.1/../../../../arm-none-eabi/lib/thumb/v7e-m+fp/hard\libc_nano.a(lib_a-mprec.o)
 .rodata.__assert_func.str1.1
                0x08007bac       0x3c c:/progra~2/gnuarm~1/102021~1.10/bin/../lib/gcc/arm-none-eabi/10.3.1/../../../../arm-none-eabi/lib/thumb/v7e-m+fp/hard\libc_nano.a(lib_a-assert.o)
                                 0x3d (size before relaxing)
 .rodata._setlocale_r.str1.1
                0x08007be8        0x8 c:/progra~2/gnuarm~1/102021~1.10/bin/../lib/gcc/arm-none-eabi/10.3.1/../../../../arm-none-eabi/lib/thumb/v7e-m+fp/hard\libc_nano.a(lib_a-locale.o)
                                  0x9 (size before relaxing)
 .rodata.str1.1
                0x08007bf0        0x2 c:/progra~2/gnuarm~1/102021~1.10/bin/../lib/gcc/arm-none-eabi/10.3.1/../../../../arm-none-eabi/lib/thumb/v7e-m+fp/hard\libc_nano.a(lib_a-locale.o)
 .rodata._vfprintf_r.str1.1
                0x08007bf2       0x11 c:/progra~2/gnuarm~1/102021~1.10/bin/../lib/gcc/arm-none-eabi/10.3.1/../../../../arm-none-eabi/lib/thumb/v7e-m+fp/hard\libc_nano.a(lib_a-nano-vfprintf.o)
 .rodata._ctype_
                0x08007c03      0x101 c:/progra~2/gnuarm~1/102021~1.10/bin/../lib/gcc/arm-none-eabi/10.3.1/../../../../arm-none-eabi/lib/thumb/v7e-m+fp/hard\libc_nano.a(lib_a-ctype_.o)
                0x08007c03                _ctype_
 .rodata.__sf_fake_stderr
                0x08007d04       0x20 c:/progra~2/gnuarm~1/102021~1.10/bin/../lib/gcc/arm-none-eabi/10.3.1/../../../../arm-none-eabi/lib/thumb/v7e-m+fp/hard\libc_nano.a(lib_a-findfp.o)
                0x08007d04                __sf_fake_stderr
 .rodata.__sf_fake_stdin
                0x08007d24       0x20 c:/progra~2/gnuarm~1/102021~1.10/bin/../lib/gcc/arm-none-eabi/10.3.1/../../../../arm-none-eabi/lib/thumb/v7e-m+fp/hard\libc_nano.a(lib_a-findfp.o)
                0x08007d24                __sf_fake_stdin
 .rodata.__sf_fake_stdout
                0x08007d44       0x20 c:/progra~2/gnuarm~1/102021~1.10/bin/../lib/gcc/arm-none-eabi/10.3.1/../../../../arm-none-eabi/lib/thumb/v7e-m+fp/hard\libc_nano.a(lib_a-findfp.o)
                0x08007d44                __sf_fake_stdout
 .rodata.USBD_FS_ProductStrDescriptor.str1.4
                0x08007d64        0x9 CMakeFiles/arpc-stm32f401-server-example.dir/USB_DEVICE/App/usbd_desc.c.obj
 *fill*         0x08007d6d        0x3 
 .rodata.USBD_FS_ManufacturerStrDescriptor.str1.4
                0x08007d70        0x5 CMakeFiles/arpc-stm32f401-server-example.dir/USB_DEVICE/App/usbd_desc.c.obj
 *fill*         0x08007d75        0x3 
 .rodata.USBD_FS_ConfigStrDescriptor.str1.4
                0x08007d78        0xc CMakeFiles/arpc-stm32f401-server-example.dir/USB_DEVICE/App/usbd_desc.c.obj
 .rodata.USBD_FS_InterfaceStrDescriptor.str1.4
                0x08007d84        0xf CMakeFiles/arpc-stm32f401-server-example.dir/USB_DEVICE/App/usbd_desc.c.obj
 *fill*         0x08007d93        0x1 
 .rodata.AHBPrescTable
                0x08007d94       0x10 CMakeFiles/arpc-stm32f401-server-example.dir/Core/Src/system_stm32f4xx.c.obj
                0x08007d94                AHBPrescTable
 .rodata.APBPrescTable
                0x08007da4        0x8 CMakeFiles/arpc-stm32f401-server-example.dir/Core/Src/system_stm32f4xx.c.obj
                0x08007da4                APBPrescTable
 .rodata.arpcFrameHandler
                0x08007dac      0x3fc CMakeFiles/arpc-stm32f401-server-example.dir/Drivers/arpc_server/arpc_server.c.obj
                0x08007dac                arpcFrameHandler
                0x080081a8                . = ALIGN (0x4)

.ARM.extab
 *(.ARM.extab* .gnu.linkonce.armextab.*)

.ARM            0x080081a8        0x8
                0x080081a8                __exidx_start = .
 *(.ARM.exidx*)
 .ARM.exidx     0x080081a8        0x8 c:/progra~2/gnuarm~1/102021~1.10/bin/../lib/gcc/arm-none-eabi/10.3.1/thumb/v7e-m+fp/hard\libgcc.a(_udivmoddi4.o)
                0x080081b0                __exidx_end = .

.rel.dyn        0x080081b0        0x0
 .rel.iplt      0x080081b0        0x0 c:/progra~2/gnuarm~1/102021~1.10/bin/../lib/gcc/arm-none-eabi/10.3.1/thumb/v7e-m+fp/hard/crtbegin.o

.preinit_array  0x080081b0        0x0
                0x080081b0                PROVIDE (__preinit_array_start = .)
 *(.preinit_array*)
                0x080081b0                PROVIDE (__preinit_array_end = .)

.init_array     0x080081b0        0x4
                0x080081b0                PROVIDE (__init_array_start = .)
 *(SORT_BY_NAME(.init_array.*))
 *(.init_array*)
 .init_array    0x080081b0        0x4 c:/progra~2/gnuarm~1/102021~1.10/bin/../lib/gcc/arm-none-eabi/10.3.1/thumb/v7e-m+fp/hard/crtbegin.o
                0x080081b4                PROVIDE (__init_array_end = .)

.fini_array     0x080081b4        0x4
                [!provide]                PROVIDE (__fini_array_start = .)
 *(SORT_BY_NAME(.fini_array.*))
 *(.fini_array*)
 .fini_array    0x080081b4        0x4 c:/progra~2/gnuarm~1/102021~1.10/bin/../lib/gcc/arm-none-eabi/10.3.1/thumb/v7e-m+fp/hard/crtbegin.o
                [!provide]                PROVIDE (__fini_array_end = .)
                0x080081b8                _sidata = LOADADDR (.data)

.data           0x20000000      0x2c8 load address 0x080081b8
                0x20000000                . = ALIGN (0x4)
                0x20000000                _sdata = .
 *(.data)
 *(.data*)
 .data._impure_ptr
                0x20000000        0x4 c:/progra~2/gnuarm~1/102021~1.10/bin/../lib/gcc/arm-none-eabi/10.3.1/../../../../arm-none-eabi/lib/thumb/v7e-m+fp/hard\libc_nano.a(lib_a-impure.o)
                0x20000000                _impure_ptr
 .data.impure_data
                0x20000004       0x60 c:/progra~2/gnuarm~1/102021~1.10/bin/../lib/gcc/arm-none-eabi/10.3.1/../../../../arm-none-eabi/lib/thumb/v7e-m+fp/hard\libc_nano.a(lib_a-impure.o)
 .data.__global_locale
                0x20000064      0x16c c:/progra~2/gnuarm~1/102021~1.10/bin/../lib/gcc/arm-none-eabi/10.3.1/../../../../arm-none-eabi/lib/thumb/v7e-m+fp/hard\libc_nano.a(lib_a-locale.o)
                0x20000064                __global_locale
 .data.FS_Desc  0x200001d0       0x1c CMakeFiles/arpc-stm32f401-server-example.dir/USB_DEVICE/App/usbd_desc.c.obj
                0x200001d0                FS_Desc
 .data.USBD_FS_DeviceDesc
                0x200001ec       0x12 CMakeFiles/arpc-stm32f401-server-example.dir/USB_DEVICE/App/usbd_desc.c.obj
                0x200001ec                USBD_FS_DeviceDesc
 *fill*         0x200001fe        0x2 
 .data.USBD_LangIDDesc
                0x20000200        0x4 CMakeFiles/arpc-stm32f401-server-example.dir/USB_DEVICE/App/usbd_desc.c.obj
                0x20000200                USBD_LangIDDesc
 .data.USBD_StringSerial
                0x20000204       0x1a CMakeFiles/arpc-stm32f401-server-example.dir/USB_DEVICE/App/usbd_desc.c.obj
                0x20000204                USBD_StringSerial
 *fill*         0x2000021e        0x2 
 .data.USBD_Interface_fops_FS
                0x20000220       0x14 CMakeFiles/arpc-stm32f401-server-example.dir/USB_DEVICE/App/usbd_cdc_if.c.obj
                0x20000220                USBD_Interface_fops_FS
 .data.uwTickFreq
                0x20000234        0x1 CMakeFiles/arpc-stm32f401-server-example.dir/Drivers/STM32F4xx_HAL_Driver/Src/stm32f4xx_hal.c.obj
                0x20000234                uwTickFreq
 *fill*         0x20000235        0x3 
 .data.uwTickPrio
                0x20000238        0x4 CMakeFiles/arpc-stm32f401-server-example.dir/Drivers/STM32F4xx_HAL_Driver/Src/stm32f4xx_hal.c.obj
                0x20000238                uwTickPrio
 .data.SystemCoreClock
                0x2000023c        0x4 CMakeFiles/arpc-stm32f401-server-example.dir/Core/Src/system_stm32f4xx.c.obj
                0x2000023c                SystemCoreClock
 .data.USBD_CDC
                0x20000240       0x38 CMakeFiles/arpc-stm32f401-server-example.dir/Middlewares/ST/STM32_USB_Device_Library/Class/CDC/Src/usbd_cdc.c.obj
                0x20000240                USBD_CDC
 .data.USBD_CDC_CfgDesc
                0x20000278       0x43 CMakeFiles/arpc-stm32f401-server-example.dir/Middlewares/ST/STM32_USB_Device_Library/Class/CDC/Src/usbd_cdc.c.obj
 *fill*         0x200002bb        0x1 
 .data.USBD_CDC_DeviceQualifierDesc
                0x200002bc        0xa CMakeFiles/arpc-stm32f401-server-example.dir/Middlewares/ST/STM32_USB_Device_Library/Class/CDC/Src/usbd_cdc.c.obj
                0x200002c8                . = ALIGN (0x4)
 *fill*         0x200002c6        0x2 
                0x200002c8                _edata = .

.igot.plt       0x200002c8        0x0 load address 0x08008480
 .igot.plt      0x200002c8        0x0 c:/progra~2/gnuarm~1/102021~1.10/bin/../lib/gcc/arm-none-eabi/10.3.1/thumb/v7e-m+fp/hard/crtbegin.o
                0x200002c8                . = ALIGN (0x4)

.bss            0x200002c8     0x1588 load address 0x08008480
                0x200002c8                _sbss = .
                0x200002c8                __bss_start__ = _sbss
 *(.bss)
 .bss           0x200002c8       0x1c c:/progra~2/gnuarm~1/102021~1.10/bin/../lib/gcc/arm-none-eabi/10.3.1/thumb/v7e-m+fp/hard/crtbegin.o
 *(.bss*)
 .bss.__malloc_free_list
                0x200002e4        0x4 c:/progra~2/gnuarm~1/102021~1.10/bin/../lib/gcc/arm-none-eabi/10.3.1/../../../../arm-none-eabi/lib/thumb/v7e-m+fp/hard\libc_nano.a(lib_a-nano-mallocr.o)
                0x200002e4                __malloc_free_list
 .bss.__malloc_sbrk_start
                0x200002e8        0x4 c:/progra~2/gnuarm~1/102021~1.10/bin/../lib/gcc/arm-none-eabi/10.3.1/../../../../arm-none-eabi/lib/thumb/v7e-m+fp/hard\libc_nano.a(lib_a-nano-mallocr.o)
                0x200002e8                __malloc_sbrk_start
 .bss.errno     0x200002ec        0x4 c:/progra~2/gnuarm~1/102021~1.10/bin/../lib/gcc/arm-none-eabi/10.3.1/../../../../arm-none-eabi/lib/thumb/v7e-m+fp/hard\libc_nano.a(lib_a-reent.o)
                0x200002ec                errno
 .bss.__lock___malloc_recursive_mutex
                0x200002f0        0x1 c:/progra~2/gnuarm~1/102021~1.10/bin/../lib/gcc/arm-none-eabi/10.3.1/../../../../arm-none-eabi/lib/thumb/v7e-m+fp/hard\libc_nano.a(lib_a-lock.o)
                0x200002f0                __lock___malloc_recursive_mutex
 .bss.__lock___sfp_recursive_mutex
                0x200002f1        0x1 c:/progra~2/gnuarm~1/102021~1.10/bin/../lib/gcc/arm-none-eabi/10.3.1/../../../../arm-none-eabi/lib/thumb/v7e-m+fp/hard\libc_nano.a(lib_a-lock.o)
                0x200002f1                __lock___sfp_recursive_mutex
 .bss.__lock___sinit_recursive_mutex
                0x200002f2        0x1 c:/progra~2/gnuarm~1/102021~1.10/bin/../lib/gcc/arm-none-eabi/10.3.1/../../../../arm-none-eabi/lib/thumb/v7e-m+fp/hard\libc_nano.a(lib_a-lock.o)
                0x200002f2                __lock___sinit_recursive_mutex
 *fill*         0x200002f3        0x1 
 .bss.huart1    0x200002f4       0x44 CMakeFiles/arpc-stm32f401-server-example.dir/Core/Src/main.c.obj
                0x200002f4                huart1
 .bss.hUsbDeviceFS
                0x20000338      0x2dc CMakeFiles/arpc-stm32f401-server-example.dir/USB_DEVICE/App/usb_device.c.obj
                0x20000338                hUsbDeviceFS
 .bss.USBD_StrDesc
                0x20000614      0x200 CMakeFiles/arpc-stm32f401-server-example.dir/USB_DEVICE/App/usbd_desc.c.obj
                0x20000614                USBD_StrDesc
 .bss.UserRxBufferFS
                0x20000814      0x400 CMakeFiles/arpc-stm32f401-server-example.dir/USB_DEVICE/App/usbd_cdc_if.c.obj
                0x20000814                UserRxBufferFS
 .bss.UserTxBufferFS
                0x20000c14      0x400 CMakeFiles/arpc-stm32f401-server-example.dir/USB_DEVICE/App/usbd_cdc_if.c.obj
                0x20000c14                UserTxBufferFS
 .bss.hpcd_USB_OTG_FS
                0x20001014      0x50c CMakeFiles/arpc-stm32f401-server-example.dir/USB_DEVICE/Target/usbd_conf.c.obj
                0x20001014                hpcd_USB_OTG_FS
 .bss.mem.0     0x20001520      0x220 CMakeFiles/arpc-stm32f401-server-example.dir/USB_DEVICE/Target/usbd_conf.c.obj
 .bss.uwTick    0x20001740        0x4 CMakeFiles/arpc-stm32f401-server-example.dir/Drivers/STM32F4xx_HAL_Driver/Src/stm32f4xx_hal.c.obj
                0x20001740                uwTick
 .bss.cfgidx.0  0x20001744        0x1 CMakeFiles/arpc-stm32f401-server-example.dir/Middlewares/ST/STM32_USB_Device_Library/Core/Src/usbd_ctlreq.c.obj
 *fill*         0x20001745        0x3 
 .bss.buffer    0x20001748       0xff CMakeFiles/arpc-stm32f401-server-example.dir/Drivers/arpc_server/arpc_server.c.obj
 *fill*         0x20001847        0x1 
 .bss.bufferIndex
                0x20001848        0x4 CMakeFiles/arpc-stm32f401-server-example.dir/Drivers/arpc_server/arpc_server.c.obj
 .bss.heap_end.0
                0x2000184c        0x4 c:/progra~2/gnuarm~1/102021~1.10/bin/../lib/gcc/arm-none-eabi/10.3.1/../../../../arm-none-eabi/lib/thumb/v7e-m+fp/hard\libnosys.a(sbrk.o)
 *(COMMON)
                0x20001850                . = ALIGN (0x4)
                0x20001850                _ebss = .
                0x20001850                __bss_end__ = _ebss

._user_heap_stack
                0x20001850      0x600 load address 0x08008480
                0x20001850                . = ALIGN (0x8)
                0x20001850                PROVIDE (end = .)
                [!provide]                PROVIDE (_end = .)
                0x20001a50                . = (. + _Min_Heap_Size)
 *fill*         0x20001850      0x200 
                0x20001e50                . = (. + _Min_Stack_Size)
 *fill*         0x20001a50      0x400 
                0x20001e50                . = ALIGN (0x8)

/DISCARD/
 libc.a(*)
 libm.a(*)
 libgcc.a(*)

.ARM.attributes
                0x00000000       0x30
 *(.ARM.attributes)
 .ARM.attributes
                0x00000000       0x1e c:/progra~2/gnuarm~1/102021~1.10/bin/../lib/gcc/arm-none-eabi/10.3.1/thumb/v7e-m+fp/hard/crti.o
 .ARM.attributes
                0x0000001e       0x34 c:/progra~2/gnuarm~1/102021~1.10/bin/../lib/gcc/arm-none-eabi/10.3.1/thumb/v7e-m+fp/hard/crtbegin.o
 .ARM.attributes