Archive member included to satisfy reference by file (symbol)

C:/ST/STM32CubeIDE_1.13.0/STM32CubeIDE/plugins/com.st.stm32cube.ide.mcu.externaltools.gnu-tools-for-stm32.11.3.rel1.win32_1.1.0.202305231506/tools/bin/../lib/gcc/arm-none-eabi/11.3.1/../../../../arm-none-eabi/lib/thumb/v7e-m+fp/hard\libc_nano.a(libc_a-exit.o)
                              C:/ST/STM32CubeIDE_1.13.0/STM32CubeIDE/plugins/com.st.stm32cube.ide.mcu.externaltools.gnu-tools-for-stm32.11.3.rel1.win32_1.1.0.202305231506/tools/bin/../lib/gcc/arm-none-eabi/11.3.1/../../../../arm-none-eabi/lib/thumb/v7e-m+fp/hard/crt0.o (exit)
C:/ST/STM32CubeIDE_1.13.0/STM32CubeIDE/plugins/com.st.stm32cube.ide.mcu.externaltools.gnu-tools-for-stm32.11.3.rel1.win32_1.1.0.202305231506/tools/bin/../lib/gcc/arm-none-eabi/11.3.1/../../../../arm-none-eabi/lib/thumb/v7e-m+fp/hard\libc_nano.a(libc_a-findfp.o)
                              C:/ST/STM32CubeIDE_1.13.0/STM32CubeIDE/plugins/com.st.stm32cube.ide.mcu.externaltools.gnu-tools-for-stm32.11.3.rel1.win32_1.1.0.202305231506/tools/bin/../lib/gcc/arm-none-eabi/11.3.1/../../../../arm-none-eabi/lib/thumb/v7e-m+fp/hard\libc_nano.a(libc_a-exit.o) (__stdio_exit_handler)
C:/ST/STM32CubeIDE_1.13.0/STM32CubeIDE/plugins/com.st.stm32cube.ide.mcu.externaltools.gnu-tools-for-stm32.11.3.rel1.win32_1.1.0.202305231506/tools/bin/../lib/gcc/arm-none-eabi/11.3.1/../../../../arm-none-eabi/lib/thumb/v7e-m+fp/hard\libc_nano.a(libc_a-fwalk.o)
                              C:/ST/STM32CubeIDE_1.13.0/STM32CubeIDE/plugins/com.st.stm32cube.ide.mcu.externaltools.gnu-tools-for-stm32.11.3.rel1.win32_1.1.0.202305231506/tools/bin/../lib/gcc/arm-none-eabi/11.3.1/../../../../arm-none-eabi/lib/thumb/v7e-m+fp/hard\libc_nano.a(libc_a-findfp.o) (_fwalk_sglue)
C:/ST/STM32CubeIDE_1.13.0/STM32CubeIDE/plugins/com.st.stm32cube.ide.mcu.externaltools.gnu-tools-for-stm32.11.3.rel1.win32_1.1.0.202305231506/tools/bin/../lib/gcc/arm-none-eabi/11.3.1/../../../../arm-none-eabi/lib/thumb/v7e-m+fp/hard\libc_nano.a(libc_a-stdio.o)
                              C:/ST/STM32CubeIDE_1.13.0/STM32CubeIDE/plugins/com.st.stm32cube.ide.mcu.externaltools.gnu-tools-for-stm32.11.3.rel1.win32_1.1.0.202305231506/tools/bin/../lib/gcc/arm-none-eabi/11.3.1/../../../../arm-none-eabi/lib/thumb/v7e-m+fp/hard\libc_nano.a(libc_a-findfp.o) (__sread)
C:/ST/STM32CubeIDE_1.13.0/STM32CubeIDE/plugins/com.st.stm32cube.ide.mcu.externaltools.gnu-tools-for-stm32.11.3.rel1.win32_1.1.0.202305231506/tools/bin/../lib/gcc/arm-none-eabi/11.3.1/../../../../arm-none-eabi/lib/thumb/v7e-m+fp/hard\libc_nano.a(libc_a-memset.o)
                              C:/ST/STM32CubeIDE_1.13.0/STM32CubeIDE/plugins/com.st.stm32cube.ide.mcu.externaltools.gnu-tools-for-stm32.11.3.rel1.win32_1.1.0.202305231506/tools/bin/../lib/gcc/arm-none-eabi/11.3.1/../../../../arm-none-eabi/lib/thumb/v7e-m+fp/hard/crt0.o (memset)
C:/ST/STM32CubeIDE_1.13.0/STM32CubeIDE/plugins/com.st.stm32cube.ide.mcu.externaltools.gnu-tools-for-stm32.11.3.rel1.win32_1.1.0.202305231506/tools/bin/../lib/gcc/arm-none-eabi/11.3.1/../../../../arm-none-eabi/lib/thumb/v7e-m+fp/hard\libc_nano.a(libc_a-closer.o)
                              C:/ST/STM32CubeIDE_1.13.0/STM32CubeIDE/plugins/com.st.stm32cube.ide.mcu.externaltools.gnu-tools-for-stm32.11.3.rel1.win32_1.1.0.202305231506/tools/bin/../lib/gcc/arm-none-eabi/11.3.1/../../../../arm-none-eabi/lib/thumb/v7e-m+fp/hard\libc_nano.a(libc_a-stdio.o) (_close_r)
C:/ST/STM32CubeIDE_1.13.0/STM32CubeIDE/plugins/com.st.stm32cube.ide.mcu.externaltools.gnu-tools-for-stm32.11.3.rel1.win32_1.1.0.202305231506/tools/bin/../lib/gcc/arm-none-eabi/11.3.1/../../../../arm-none-eabi/lib/thumb/v7e-m+fp/hard\libc_nano.a(libc_a-reent.o)
                              C:/ST/STM32CubeIDE_1.13.0/STM32CubeIDE/plugins/com.st.stm32cube.ide.mcu.externaltools.gnu-tools-for-stm32.11.3.rel1.win32_1.1.0.202305231506/tools/bin/../lib/gcc/arm-none-eabi/11.3.1/../../../../arm-none-eabi/lib/thumb/v7e-m+fp/hard\libc_nano.a(libc_a-closer.o) (errno)
C:/ST/STM32CubeIDE_1.13.0/STM32CubeIDE/plugins/com.st.stm32cube.ide.mcu.externaltools.gnu-tools-for-stm32.11.3.rel1.win32_1.1.0.202305231506/tools/bin/../lib/gcc/arm-none-eabi/11.3.1/../../../../arm-none-eabi/lib/thumb/v7e-m+fp/hard\libc_nano.a(libc_a-impure.o)
                              C:/ST/STM32CubeIDE_1.13.0/STM32CubeIDE/plugins/com.st.stm32cube.ide.mcu.externaltools.gnu-tools-for-stm32.11.3.rel1.win32_1.1.0.202305231506/tools/bin/../lib/gcc/arm-none-eabi/11.3.1/../../../../arm-none-eabi/lib/thumb/v7e-m+fp/hard\libc_nano.a(libc_a-reent.o) (_impure_ptr)
C:/ST/STM32CubeIDE_1.13.0/STM32CubeIDE/plugins/com.st.stm32cube.ide.mcu.externaltools.gnu-tools-for-stm32.11.3.rel1.win32_1.1.0.202305231506/tools/bin/../lib/gcc/arm-none-eabi/11.3.1/../../../../arm-none-eabi/lib/thumb/v7e-m+fp/hard\libc_nano.a(libc_a-lseekr.o)
[...]
Memory Configuration

Name             Origin             Length             Attributes
RAM              0x0000000020000000 0x0000000000010000 xrw
FLASH            0x0000000008000000 0x0000000000040000 xr
*default*        0x0000000000000000 0xffffffffffffffff

Linker script and memory map

LOAD C:/ST/STM32CubeIDE_1.13.0/STM32CubeIDE/plugins/com.st.stm32cube.ide.mcu.externaltools.gnu-tools-for-stm32.11.3.rel1.win32_1.1.0.202305231506/tools/bin/../lib/gcc/arm-none-eabi/11.3.1/thumb/v7e-m+fp/hard/crti.o
LOAD C:/ST/STM32CubeIDE_1.13.0/STM32CubeIDE/plugins/com.st.stm32cube.ide.mcu.externaltools.gnu-tools-for-stm32.11.3.rel1.win32_1.1.0.202305231506/tools/bin/../lib/gcc/arm-none-eabi/11.3.1/thumb/v7e-m+fp/hard/crtbegin.o
LOAD C:/ST/STM32CubeIDE_1.13.0/STM32CubeIDE/plugins/com.st.stm32cube.ide.mcu.externaltools.gnu-tools-for-stm32.11.3.rel1.win32_1.1.0.202305231506/tools/bin/../lib/gcc/arm-none-eabi/11.3.1/../../../../arm-none-eabi/lib/thumb/v7e-m+fp/hard/crt0.o
LOAD ./Core/Src/main.o
LOAD ./Core/Src/stm32f4xx_hal_msp.o
LOAD ./Core/Src/stm32f4xx_it.o
LOAD ./Core/Src/syscalls.o
LOAD ./Core/Src/sysmem.o
LOAD ./Core/Src/system_stm32f4xx.o
LOAD ./Core/Startup/startup_stm32f401ccux.o
LOAD ./Drivers/STM32F4xx_HAL_Driver/Src/stm32f4xx_hal.o
LOAD ./Drivers/STM32F4xx_HAL_Driver/Src/stm32f4xx_hal_cortex.o
LOAD ./Drivers/STM32F4xx_HAL_Driver/Src/stm32f4xx_hal_dma.o
LOAD ./Drivers/STM32F4xx_HAL_Driver/Src/stm32f4xx_hal_dma_ex.o
LOAD ./Drivers/STM32F4xx_HAL_Driver/Src/stm32f4xx_hal_exti.o
LOAD ./Drivers/STM32F4xx_HAL_Driver/Src/stm32f4xx_hal_flash.o
LOAD ./Drivers/STM32F4xx_HAL_Driver/Src/stm32f4xx_hal_flash_ex.o
LOAD ./Drivers/STM32F4xx_HAL_Driver/Src/stm32f4xx_hal_flash_ramfunc.o
LOAD ./Drivers/STM32F4xx_HAL_Driver/Src/stm32f4xx_hal_gpio.o
LOAD ./Drivers/STM32F4xx_HAL_Driver/Src/stm32f4xx_hal_pcd.o
LOAD ./Drivers/STM32F4xx_HAL_Driver/Src/stm32f4xx_hal_pcd_ex.o
LOAD ./Drivers/STM32F4xx_HAL_Driver/Src/stm32f4xx_hal_pwr.o
LOAD ./Drivers/STM32F4xx_HAL_Driver/Src/stm32f4xx_hal_pwr_ex.o
LOAD ./Drivers/STM32F4xx_HAL_Driver/Src/stm32f4xx_hal_rcc.o
LOAD ./Drivers/STM32F4xx_HAL_Driver/Src/stm32f4xx_hal_rcc_ex.o
LOAD ./Drivers/STM32F4xx_HAL_Driver/Src/stm32f4xx_hal_tim.o
LOAD ./Drivers/STM32F4xx_HAL_Driver/Src/stm32f4xx_hal_tim_ex.o
LOAD ./Drivers/STM32F4xx_HAL_Driver/Src/stm32f4xx_hal_uart.o
LOAD ./Drivers/STM32F4xx_HAL_Driver/Src/stm32f4xx_ll_usb.o
LOAD ./Drivers/arpc_server/arpc_generic.o
LOAD ./Drivers/arpc_server/arpc_server.o
LOAD ./Middlewares/ST/STM32_USB_Device_Library/Class/CDC/Src/usbd_cdc.o
LOAD ./Middlewares/ST/STM32_USB_Device_Library/Core/Src/usbd_core.o
LOAD ./Middlewares/ST/STM32_USB_Device_Library/Core/Src/usbd_ctlreq.o
LOAD ./Middlewares/ST/STM32_USB_Device_Library/Core/Src/usbd_ioreq.o
LOAD ./USB_DEVICE/App/usb_device.o
LOAD ./USB_DEVICE/App/usbd_cdc_if.o
LOAD ./USB_DEVICE/App/usbd_desc.o
LOAD ./USB_DEVICE/Target/usbd_conf.o
START GROUP
LOAD C:/ST/STM32CubeIDE_1.13.0/STM32CubeIDE/plugins/com.st.stm32cube.ide.mcu.externaltools.gnu-tools-for-stm32.11.3.rel1.win32_1.1.0.202305231506/tools/bin/../lib/gcc/arm-none-eabi/11.3.1/../../../../arm-none-eabi/lib/thumb/v7e-m+fp/hard\libc_nano.a
LOAD C:/ST/STM32CubeIDE_1.13.0/STM32CubeIDE/plugins/com.st.stm32cube.ide.mcu.externaltools.gnu-tools-for-stm32.11.3.rel1.win32_1.1.0.202305231506/tools/bin/../lib/gcc/arm-none-eabi/11.3.1/../../../../arm-none-eabi/lib/thumb/v7e-m+fp/hard\libm.a
END GROUP
START GROUP
LOAD C:/ST/STM32CubeIDE_1.13.0/STM32CubeIDE/plugins/com.st.stm32cube.ide.mcu.externaltools.gnu-tools-for-stm32.11.3.rel1.win32_1.1.0.202305231506/tools/bin/../lib/gcc/arm-none-eabi/11.3.1/thumb/v7e-m+fp/hard\libgcc.a
LOAD C:/ST/STM32CubeIDE_1.13.0/STM32CubeIDE/plugins/com.st.stm32cube.ide.mcu.externaltools.gnu-tools-for-stm32.11.3.rel1.win32_1.1.0.202305231506/tools/bin/../lib/gcc/arm-none-eabi/11.3.1/../../../../arm-none-eabi/lib/thumb/v7e-m+fp/hard\libc_nano.a
END GROUP
START GROUP
LOAD C:/ST/STM32CubeIDE_1.13.0/STM32CubeIDE/plugins/com.st.stm32cube.ide.mcu.externaltools.gnu-tools-for-stm32.11.3.rel1.win32_1.1.0.202305231506/tools/bin/../lib/gcc/arm-none-eabi/11.3.1/thumb/v7e-m+fp/hard\libgcc.a
LOAD C:/ST/STM32CubeIDE_1.13.0/STM32CubeIDE/plugins/com.st.stm32cube.ide.mcu.externaltools.gnu-tools-for-stm32.11.3.rel1.win32_1.1.0.202305231506/tools/bin/../lib/gcc/arm-none-eabi/11.3.1/../../../../arm-none-eabi/lib/thumb/v7e-m+fp/hard\libc_nano.a
LOAD C:/ST/STM32CubeIDE_1.13.0/STM32CubeIDE/plugins/com.st.stm32cube.ide.mcu.externaltools.gnu-tools-for-stm32.11.3.rel1.win32_1.1.0.202305231506/tools/bin/../lib/gcc/arm-none-eabi/11.3.1/../../../../arm-none-eabi/lib/thumb/v7e-m+fp/hard\libnosys.a
END GROUP
START GROUP
LOAD C:/ST/STM32CubeIDE_1.13.0/STM32CubeIDE/plugins/com.st.stm32cube.ide.mcu.externaltools.gnu-tools-for-stm32.11.3.rel1.win32_1.1.0.202305231506/tools/bin/../lib/gcc/arm-none-eabi/11.3.1/thumb/v7e-m+fp/hard\libgcc.a
LOAD C:/ST/STM32CubeIDE_1.13.0/STM32CubeIDE/plugins/com.st.stm32cube.ide.mcu.externaltools.gnu-tools-for-stm32.11.3.rel1.win32_1.1.0.202305231506/tools/bin/../lib/gcc/arm-none-eabi/11.3.1/../../../../arm-none-eabi/lib/thumb/v7e-m+fp/hard\libc_nano.a
LOAD C:/ST/STM32CubeIDE_1.13.0/STM32CubeIDE/plugins/com.st.stm32cube.ide.mcu.externaltools.gnu-tools-for-stm32.11.3.rel1.win32_1.1.0.202305231506/tools/bin/../lib/gcc/arm-none-eabi/11.3.1/../../../../arm-none-eabi/lib/thumb/v7e-m+fp/hard\libnosys.a
END GROUP
LOAD C:/ST/STM32CubeIDE_1.13.0/STM32CubeIDE/plugins/com.st.stm32cube.ide.mcu.externaltools.gnu-tools-for-stm32.11.3.rel1.win32_1.1.0.202305231506/tools/bin/../lib/gcc/arm-none-eabi/11.3.1/thumb/v7e-m+fp/hard/crtend.o
LOAD C:/ST/STM32CubeIDE_1.13.0/STM32CubeIDE/plugins/com.st.stm32cube.ide.mcu.externaltools.gnu-tools-for-stm32.11.3.rel1.win32_1.1.0.202305231506/tools/bin/../lib/gcc/arm-none-eabi/11.3.1/thumb/v7e-m+fp/hard/crtn.o
                0x0000000020010000                _estack = (ORIGIN (RAM) + LENGTH (RAM))
                0x0000000000000200                _Min_Heap_Size = 0x200
                0x0000000000000400                _Min_Stack_Size = 0x400

.isr_vector     0x0000000008000000      0x194
                0x0000000008000000                . = ALIGN (0x4)
 *(.isr_vector)
 .isr_vector    0x0000000008000000      0x194 ./Core/Startup/startup_stm32f401ccux.o
                0x0000000008000000                g_pfnVectors
                0x0000000008000194                . = ALIGN (0x4)

.text           0x0000000008000194     0x7814
                0x0000000008000194                . = ALIGN (0x4)
 *(.text)
 .text          0x0000000008000194       0x40 C:/ST/STM32CubeIDE_1.13.0/STM32CubeIDE/plugins/com.st.stm32cube.ide.mcu.externaltools.gnu-tools-for-stm32.11.3.rel1.win32_1.1.0.202305231506/tools/bin/../lib/gcc/arm-none-eabi/11.3.1/thumb/v7e-m+fp/hard/crtbegin.o
 .text          0x00000000080001d4       0x30 C:/ST/STM32CubeIDE_1.13.0/STM32CubeIDE/plugins/com.st.stm32cube.ide.mcu.externaltools.gnu-tools-for-stm32.11.3.rel1.win32_1.1.0.202305231506/tools/bin/../lib/gcc/arm-none-eabi/11.3.1/thumb/v7e-m+fp/hard\libgcc.a(_aeabi_uldivmod.o)
                0x00000000080001d4                __aeabi_uldivmod
 .text          0x0000000008000204      0x2c8 C:/ST/STM32CubeIDE_1.13.0/STM32CubeIDE/plugins/com.st.stm32cube.ide.mcu.externaltools.gnu-tools-for-stm32.11.3.rel1.win32_1.1.0.202305231506/tools/bin/../lib/gcc/arm-none-eabi/11.3.1/thumb/v7e-m+fp/hard\libgcc.a(_udivmoddi4.o)
                0x0000000008000204                __udivmoddi4
 .text          0x00000000080004cc        0x4 C:/ST/STM32CubeIDE_1.13.0/STM32CubeIDE/plugins/com.st.stm32cube.ide.mcu.externaltools.gnu-tools-for-stm32.11.3.rel1.win32_1.1.0.202305231506/tools/bin/../lib/gcc/arm-none-eabi/11.3.1/thumb/v7e-m+fp/hard\libgcc.a(_dvmd_tls.o)
                0x00000000080004cc                __aeabi_idiv0
                0x00000000080004cc                __aeabi_ldiv0
 *(.text*)
 .text.setLED   0x00000000080004d0       0x24 ./Core/Src/main.o
                0x00000000080004d0                setLED
 .text.sendByte
                0x00000000080004f4       0x3c ./Core/Src/main.o
                0x00000000080004f4                sendByte
 .text.shutdown
                0x0000000008000530       0x24 ./Core/Src/main.o
                0x0000000008000530                shutdown
 .text.main     0x0000000008000554       0x20 ./Core/Src/main.o
                0x0000000008000554                main
 .text.SystemClock_Config
                0x0000000008000574       0xd8 ./Core/Src/main.o
                0x0000000008000574                SystemClock_Config
 .text.MX_USART1_UART_Init
                0x000000000800064c       0x54 ./Core/Src/main.o
 .text.MX_GPIO_Init
                0x00000000080006a0       0xa4 ./Core/Src/main.o
 .text.Error_Handler
                0x0000000008000744        0xa ./Core/Src/main.o
                0x0000000008000744                Error_Handler
 *fill*         0x000000000800074e        0x2 
 .text.HAL_MspInit
                0x0000000008000750       0x50 ./Core/Src/stm32f4xx_hal_msp.o
                0x0000000008000750                HAL_MspInit
 .text.HAL_UART_MspInit
                0x00000000080007a0       0x90 ./Core/Src/stm32f4xx_hal_msp.o
                0x00000000080007a0                HAL_UART_MspInit
 .text.NMI_Handler
                0x0000000008000830        0x6 ./Core/Src/stm32f4xx_it.o
                0x0000000008000830                NMI_Handler
 .text.HardFault_Handler
                0x0000000008000836        0x6 ./Core/Src/stm32f4xx_it.o
                0x0000000008000836                HardFault_Handler
 .text.MemManage_Handler
                0x000000000800083c        0x6 ./Core/Src/stm32f4xx_it.o
                0x000000000800083c                MemManage_Handler
 .text.BusFault_Handler
                0x0000000008000842        0x6 ./Core/Src/stm32f4xx_it.o
                0x0000000008000842                BusFault_Handler
 .text.UsageFault_Handler
                0x0000000008000848        0x6 ./Core/Src/stm32f4xx_it.o
                0x0000000008000848                UsageFault_Handler
 .text.SVC_Handler
                0x000000000800084e        0xe ./Core/Src/stm32f4xx_it.o
                0x000000000800084e                SVC_Handler
 .text.DebugMon_Handler
                0x000000000800085c        0xe ./Core/Src/stm32f4xx_it.o
                0x000000000800085c                DebugMon_Handler
 .text.PendSV_Handler
                0x000000000800086a        0xe ./Core/Src/stm32f4xx_it.o
                0x000000000800086a                PendSV_Handler
 .text.SysTick_Handler
                0x0000000008000878        0xc ./Core/Src/stm32f4xx_it.o
                0x0000000008000878                SysTick_Handler
 .text.OTG_FS_IRQHandler
                0x0000000008000884       0x14 ./Core/Src/stm32f4xx_it.o
                0x0000000008000884                OTG_FS_IRQHandler
 .text.SystemInit
                0x0000000008000898       0x24 ./Core/Src/system_stm32f4xx.o
                0x0000000008000898                SystemInit
 .text.Reset_Handler
                0x00000000080008bc       0x50 ./Core/Startup/startup_stm32f401ccux.o
                0x00000000080008bc                Reset_Handler
 .text.Default_Handler
                0x000000000800090c        0x2 ./Core/Startup/startup_stm32f401ccux.o
                0x000000000800090c                RTC_Alarm_IRQHandler
                0x000000000800090c                EXTI2_IRQHandler
                0x000000000800090c                SPI4_IRQHandler
                0x000000000800090c                TIM1_CC_IRQHandler
                0x000000000800090c                DMA2_Stream5_IRQHandler
                0x000000000800090c                DMA1_Stream5_IRQHandler
                0x000000000800090c                PVD_IRQHandler
                0x000000000800090c                SDIO_IRQHandler
                0x000000000800090c                TAMP_STAMP_IRQHandler
                0x000000000800090c                EXTI3_IRQHandler
                0x000000000800090c                TIM1_UP_TIM10_IRQHandler
                0x000000000800090c                I2C3_ER_IRQHandler
                0x000000000800090c                EXTI0_IRQHandler
                0x000000000800090c                I2C2_EV_IRQHandler
                0x000000000800090c                DMA1_Stream2_IRQHandler
                0x000000000800090c                FPU_IRQHandler
                0x000000000800090c                DMA2_Stream2_IRQHandler
                0x000000000800090c                SPI1_IRQHandler
                0x000000000800090c                TIM1_BRK_TIM9_IRQHandler
                0x000000000800090c                DMA2_Stream3_IRQHandler
                0x000000000800090c                USART6_IRQHandler
                0x000000000800090c                DMA2_Stream0_IRQHandler
                0x000000000800090c                TIM4_IRQHandler
                0x000000000800090c                I2C1_EV_IRQHandler
                0x000000000800090c                DMA1_Stream6_IRQHandler
                0x000000000800090c                DMA1_Stream1_IRQHandler
                0x000000000800090c                TIM3_IRQHandler
                0x000000000800090c                RCC_IRQHandler
                0x000000000800090c                Default_Handler
                0x000000000800090c                EXTI15_10_IRQHandler
                0x000000000800090c                ADC_IRQHandler
                0x000000000800090c                DMA1_Stream7_IRQHandler
                0x000000000800090c                TIM5_IRQHandler
                0x000000000800090c                DMA2_Stream7_IRQHandler
                0x000000000800090c                I2C3_EV_IRQHandler
                0x000000000800090c                EXTI9_5_IRQHandler
                0x000000000800090c                RTC_WKUP_IRQHandler
                0x000000000800090c                SPI2_IRQHandler
                0x000000000800090c                DMA1_Stream0_IRQHandler
                0x000000000800090c                EXTI4_IRQHandler
                0x000000000800090c                WWDG_IRQHandler
                0x000000000800090c                TIM2_IRQHandler
                0x000000000800090c                OTG_FS_WKUP_IRQHandler
                0x000000000800090c                TIM1_TRG_COM_TIM11_IRQHandler
                0x000000000800090c                EXTI1_IRQHandler
                0x000000000800090c                USART2_IRQHandler
                0x000000000800090c                I2C2_ER_IRQHandler
                0x000000000800090c                DMA2_Stream1_IRQHandler
                0x000000000800090c                FLASH_IRQHandler
                0x000000000800090c                DMA2_Stream4_IRQHandler
                0x000000000800090c                USART1_IRQHandler
                0x000000000800090c                SPI3_IRQHandler
                0x000000000800090c                DMA1_Stream4_IRQHandler
                0x000000000800090c                I2C1_ER_IRQHandler
                0x000000000800090c                DMA2_Stream6_IRQHandler
                0x000000000800090c                DMA1_Stream3_IRQHandler
 *fill*         0x000000000800090e        0x2 
 .text.HAL_Init
                0x0000000008000910       0x44 ./Drivers/STM32F4xx_HAL_Driver/Src/stm32f4xx_hal.o
                0x0000000008000910                HAL_Init
 .text.HAL_InitTick
                0x0000000008000954       0x60 ./Drivers/STM32F4xx_HAL_Driver/Src/stm32f4xx_hal.o
                0x0000000008000954                HAL_InitTick
 .text.HAL_IncTick
                0x00000000080009b4       0x28 ./Drivers/STM32F4xx_HAL_Driver/Src/stm32f4xx_hal.o
                0x00000000080009b4                HAL_IncTick
 .text.HAL_GetTick
                0x00000000080009dc       0x18 ./Drivers/STM32F4xx_HAL_Driver/Src/stm32f4xx_hal.o
                0x00000000080009dc                HAL_GetTick
 .text.HAL_Delay
                0x00000000080009f4       0x48 ./Drivers/STM32F4xx_HAL_Driver/Src/stm32f4xx_hal.o
                0x00000000080009f4                HAL_Delay
 .text.__NVIC_SetPriorityGrouping
                0x0000000008000a3c       0x48 ./Drivers/STM32F4xx_HAL_Driver/Src/stm32f4xx_hal_cortex.o
 .text.__NVIC_GetPriorityGrouping
                0x0000000008000a84       0x1c ./Drivers/STM32F4xx_HAL_Driver/Src/stm32f4xx_hal_cortex.o
 .text.__NVIC_EnableIRQ
                0x0000000008000aa0       0x3c ./Drivers/STM32F4xx_HAL_Driver/Src/stm32f4xx_hal_cortex.o
 .text.__NVIC_SetPriority
                0x0000000008000adc       0x54 ./Drivers/STM32F4xx_HAL_Driver/Src/stm32f4xx_hal_cortex.o
 .text.NVIC_EncodePriority
                0x0000000008000b30       0x66 ./Drivers/STM32F4xx_HAL_Driver/Src/stm32f4xx_hal_cortex.o
 *fill*         0x0000000008000b96        0x2 
 .text.SysTick_Config
                0x0000000008000b98       0x44 ./Drivers/STM32F4xx_HAL_Driver/Src/stm32f4xx_hal_cortex.o
 .text.HAL_NVIC_SetPriorityGrouping
                0x0000000008000bdc       0x16 ./Drivers/STM32F4xx_HAL_Driver/Src/stm32f4xx_hal_cortex.o
                0x0000000008000bdc                HAL_NVIC_SetPriorityGrouping
 .text.HAL_NVIC_SetPriority
                0x0000000008000bf2       0x38 ./Drivers/STM32F4xx_HAL_Driver/Src/stm32f4xx_hal_cortex.o
                0x0000000008000bf2                HAL_NVIC_SetPriority
 .text.HAL_NVIC_EnableIRQ
                0x0000000008000c2a       0x1c ./Drivers/STM32F4xx_HAL_Driver/Src/stm32f4xx_hal_cortex.o
                0x0000000008000c2a                HAL_NVIC_EnableIRQ
 .text.HAL_SYSTICK_Config
                0x0000000008000c46       0x18 ./Drivers/STM32F4xx_HAL_Driver/Src/stm32f4xx_hal_cortex.o
                0x0000000008000c46                HAL_SYSTICK_Config
 *fill*         0x0000000008000c5e        0x2 
 .text.HAL_GPIO_Init
                0x0000000008000c60      0x308 ./Drivers/STM32F4xx_HAL_Driver/Src/stm32f4xx_hal_gpio.o
                0x0000000008000c60                HAL_GPIO_Init
 .text.HAL_GPIO_WritePin
                0x0000000008000f68       0x32 ./Drivers/STM32F4xx_HAL_Driver/Src/stm32f4xx_hal_gpio.o
                0x0000000008000f68                HAL_GPIO_WritePin
 .text.HAL_GPIO_TogglePin
                0x0000000008000f9a       0x34 ./Drivers/STM32F4xx_HAL_Driver/Src/stm32f4xx_hal_gpio.o
                0x0000000008000f9a                HAL_GPIO_TogglePin
 .text.HAL_PCD_Init
                0x0000000008000fce      0x23a ./Drivers/STM32F4xx_HAL_Driver/Src/stm32f4xx_hal_pcd.o
                0x0000000008000fce                HAL_PCD_Init
 .text.HAL_PCD_Start
                0x0000000008001208       0x66 ./Drivers/STM32F4xx_HAL_Driver/Src/stm32f4xx_hal_pcd.o
                0x0000000008001208                HAL_PCD_Start
 .text.HAL_PCD_IRQHandler
                0x000000000800126e      0x93e ./Drivers/STM32F4xx_HAL_Driver/Src/stm32f4xx_hal_pcd.o
                0x000000000800126e                HAL_PCD_IRQHandler
 .text.HAL_PCD_SetAddress
                0x0000000008001bac       0x4a ./Drivers/STM32F4xx_HAL_Driver/Src/stm32f4xx_hal_pcd.o
                0x0000000008001bac                HAL_PCD_SetAddress
 .text.HAL_PCD_EP_Open
                0x0000000008001bf6       0xd0 ./Drivers/STM32F4xx_HAL_Driver/Src/stm32f4xx_hal_pcd.o
                0x0000000008001bf6                HAL_PCD_EP_Open
 .text.HAL_PCD_EP_Close
                0x0000000008001cc6       0x94 ./Drivers/STM32F4xx_HAL_Driver/Src/stm32f4xx_hal_pcd.o
                0x0000000008001cc6                HAL_PCD_EP_Close
 .text.HAL_PCD_EP_Receive
                0x0000000008001d5a       0x96 ./Drivers/STM32F4xx_HAL_Driver/Src/stm32f4xx_hal_pcd.o
                0x0000000008001d5a                HAL_PCD_EP_Receive
 .text.HAL_PCD_EP_GetRxCount
                0x0000000008001df0       0x30 ./Drivers/STM32F4xx_HAL_Driver/Src/stm32f4xx_hal_pcd.o
                0x0000000008001df0                HAL_PCD_EP_GetRxCount
 .text.HAL_PCD_EP_Transmit
                0x0000000008001e20       0x94 ./Drivers/STM32F4xx_HAL_Driver/Src/stm32f4xx_hal_pcd.o
                0x0000000008001e20                HAL_PCD_EP_Transmit
 .text.HAL_PCD_EP_SetStall
                0x0000000008001eb4       0xc8 ./Drivers/STM32F4xx_HAL_Driver/Src/stm32f4xx_hal_pcd.o
                0x0000000008001eb4                HAL_PCD_EP_SetStall
 .text.HAL_PCD_EP_ClrStall
                0x0000000008001f7c       0xac ./Drivers/STM32F4xx_HAL_Driver/Src/stm32f4xx_hal_pcd.o
                0x0000000008001f7c                HAL_PCD_EP_ClrStall
 .text.HAL_PCD_EP_Abort
                0x0000000008002028       0x62 ./Drivers/STM32F4xx_HAL_Driver/Src/stm32f4xx_hal_pcd.o
                0x0000000008002028                HAL_PCD_EP_Abort
 .text.PCD_WriteEmptyTxFifo
                0x000000000800208a      0x11a ./Drivers/STM32F4xx_HAL_Driver/Src/stm32f4xx_hal_pcd.o
 .text.PCD_EP_OutXfrComplete_int
                0x00000000080021a4      0x1d0 ./Drivers/STM32F4xx_HAL_Driver/Src/stm32f4xx_hal_pcd.o
 .text.PCD_EP_OutSetupPacket_int
                0x0000000008002374       0x8c ./Drivers/STM32F4xx_HAL_Driver/Src/stm32f4xx_hal_pcd.o
 .text.HAL_PCDEx_SetTxFiFo
                0x0000000008002400       0x8e ./Drivers/STM32F4xx_HAL_Driver/Src/stm32f4xx_hal_pcd_ex.o
                0x0000000008002400                HAL_PCDEx_SetTxFiFo
 .text.HAL_PCDEx_SetRxFiFo
                0x000000000800248e       0x22 ./Drivers/STM32F4xx_HAL_Driver/Src/stm32f4xx_hal_pcd_ex.o
                0x000000000800248e                HAL_PCDEx_SetRxFiFo
 .text.HAL_PCDEx_LPM_Callback
                0x00000000080024b0       0x18 ./Drivers/STM32F4xx_HAL_Driver/Src/stm32f4xx_hal_pcd_ex.o
                0x00000000080024b0                HAL_PCDEx_LPM_Callback
 .text.HAL_RCC_OscConfig
                0x00000000080024c8      0x4f0 ./Drivers/STM32F4xx_HAL_Driver/Src/stm32f4xx_hal_rcc.o
                0x00000000080024c8                HAL_RCC_OscConfig
 .text.HAL_RCC_ClockConfig
                0x00000000080029b8      0x1cc ./Drivers/STM32F4xx_HAL_Driver/Src/stm32f4xx_hal_rcc.o
                0x00000000080029b8                HAL_RCC_ClockConfig
 .text.HAL_RCC_GetSysClockFreq
                0x0000000008002b84      0x18c ./Drivers/STM32F4xx_HAL_Driver/Src/stm32f4xx_hal_rcc.o
                0x0000000008002b84                HAL_RCC_GetSysClockFreq
 .text.HAL_RCC_GetHCLKFreq
                0x0000000008002d10       0x18 ./Drivers/STM32F4xx_HAL_Driver/Src/stm32f4xx_hal_rcc.o
                0x0000000008002d10                HAL_RCC_GetHCLKFreq
 .text.HAL_RCC_GetPCLK1Freq
                0x0000000008002d28       0x28 ./Drivers/STM32F4xx_HAL_Driver/Src/stm32f4xx_hal_rcc.o
                0x0000000008002d28                HAL_RCC_GetPCLK1Freq
 .text.HAL_RCC_GetPCLK2Freq
                0x0000000008002d50       0x28 ./Drivers/STM32F4xx_HAL_Driver/Src/stm32f4xx_hal_rcc.o
                0x0000000008002d50                HAL_RCC_GetPCLK2Freq
 .text.HAL_UART_Init
                0x0000000008002d78       0x9a ./Drivers/STM32F4xx_HAL_Driver/Src/stm32f4xx_hal_uart.o
                0x0000000008002d78                HAL_UART_Init
 *fill*         0x0000000008002e12        0x2 
 .text.UART_SetConfig
                0x0000000008002e14      0x4e8 ./Drivers/STM32F4xx_HAL_Driver/Src/stm32f4xx_hal_uart.o
 .text.USB_CoreInit
                0x00000000080032fc       0xc2 ./Drivers/STM32F4xx_HAL_Driver/Src/stm32f4xx_ll_usb.o
                0x00000000080032fc                USB_CoreInit
 *fill*         0x00000000080033be        0x2 
 .text.USB_SetTurnaroundTime
                0x00000000080033c0      0x144 ./Drivers/STM32F4xx_HAL_Driver/Src/stm32f4xx_ll_usb.o
                0x00000000080033c0                USB_SetTurnaroundTime
 .text.USB_EnableGlobalInt
                0x0000000008003504       0x22 ./Drivers/STM32F4xx_HAL_Driver/Src/stm32f4xx_ll_usb.o
                0x0000000008003504                USB_EnableGlobalInt
 .text.USB_DisableGlobalInt
                0x0000000008003526       0x22 ./Drivers/STM32F4xx_HAL_Driver/Src/stm32f4xx_ll_usb.o
                0x0000000008003526                USB_DisableGlobalInt
 .text.USB_SetCurrentMode
                0x0000000008003548       0x98 ./Drivers/STM32F4xx_HAL_Driver/Src/stm32f4xx_ll_usb.o
                0x0000000008003548                USB_SetCurrentMode
 .text.USB_DevInit
                0x00000000080035e0      0x2c8 ./Drivers/STM32F4xx_HAL_Driver/Src/stm32f4xx_ll_usb.o
                0x00000000080035e0                USB_DevInit
 .text.USB_FlushTxFifo
                0x00000000080038a8       0x68 ./Drivers/STM32F4xx_HAL_Driver/Src/stm32f4xx_ll_usb.o
                0x00000000080038a8                USB_FlushTxFifo
 .text.USB_FlushRxFifo
                0x0000000008003910       0x60 ./Drivers/STM32F4xx_HAL_Driver/Src/stm32f4xx_ll_usb.o
                0x0000000008003910                USB_FlushRxFifo
 .text.USB_SetDevSpeed
                0x0000000008003970       0x32 ./Drivers/STM32F4xx_HAL_Driver/Src/stm32f4xx_ll_usb.o
                0x0000000008003970                USB_SetDevSpeed
 .text.USB_GetDevSpeed
                0x00000000080039a2       0x4a ./Drivers/STM32F4xx_HAL_Driver/Src/stm32f4xx_ll_usb.o
                0x00000000080039a2                USB_GetDevSpeed
 .text.USB_ActivateEndpoint
                0x00000000080039ec      0x10e ./Drivers/STM32F4xx_HAL_Driver/Src/stm32f4xx_ll_usb.o
                0x00000000080039ec                USB_ActivateEndpoint
 *fill*         0x0000000008003afa        0x2 
 .text.USB_DeactivateEndpoint
                0x0000000008003afc      0x1b8 ./Drivers/STM32F4xx_HAL_Driver/Src/stm32f4xx_ll_usb.o
                0x0000000008003afc                USB_DeactivateEndpoint
 .text.USB_EPStartXfer
                0x0000000008003cb4      0x490 ./Drivers/STM32F4xx_HAL_Driver/Src/stm32f4xx_ll_usb.o
                0x0000000008003cb4                USB_EPStartXfer
 .text.USB_EP0StartXfer
                0x0000000008004144      0x2b0 ./Drivers/STM32F4xx_HAL_Driver/Src/stm32f4xx_ll_usb.o
                0x0000000008004144                USB_EP0StartXfer
 .text.USB_EPStopXfer
                0x00000000080043f4      0x154 ./Drivers/STM32F4xx_HAL_Driver/Src/stm32f4xx_ll_usb.o
                0x00000000080043f4                USB_EPStopXfer
 .text.USB_WritePacket
                0x0000000008004548       0x7c ./Drivers/STM32F4xx_HAL_Driver/Src/stm32f4xx_ll_usb.o
                0x0000000008004548                USB_WritePacket
 .text.USB_ReadPacket
                0x00000000080045c4       0xb0 ./Drivers/STM32F4xx_HAL_Driver/Src/stm32f4xx_ll_usb.o
                0x00000000080045c4                USB_ReadPacket
 .text.USB_EPSetStall
                0x0000000008004674       0xdc ./Drivers/STM32F4xx_HAL_Driver/Src/stm32f4xx_ll_usb.o
                0x0000000008004674                USB_EPSetStall
 .text.USB_EPClearStall
                0x0000000008004750       0xcc ./Drivers/STM32F4xx_HAL_Driver/Src/stm32f4xx_ll_usb.o
                0x0000000008004750                USB_EPClearStall
 .text.USB_SetDevAddress
                0x000000000800481c       0x4c ./Drivers/STM32F4xx_HAL_Driver/Src/stm32f4xx_ll_usb.o
                0x000000000800481c                USB_SetDevAddress
 .text.USB_DevConnect
                0x0000000008004868       0x42 ./Drivers/STM32F4xx_HAL_Driver/Src/stm32f4xx_ll_usb.o
                0x0000000008004868                USB_DevConnect
 .text.USB_DevDisconnect
                0x00000000080048aa       0x42 ./Drivers/STM32F4xx_HAL_Driver/Src/stm32f4xx_ll_usb.o
                0x00000000080048aa                USB_DevDisconnect
 .text.USB_ReadInterrupts
                0x00000000080048ec       0x26 ./Drivers/STM32F4xx_HAL_Driver/Src/stm32f4xx_ll_usb.o
                0x00000000080048ec                USB_ReadInterrupts
 .text.USB_ReadDevAllOutEpInterrupt
                0x0000000008004912       0x34 ./Drivers/STM32F4xx_HAL_Driver/Src/stm32f4xx_ll_usb.o
                0x0000000008004912                USB_ReadDevAllOutEpInterrupt
 .text.USB_ReadDevAllInEpInterrupt
                0x0000000008004946       0x34 ./Drivers/STM32F4xx_HAL_Driver/Src/stm32f4xx_ll_usb.o
                0x0000000008004946                USB_ReadDevAllInEpInterrupt
 .text.USB_ReadDevOutEPInterrupt
                0x000000000800497a       0x3c ./Drivers/STM32F4xx_HAL_Driver/Src/stm32f4xx_ll_usb.o
                0x000000000800497a                USB_ReadDevOutEPInterrupt
 .text.USB_ReadDevInEPInterrupt
                0x00000000080049b6       0x5c ./Drivers/STM32F4xx_HAL_Driver/Src/stm32f4xx_ll_usb.o
                0x00000000080049b6                USB_ReadDevInEPInterrupt
 .text.USB_GetMode
                0x0000000008004a12       0x1c ./Drivers/STM32F4xx_HAL_Driver/Src/stm32f4xx_ll_usb.o
                0x0000000008004a12                USB_GetMode
 .text.USB_ActivateSetup
                0x0000000008004a2e       0x46 ./Drivers/STM32F4xx_HAL_Driver/Src/stm32f4xx_ll_usb.o
                0x0000000008004a2e                USB_ActivateSetup
 .text.USB_EP0_OutStart
                0x0000000008004a74       0xbc ./Drivers/STM32F4xx_HAL_Driver/Src/stm32f4xx_ll_usb.o
                0x0000000008004a74                USB_EP0_OutStart
 .text.USB_CoreReset
                0x0000000008004b30       0x68 ./Drivers/STM32F4xx_HAL_Driver/Src/stm32f4xx_ll_usb.o
 .text.checkBuffer
                0x0000000008004b98       0x46 ./Drivers/arpc_server/arpc_generic.o
                0x0000000008004b98                checkBuffer
 .text.resetBuffer
                0x0000000008004bde       0x22 ./Drivers/arpc_server/arpc_generic.o
                0x0000000008004bde                resetBuffer
 .text.calculateCRC
                0x0000000008004c00       0x1c ./Drivers/arpc_server/arpc_generic.o
                0x0000000008004c00                calculateCRC
 .text.checkCRC
                0x0000000008004c1c       0x2c ./Drivers/arpc_server/arpc_generic.o
                0x0000000008004c1c                checkCRC
 .text.arpcEncodeGeneric
                0x0000000008004c48       0xde ./Drivers/arpc_server/arpc_generic.o
                0x0000000008004c48                arpcEncodeGeneric
 .text.arpcSendFrame
                0x0000000008004d26       0x82 ./Drivers/arpc_server/arpc_generic.o
                0x0000000008004d26                arpcSendFrame
 .text.arpcReceiveFrame
                0x0000000008004da8       0x46 ./Drivers/arpc_server/arpc_server.o
                0x0000000008004da8                arpcReceiveFrame
 *fill*         0x0000000008004dee        0x2 
 .text.processBuffer
                0x0000000008004df0       0xac ./Drivers/arpc_server/arpc_server.o
                0x0000000008004df0                processBuffer
 .text.arpcByteReceived
                0x0000000008004e9c       0x4c ./Drivers/arpc_server/arpc_server.o
                0x0000000008004e9c                arpcByteReceived
 .text.HAL_Delay_generateResponseFrame
                0x0000000008004ee8       0x2e ./Drivers/arpc_server/arpc_server.o
                0x0000000008004ee8                HAL_Delay_generateResponseFrame
 .text.setLED_generateResponseFrame
                0x0000000008004f16       0x2e ./Drivers/arpc_server/arpc_server.o
                0x0000000008004f16                setLED_generateResponseFrame
 .text.USBD_CDC_Init
                0x0000000008004f44      0x1f0 ./Middlewares/ST/STM32_USB_Device_Library/Class/CDC/Src/usbd_cdc.o
 .text.USBD_CDC_DeInit
                0x0000000008005134      0x104 ./Middlewares/ST/STM32_USB_Device_Library/Class/CDC/Src/usbd_cdc.o
 .text.USBD_CDC_Setup
                0x0000000008005238      0x1b8 ./Middlewares/ST/STM32_USB_Device_Library/Class/CDC/Src/usbd_cdc.o
 .text.USBD_CDC_DataIn
                0x00000000080053f0       0xfe ./Middlewares/ST/STM32_USB_Device_Library/Class/CDC/Src/usbd_cdc.o
 .text.USBD_CDC_DataOut
                0x00000000080054ee       0x70 ./Middlewares/ST/STM32_USB_Device_Library/Class/CDC/Src/usbd_cdc.o
 .text.USBD_CDC_EP0_RxReady
                0x000000000800555e       0x76 ./Middlewares/ST/STM32_USB_Device_Library/Class/CDC/Src/usbd_cdc.o
 .text.USBD_CDC_GetFSCfgDesc
                0x00000000080055d4       0x70 ./Middlewares/ST/STM32_USB_Device_Library/Class/CDC/Src/usbd_cdc.o
 .text.USBD_CDC_GetHSCfgDesc
                0x0000000008005644       0x70 ./Middlewares/ST/STM32_USB_Device_Library/Class/CDC/Src/usbd_cdc.o
 .text.USBD_CDC_GetOtherSpeedCfgDesc
                0x00000000080056b4       0x70 ./Middlewares/ST/STM32_USB_Device_Library/Class/CDC/Src/usbd_cdc.o
 .text.USBD_CDC_GetDeviceQualifierDescriptor
                0x0000000008005724       0x20 ./Middlewares/ST/STM32_USB_Device_Library/Class/CDC/Src/usbd_cdc.o
                0x0000000008005724                USBD_CDC_GetDeviceQualifierDescriptor
 .text.USBD_CDC_RegisterInterface
                0x0000000008005744       0x34 ./Middlewares/ST/STM32_USB_Device_Library/Class/CDC/Src/usbd_cdc.o
                0x0000000008005744                USBD_CDC_RegisterInterface
 .text.USBD_CDC_SetTxBuffer
                0x0000000008005778       0x44 ./Middlewares/ST/STM32_USB_Device_Library/Class/CDC/Src/usbd_cdc.o
                0x0000000008005778                USBD_CDC_SetTxBuffer
 .text.USBD_CDC_SetRxBuffer
                0x00000000080057bc       0x3a ./Middlewares/ST/STM32_USB_Device_Library/Class/CDC/Src/usbd_cdc.o
                0x00000000080057bc                USBD_CDC_SetRxBuffer
 *fill*         0x00000000080057f6        0x2 
 .text.USBD_CDC_TransmitPacket
                0x00000000080057f8       0x8c ./Middlewares/ST/STM32_USB_Device_Library/Class/CDC/Src/usbd_cdc.o
                0x00000000080057f8                USBD_CDC_TransmitPacket
 .text.USBD_CDC_ReceivePacket
                0x0000000008005884       0x6c ./Middlewares/ST/STM32_USB_Device_Library/Class/CDC/Src/usbd_cdc.o
                0x0000000008005884                USBD_CDC_ReceivePacket
 .text.USBD_Init
                0x00000000080058f0       0x60 ./Middlewares/ST/STM32_USB_Device_Library/Core/Src/usbd_core.o
                0x00000000080058f0                USBD_Init
 .text.USBD_RegisterClass
                0x0000000008005950       0x6c ./Middlewares/ST/STM32_USB_Device_Library/Core/Src/usbd_core.o
                0x0000000008005950                USBD_RegisterClass
 .text.USBD_Start
                0x00000000080059bc       0x18 ./Middlewares/ST/STM32_USB_Device_Library/Core/Src/usbd_core.o
                0x00000000080059bc                USBD_Start
 .text.USBD_RunTestMode
                0x00000000080059d4       0x16 ./Middlewares/ST/STM32_USB_Device_Library/Core/Src/usbd_core.o
                0x00000000080059d4                USBD_RunTestMode
 .text.USBD_SetClassConfig
                0x00000000080059ea       0x38 ./Middlewares/ST/STM32_USB_Device_Library/Core/Src/usbd_core.o
                0x00000000080059ea                USBD_SetClassConfig
 .text.USBD_ClrClassConfig
                0x0000000008005a22       0x34 ./Middlewares/ST/STM32_USB_Device_Library/Core/Src/usbd_core.o
                0x0000000008005a22                USBD_ClrClassConfig
 .text.USBD_LL_SetupStage
                0x0000000008005a56       0xaa ./Middlewares/ST/STM32_USB_Device_Library/Core/Src/usbd_core.o
                0x0000000008005a56                USBD_LL_SetupStage
 .text.USBD_LL_DataOutStage
                0x0000000008005b00      0x166 ./Middlewares/ST/STM32_USB_Device_Library/Core/Src/usbd_core.o
                0x0000000008005b00                USBD_LL_DataOutStage
 .text.USBD_LL_DataInStage
                0x0000000008005c66      0x164 ./Middlewares/ST/STM32_USB_Device_Library/Core/Src/usbd_core.o
                0x0000000008005c66                USBD_LL_DataInStage
 .text.USBD_LL_Reset
                0x0000000008005dca       0xa4 ./Middlewares/ST/STM32_USB_Device_Library/Core/Src/usbd_core.o
                0x0000000008005dca                USBD_LL_Reset
 .text.USBD_LL_SetSpeed
                0x0000000008005e6e       0x20 ./Middlewares/ST/STM32_USB_Device_Library/Core/Src/usbd_core.o
                0x0000000008005e6e                USBD_LL_SetSpeed
 .text.USBD_LL_Suspend
                0x0000000008005e8e       0x2c ./Middlewares/ST/STM32_USB_Device_Library/Core/Src/usbd_core.o
                0x0000000008005e8e                USBD_LL_Suspend
 .text.USBD_LL_Resume
                0x0000000008005eba       0x30 ./Middlewares/ST/STM32_USB_Device_Library/Core/Src/usbd_core.o
                0x0000000008005eba                USBD_LL_Resume
 .text.USBD_LL_SOF
                0x0000000008005eea       0x40 ./Middlewares/ST/STM32_USB_Device_Library/Core/Src/usbd_core.o
                0x0000000008005eea                USBD_LL_SOF
 .text.USBD_LL_IsoINIncomplete
                0x0000000008005f2a       0x64 ./Middlewares/ST/STM32_USB_Device_Library/Core/Src/usbd_core.o
                0x0000000008005f2a                USBD_LL_IsoINIncomplete
 .text.USBD_LL_IsoOUTIncomplete
                0x0000000008005f8e       0x64 ./Middlewares/ST/STM32_USB_Device_Library/Core/Src/usbd_core.o
                0x0000000008005f8e                USBD_LL_IsoOUTIncomplete
 .text.USBD_LL_DevConnected
                0x0000000008005ff2       0x16 ./Middlewares/ST/STM32_USB_Device_Library/Core/Src/usbd_core.o
                0x0000000008005ff2                USBD_LL_DevConnected
 .text.USBD_LL_DevDisconnected
                0x0000000008006008       0x46 ./Middlewares/ST/STM32_USB_Device_Library/Core/Src/usbd_core.o
                0x0000000008006008                USBD_LL_DevDisconnected
 .text.USBD_CoreFindIF
                0x000000000800604e       0x1a ./Middlewares/ST/STM32_USB_Device_Library/Core/Src/usbd_core.o
                0x000000000800604e                USBD_CoreFindIF
 .text.USBD_CoreFindEP
                0x0000000008006068       0x1a ./Middlewares/ST/STM32_USB_Device_Library/Core/Src/usbd_core.o
                0x0000000008006068                USBD_CoreFindEP
 .text.USBD_GetEpDesc
                0x0000000008006082       0x74 ./Middlewares/ST/STM32_USB_Device_Library/Core/Src/usbd_core.o
                0x0000000008006082                USBD_GetEpDesc
 .text.USBD_GetNextDesc
                0x00000000080060f6       0x3a ./Middlewares/ST/STM32_USB_Device_Library/Core/Src/usbd_core.o
                0x00000000080060f6                USBD_GetNextDesc
 .text.SWAPBYTE
                0x0000000008006130       0x3c ./Middlewares/ST/STM32_USB_Device_Library/Core/Src/usbd_ctlreq.o
 .text.USBD_StdDevReq
                0x000000000800616c       0xe4 ./Middlewares/ST/STM32_USB_Device_Library/Core/Src/usbd_ctlreq.o
                0x000000000800616c                USBD_StdDevReq
 .text.USBD_StdItfReq
                0x0000000008006250       0xd8 ./Middlewares/ST/STM32_USB_Device_Library/Core/Src/usbd_ctlreq.o
                0x0000000008006250                USBD_StdItfReq
 .text.USBD_StdEPReq
                0x0000000008006328      0x33a ./Middlewares/ST/STM32_USB_Device_Library/Core/Src/usbd_ctlreq.o
                0x0000000008006328                USBD_StdEPReq
 *fill*         0x0000000008006662        0x2 
 .text.USBD_GetDescriptor
                0x0000000008006664      0x2d4 ./Middlewares/ST/STM32_USB_Device_Library/Core/Src/usbd_ctlreq.o
 .text.USBD_SetAddress
                0x0000000008006938       0x88 ./Middlewares/ST/STM32_USB_Device_Library/Core/Src/usbd_ctlreq.o
 .text.USBD_SetConfig
                0x00000000080069c0      0x154 ./Middlewares/ST/STM32_USB_Device_Library/Core/Src/usbd_ctlreq.o
 .text.USBD_GetConfig
                0x0000000008006b14       0x6c ./Middlewares/ST/STM32_USB_Device_Library/Core/Src/usbd_ctlreq.o
 .text.USBD_GetStatus
                0x0000000008006b80       0x68 ./Middlewares/ST/STM32_USB_Device_Library/Core/Src/usbd_ctlreq.o
 .text.USBD_SetFeature
                0x0000000008006be8       0x52 ./Middlewares/ST/STM32_USB_Device_Library/Core/Src/usbd_ctlreq.o
 .text.USBD_ClrFeature
                0x0000000008006c3a       0x44 ./Middlewares/ST/STM32_USB_Device_Library/Core/Src/usbd_ctlreq.o
 .text.USBD_ParseSetupRequest
                0x0000000008006c7e       0x74 ./Middlewares/ST/STM32_USB_Device_Library/Core/Src/usbd_ctlreq.o
                0x0000000008006c7e                USBD_ParseSetupRequest
 .text.USBD_CtlError
                0x0000000008006cf2       0x22 ./Middlewares/ST/STM32_USB_Device_Library/Core/Src/usbd_ctlreq.o
                0x0000000008006cf2                USBD_CtlError
 .text.USBD_GetString
                0x0000000008006d14       0x8c ./Middlewares/ST/STM32_USB_Device_Library/Core/Src/usbd_ctlreq.o
                0x0000000008006d14                USBD_GetString
 .text.USBD_GetLen
                0x0000000008006da0       0x34 ./Middlewares/ST/STM32_USB_Device_Library/Core/Src/usbd_ctlreq.o
 .text.USBD_CtlSendData
                0x0000000008006dd4       0x36 ./Middlewares/ST/STM32_USB_Device_Library/Core/Src/usbd_ioreq.o
                0x0000000008006dd4                USBD_CtlSendData
 .text.USBD_CtlContinueSendData
                0x0000000008006e0a       0x22 ./Middlewares/ST/STM32_USB_Device_Library/Core/Src/usbd_ioreq.o
                0x0000000008006e0a                USBD_CtlContinueSendData
 .text.USBD_CtlPrepareRx
                0x0000000008006e2c       0x3a ./Middlewares/ST/STM32_USB_Device_Library/Core/Src/usbd_ioreq.o
                0x0000000008006e2c                USBD_CtlPrepareRx
 .text.USBD_CtlContinueRx
                0x0000000008006e66       0x22 ./Middlewares/ST/STM32_USB_Device_Library/Core/Src/usbd_ioreq.o
                0x0000000008006e66                USBD_CtlContinueRx
 .text.USBD_CtlSendStatus
                0x0000000008006e88       0x26 ./Middlewares/ST/STM32_USB_Device_Library/Core/Src/usbd_ioreq.o
                0x0000000008006e88                USBD_CtlSendStatus
 .text.USBD_CtlReceiveStatus
                0x0000000008006eae       0x26 ./Middlewares/ST/STM32_USB_Device_Library/Core/Src/usbd_ioreq.o
                0x0000000008006eae                USBD_CtlReceiveStatus
 .text.MX_USB_DEVICE_Init
                0x0000000008006ed4       0x60 ./USB_DEVICE/App/usb_device.o
                0x0000000008006ed4                MX_USB_DEVICE_Init
 .text.CDC_Init_FS
                0x0000000008006f34       0x28 ./USB_DEVICE/App/usbd_cdc_if.o
 .text.CDC_DeInit_FS
                0x0000000008006f5c       0x10 ./USB_DEVICE/App/usbd_cdc_if.o
 .text.CDC_Control_FS
                0x0000000008006f6c       0xbc ./USB_DEVICE/App/usbd_cdc_if.o
 .text.CDC_Receive_FS
                0x0000000008007028       0x50 ./USB_DEVICE/App/usbd_cdc_if.o
 .text.CDC_Transmit_FS
                0x0000000008007078       0x4c ./USB_DEVICE/App/usbd_cdc_if.o
                0x0000000008007078                CDC_Transmit_FS
 .text.CDC_TransmitCplt_FS
                0x00000000080070c4       0x22 ./USB_DEVICE/App/usbd_cdc_if.o
 *fill*         0x00000000080070e6        0x2 
 .text.USBD_FS_DeviceDescriptor
                0x00000000080070e8       0x24 ./USB_DEVICE/App/usbd_desc.o
                0x00000000080070e8                USBD_FS_DeviceDescriptor
 .text.USBD_FS_LangIDStrDescriptor
                0x000000000800710c       0x24 ./USB_DEVICE/App/usbd_desc.o
                0x000000000800710c                USBD_FS_LangIDStrDescriptor
 .text.USBD_FS_ProductStrDescriptor
                0x0000000008007130       0x3c ./USB_DEVICE/App/usbd_desc.o
                0x0000000008007130                USBD_FS_ProductStrDescriptor
 .text.USBD_FS_ManufacturerStrDescriptor
                0x000000000800716c       0x28 ./USB_DEVICE/App/usbd_desc.o
                0x000000000800716c                USBD_FS_ManufacturerStrDescriptor
 .text.USBD_FS_SerialStrDescriptor
                0x0000000008007194       0x24 ./USB_DEVICE/App/usbd_desc.o
                0x0000000008007194                USBD_FS_SerialStrDescriptor
 .text.USBD_FS_ConfigStrDescriptor
                0x00000000080071b8       0x3c ./USB_DEVICE/App/usbd_desc.o
                0x00000000080071b8                USBD_FS_ConfigStrDescriptor
 .text.USBD_FS_InterfaceStrDescriptor
                0x00000000080071f4       0x3c ./USB_DEVICE/App/usbd_desc.o
                0x00000000080071f4                USBD_FS_InterfaceStrDescriptor
 .text.Get_SerialNum
                0x0000000008007230       0x58 ./USB_DEVICE/App/usbd_desc.o
 .text.IntToUnicode
                0x0000000008007288       0x7e ./USB_DEVICE/App/usbd_desc.o
 *fill*         0x0000000008007306        0x2 
 .text.HAL_PCD_MspInit
                0x0000000008007308       0xa8 ./USB_DEVICE/Target/usbd_conf.o
                0x0000000008007308                HAL_PCD_MspInit
 .text.HAL_PCD_SetupStageCallback
                0x00000000080073b0       0x24 ./USB_DEVICE/Target/usbd_conf.o
                0x00000000080073b0                HAL_PCD_SetupStageCallback
 .text.HAL_PCD_DataOutStageCallback
                0x00000000080073d4       0x36 ./USB_DEVICE/Target/usbd_conf.o
                0x00000000080073d4                HAL_PCD_DataOutStageCallback
 .text.HAL_PCD_DataInStageCallback
                0x000000000800740a       0x34 ./USB_DEVICE/Target/usbd_conf.o
                0x000000000800740a                HAL_PCD_DataInStageCallback
 .text.HAL_PCD_SOFCallback
                0x000000000800743e       0x1c ./USB_DEVICE/Target/usbd_conf.o
                0x000000000800743e                HAL_PCD_SOFCallback
 .text.HAL_PCD_ResetCallback
                0x000000000800745a       0x3c ./USB_DEVICE/Target/usbd_conf.o
                0x000000000800745a                HAL_PCD_ResetCallback
 *fill*         0x0000000008007496        0x2 
 .text.HAL_PCD_SuspendCallback
                0x0000000008007498       0x4c ./USB_DEVICE/Target/usbd_conf.o
                0x0000000008007498                HAL_PCD_SuspendCallback
 .text.HAL_PCD_ResumeCallback
                0x00000000080074e4       0x1c ./USB_DEVICE/Target/usbd_conf.o
                0x00000000080074e4                HAL_PCD_ResumeCallback
 .text.HAL_PCD_ISOOUTIncompleteCallback
                0x0000000008007500       0x24 ./USB_DEVICE/Target/usbd_conf.o
                0x0000000008007500                HAL_PCD_ISOOUTIncompleteCallback
 .text.HAL_PCD_ISOINIncompleteCallback
                0x0000000008007524       0x24 ./USB_DEVICE/Target/usbd_conf.o
                0x0000000008007524                HAL_PCD_ISOINIncompleteCallback
 .text.HAL_PCD_ConnectCallback
                0x0000000008007548       0x1c ./USB_DEVICE/Target/usbd_conf.o
                0x0000000008007548                HAL_PCD_ConnectCallback
 .text.HAL_PCD_DisconnectCallback
                0x0000000008007564       0x1c ./USB_DEVICE/Target/usbd_conf.o
                0x0000000008007564                HAL_PCD_DisconnectCallback
 .text.USBD_LL_Init
                0x0000000008007580       0x98 ./USB_DEVICE/Target/usbd_conf.o
                0x0000000008007580                USBD_LL_Init
 .text.USBD_LL_Start
                0x0000000008007618       0x36 ./USB_DEVICE/Target/usbd_conf.o
                0x0000000008007618                USBD_LL_Start
 .text.USBD_LL_OpenEP
                0x000000000800764e       0x4c ./USB_DEVICE/Target/usbd_conf.o
                0x000000000800764e                USBD_LL_OpenEP
 .text.USBD_LL_CloseEP
                0x000000000800769a       0x3e ./USB_DEVICE/Target/usbd_conf.o
                0x000000000800769a                USBD_LL_CloseEP
 .text.USBD_LL_StallEP
                0x00000000080076d8       0x3e ./USB_DEVICE/Target/usbd_conf.o
                0x00000000080076d8                USBD_LL_StallEP
 .text.USBD_LL_ClearStallEP
                0x0000000008007716       0x3e ./USB_DEVICE/Target/usbd_conf.o
                0x0000000008007716                USBD_LL_ClearStallEP
 .text.USBD_LL_IsStallEP
                0x0000000008007754       0x58 ./USB_DEVICE/Target/usbd_conf.o
                0x0000000008007754                USBD_LL_IsStallEP
 .text.USBD_LL_SetUSBAddress
                0x00000000080077ac       0x3e ./USB_DEVICE/Target/usbd_conf.o
                0x00000000080077ac                USBD_LL_SetUSBAddress
 .text.USBD_LL_Transmit
                0x00000000080077ea       0x42 ./USB_DEVICE/Target/usbd_conf.o
                0x00000000080077ea                USBD_LL_Transmit
 .text.USBD_LL_PrepareReceive
                0x000000000800782c       0x42 ./USB_DEVICE/Target/usbd_conf.o
                0x000000000800782c                USBD_LL_PrepareReceive
 .text.USBD_LL_GetRxDataSize
                0x000000000800786e       0x26 ./USB_DEVICE/Target/usbd_conf.o
                0x000000000800786e                USBD_LL_GetRxDataSize
 .text.USBD_static_malloc
                0x0000000008007894       0x1c ./USB_DEVICE/Target/usbd_conf.o
                0x0000000008007894                USBD_static_malloc
 .text.USBD_static_free
                0x00000000080078b0       0x14 ./USB_DEVICE/Target/usbd_conf.o
                0x00000000080078b0                USBD_static_free
 .text.USBD_Get_USB_Status
                0x00000000080078c4       0x58 ./USB_DEVICE/Target/usbd_conf.o
                0x00000000080078c4                USBD_Get_USB_Status
 .text.memset   0x000000000800791c       0x10 C:/ST/STM32CubeIDE_1.13.0/STM32CubeIDE/plugins/com.st.stm32cube.ide.mcu.externaltools.gnu-tools-for-stm32.11.3.rel1.win32_1.1.0.202305231506/tools/bin/../lib/gcc/arm-none-eabi/11.3.1/../../../../arm-none-eabi/lib/thumb/v7e-m+fp/hard\libc_nano.a(libc_a-memset.o)
                0x000000000800791c                memset
 .text.__libc_init_array
                0x000000000800792c       0x48 C:/ST/STM32CubeIDE_1.13.0/STM32CubeIDE/plugins/com.st.stm32cube.ide.mcu.externaltools.gnu-tools-for-stm32.11.3.rel1.win32_1.1.0.202305231506/tools/bin/../lib/gcc/arm-none-eabi/11.3.1/../../../../arm-none-eabi/lib/thumb/v7e-m+fp/hard\libc_nano.a(libc_a-init.o)
                0x000000000800792c                __libc_init_array
 .text.memcpy   0x0000000008007974       0x1c C:/ST/STM32CubeIDE_1.13.0/STM32CubeIDE/plugins/com.st.stm32cube.ide.mcu.externaltools.gnu-tools-for-stm32.11.3.rel1.win32_1.1.0.202305231506/tools/bin/../lib/gcc/arm-none-eabi/11.3.1/../../../../arm-none-eabi/lib/thumb/v7e-m+fp/hard\libc_nano.a(libc_a-memcpy-stub.o)
                0x0000000008007974                memcpy
 *(.glue_7)
 .glue_7        0x0000000008007990        0x0 linker stubs
 *(.glue_7t)
 .glue_7t       0x0000000008007990        0x0 linker stubs
 *(.eh_frame)
 .eh_frame      0x0000000008007990        0x0 C:/ST/STM32CubeIDE_1.13.0/STM32CubeIDE/plugins/com.st.stm32cube.ide.mcu.externaltools.gnu-tools-for-stm32.11.3.rel1.win32_1.1.0.202305231506/tools/bin/../lib/gcc/arm-none-eabi/11.3.1/thumb/v7e-m+fp/hard/crtbegin.o
 *(.init)
 .init          0x0000000008007990        0x4 C:/ST/STM32CubeIDE_1.13.0/STM32CubeIDE/plugins/com.st.stm32cube.ide.mcu.externaltools.gnu-tools-for-stm32.11.3.rel1.win32_1.1.0.202305231506/tools/bin/../lib/gcc/arm-none-eabi/11.3.1/thumb/v7e-m+fp/hard/crti.o
                0x0000000008007990                _init
 .init          0x0000000008007994        0x8 C:/ST/STM32CubeIDE_1.13.0/STM32CubeIDE/plugins/com.st.stm32cube.ide.mcu.externaltools.gnu-tools-for-stm32.11.3.rel1.win32_1.1.0.202305231506/tools/bin/../lib/gcc/arm-none-eabi/11.3.1/thumb/v7e-m+fp/hard/crtn.o
 *(.fini)
 .fini          0x000000000800799c        0x4 C:/ST/STM32CubeIDE_1.13.0/STM32CubeIDE/plugins/com.st.stm32cube.ide.mcu.externaltools.gnu-tools-for-stm32.11.3.rel1.win32_1.1.0.202305231506/tools/bin/../lib/gcc/arm-none-eabi/11.3.1/thumb/v7e-m+fp/hard/crti.o
                0x000000000800799c                _fini
 .fini          0x00000000080079a0        0x8 C:/ST/STM32CubeIDE_1.13.0/STM32CubeIDE/plugins/com.st.stm32cube.ide.mcu.externaltools.gnu-tools-for-stm32.11.3.rel1.win32_1.1.0.202305231506/tools/bin/../lib/gcc/arm-none-eabi/11.3.1/thumb/v7e-m+fp/hard/crtn.o
                0x00000000080079a8                . = ALIGN (0x4)
                0x00000000080079a8                _etext = .

.vfp11_veneer   0x00000000080079a8        0x0
 .vfp11_veneer  0x00000000080079a8        0x0 linker stubs

.v4_bx          0x00000000080079a8        0x0
 .v4_bx         0x00000000080079a8        0x0 linker stubs

.iplt           0x00000000080079a8        0x0
 .iplt          0x00000000080079a8        0x0 C:/ST/STM32CubeIDE_1.13.0/STM32CubeIDE/plugins/com.st.stm32cube.ide.mcu.externaltools.gnu-tools-for-stm32.11.3.rel1.win32_1.1.0.202305231506/tools/bin/../lib/gcc/arm-none-eabi/11.3.1/thumb/v7e-m+fp/hard/crtbegin.o

.rodata         0x00000000080079a8      0x444
                0x00000000080079a8                . = ALIGN (0x4)
 *(.rodata)
 .rodata        0x00000000080079a8       0x2f ./USB_DEVICE/App/usbd_desc.o
 *(.rodata*)
 *fill*         0x00000000080079d7        0x1 
 .rodata.AHBPrescTable
                0x00000000080079d8       0x10 ./Core/Src/system_stm32f4xx.o
                0x00000000080079d8                AHBPrescTable
 .rodata.APBPrescTable
                0x00000000080079e8        0x8 ./Core/Src/system_stm32f4xx.o
                0x00000000080079e8                APBPrescTable
 .rodata.arpcFrameHandler
                0x00000000080079f0      0x3fc ./Drivers/arpc_server/arpc_server.o
                0x00000000080079f0                arpcFrameHandler
                0x0000000008007dec                . = ALIGN (0x4)

.ARM.extab      0x0000000008007dec        0x0
                0x0000000008007dec                . = ALIGN (0x4)
 *(.ARM.extab* .gnu.linkonce.armextab.*)
                0x0000000008007dec                . = ALIGN (0x4)

.ARM            0x0000000008007dec        0x8
                0x0000000008007dec                . = ALIGN (0x4)
                0x0000000008007dec                __exidx_start = .
 *(.ARM.exidx*)
 .ARM.exidx     0x0000000008007dec        0x8 C:/ST/STM32CubeIDE_1.13.0/STM32CubeIDE/plugins/com.st.stm32cube.ide.mcu.externaltools.gnu-tools-for-stm32.11.3.rel1.win32_1.1.0.202305231506/tools/bin/../lib/gcc/arm-none-eabi/11.3.1/thumb/v7e-m+fp/hard\libgcc.a(_udivmoddi4.o)
                0x0000000008007df4                __exidx_end = .
                0x0000000008007df4                . = ALIGN (0x4)

.rel.dyn        0x0000000008007df4        0x0
 .rel.iplt      0x0000000008007df4        0x0 C:/ST/STM32CubeIDE_1.13.0/STM32CubeIDE/plugins/com.st.stm32cube.ide.mcu.externaltools.gnu-tools-for-stm32.11.3.rel1.win32_1.1.0.202305231506/tools/bin/../lib/gcc/arm-none-eabi/11.3.1/thumb/v7e-m+fp/hard/crtbegin.o

.preinit_array  0x0000000008007df4        0x0
                0x0000000008007df4                . = ALIGN (0x4)
                0x0000000008007df4                PROVIDE (__preinit_array_start = .)
 *(.preinit_array*)
                0x0000000008007df4                PROVIDE (__preinit_array_end = .)
                0x0000000008007df4                . = ALIGN (0x4)

.init_array     0x0000000008007df4        0x4
                0x0000000008007df4                . = ALIGN (0x4)
                0x0000000008007df4                PROVIDE (__init_array_start = .)
 *(SORT_BY_NAME(.init_array.*))
 *(.init_array*)
 .init_array    0x0000000008007df4        0x4 C:/ST/STM32CubeIDE_1.13.0/STM32CubeIDE/plugins/com.st.stm32cube.ide.mcu.externaltools.gnu-tools-for-stm32.11.3.rel1.win32_1.1.0.202305231506/tools/bin/../lib/gcc/arm-none-eabi/11.3.1/thumb/v7e-m+fp/hard/crtbegin.o
                0x0000000008007df8                PROVIDE (__init_array_end = .)
                0x0000000008007df8                . = ALIGN (0x4)

.fini_array     0x0000000008007df8        0x4
                0x0000000008007df8                . = ALIGN (0x4)
                [!provide]                        PROVIDE (__fini_array_start = .)
 *(SORT_BY_NAME(.fini_array.*))
 *(.fini_array*)
 .fini_array    0x0000000008007df8        0x4 C:/ST/STM32CubeIDE_1.13.0/STM32CubeIDE/plugins/com.st.stm32cube.ide.mcu.externaltools.gnu-tools-for-stm32.11.3.rel1.win32_1.1.0.202305231506/tools/bin/../lib/gcc/arm-none-eabi/11.3.1/thumb/v7e-m+fp/hard/crtbegin.o
                [!provide]                        PROVIDE (__fini_array_end = .)
                0x0000000008007dfc                . = ALIGN (0x4)
                0x0000000008007dfc                _sidata = LOADADDR (.data)

.data           0x0000000020000000       0xfc load address 0x0000000008007dfc
                0x0000000020000000                . = ALIGN (0x4)
                0x0000000020000000                _sdata = .
 *(.data)
 *(.data*)
 .data.SystemCoreClock
                0x0000000020000000        0x4 ./Core/Src/system_stm32f4xx.o
                0x0000000020000000                SystemCoreClock
 .data.uwTickPrio
                0x0000000020000004        0x4 ./Drivers/STM32F4xx_HAL_Driver/Src/stm32f4xx_hal.o
                0x0000000020000004                uwTickPrio
 .data.uwTickFreq
                0x0000000020000008        0x1 ./Drivers/STM32F4xx_HAL_Driver/Src/stm32f4xx_hal.o
                0x0000000020000008                uwTickFreq
 *fill*         0x0000000020000009        0x3 
 .data.USBD_CDC_DeviceQualifierDesc
                0x000000002000000c        0xa ./Middlewares/ST/STM32_USB_Device_Library/Class/CDC/Src/usbd_cdc.o
 *fill*         0x0000000020000016        0x2 
 .data.USBD_CDC
                0x0000000020000018       0x38 ./Middlewares/ST/STM32_USB_Device_Library/Class/CDC/Src/usbd_cdc.o
                0x0000000020000018                USBD_CDC
 .data.USBD_CDC_CfgDesc
                0x0000000020000050       0x43 ./Middlewares/ST/STM32_USB_Device_Library/Class/CDC/Src/usbd_cdc.o
 .data.CDCInEpAdd
                0x0000000020000093        0x1 ./Middlewares/ST/STM32_USB_Device_Library/Class/CDC/Src/usbd_cdc.o
 .data.CDCOutEpAdd
                0x0000000020000094        0x1 ./Middlewares/ST/STM32_USB_Device_Library/Class/CDC/Src/usbd_cdc.o
 .data.CDCCmdEpAdd
                0x0000000020000095        0x1 ./Middlewares/ST/STM32_USB_Device_Library/Class/CDC/Src/usbd_cdc.o
 *fill*         0x0000000020000096        0x2 
 .data.USBD_Interface_fops_FS
                0x0000000020000098       0x14 ./USB_DEVICE/App/usbd_cdc_if.o
                0x0000000020000098                USBD_Interface_fops_FS
 .data.FS_Desc  0x00000000200000ac       0x1c ./USB_DEVICE/App/usbd_desc.o
                0x00000000200000ac                FS_Desc
 .data.USBD_FS_DeviceDesc
                0x00000000200000c8       0x12 ./USB_DEVICE/App/usbd_desc.o
                0x00000000200000c8                USBD_FS_DeviceDesc
 *fill*         0x00000000200000da        0x2 
 .data.USBD_LangIDDesc
                0x00000000200000dc        0x4 ./USB_DEVICE/App/usbd_desc.o
                0x00000000200000dc                USBD_LangIDDesc
 .data.USBD_StringSerial
                0x00000000200000e0       0x1a ./USB_DEVICE/App/usbd_desc.o
                0x00000000200000e0                USBD_StringSerial
 *(.RamFunc)
 *(.RamFunc*)
                0x00000000200000fc                . = ALIGN (0x4)
 *fill*         0x00000000200000fa        0x2 
                0x00000000200000fc                _edata = .

.igot.plt       0x00000000200000fc        0x0 load address 0x0000000008007ef8
 .igot.plt      0x00000000200000fc        0x0 C:/ST/STM32CubeIDE_1.13.0/STM32CubeIDE/plugins/com.st.stm32cube.ide.mcu.externaltools.gnu-tools-for-stm32.11.3.rel1.win32_1.1.0.202305231506/tools/bin/../lib/gcc/arm-none-eabi/11.3.1/thumb/v7e-m+fp/hard/crtbegin.o
                0x00000000200000fc                . = ALIGN (0x4)

.bss            0x00000000200000fc     0x1574 load address 0x0000000008007ef8
                0x00000000200000fc                _sbss = .
                0x00000000200000fc                __bss_start__ = _sbss
 *(.bss)
 .bss           0x00000000200000fc       0x1c C:/ST/STM32CubeIDE_1.13.0/STM32CubeIDE/plugins/com.st.stm32cube.ide.mcu.externaltools.gnu-tools-for-stm32.11.3.rel1.win32_1.1.0.202305231506/tools/bin/../lib/gcc/arm-none-eabi/11.3.1/thumb/v7e-m+fp/hard/crtbegin.o
 *(.bss*)
 .bss.huart1    0x0000000020000118       0x44 ./Core/Src/main.o
                0x0000000020000118                huart1
 .bss.uwTick    0x000000002000015c        0x4 ./Drivers/STM32F4xx_HAL_Driver/Src/stm32f4xx_hal.o
                0x000000002000015c                uwTick
 .bss.buffer    0x0000000020000160       0xff ./Drivers/arpc_server/arpc_server.o
 *fill*         0x000000002000025f        0x1 
 .bss.bufferIndex
                0x0000000020000260        0x4 ./Drivers/arpc_server/arpc_server.o
 .bss.cfgidx.0  0x0000000020000264        0x1 ./Middlewares/ST/STM32_USB_Device_Library/Core/Src/usbd_ctlreq.o
 *fill*         0x0000000020000265        0x3 
 .bss.hUsbDeviceFS
                0x0000000020000268      0x2dc ./USB_DEVICE/App/usb_device.o
                0x0000000020000268                hUsbDeviceFS
 .bss.UserRxBufferFS
                0x0000000020000544      0x400 ./USB_DEVICE/App/usbd_cdc_if.o
                0x0000000020000544                UserRxBufferFS
 .bss.UserTxBufferFS
                0x0000000020000944      0x400 ./USB_DEVICE/App/usbd_cdc_if.o
                0x0000000020000944                UserTxBufferFS
 .bss.USBD_StrDesc
                0x0000000020000d44      0x200 ./USB_DEVICE/App/usbd_desc.o
                0x0000000020000d44                USBD_StrDesc
 .bss.hpcd_USB_OTG_FS
                0x0000000020000f44      0x50c ./USB_DEVICE/Target/usbd_conf.o
                0x0000000020000f44                hpcd_USB_OTG_FS
 .bss.mem.0     0x0000000020001450      0x220 ./USB_DEVICE/Target/usbd_conf.o
 *(COMMON)
                0x0000000020001670                . = ALIGN (0x4)
                0x0000000020001670                _ebss = .
                0x0000000020001670                __bss_end__ = _ebss

._user_heap_stack
                0x0000000020001670      0x600 load address 0x0000000008007ef8
                0x0000000020001670                . = ALIGN (0x8)
                [!provide]                        PROVIDE (end = .)
                0x0000000020001670                PROVIDE (_end = .)
                0x0000000020001870                . = (. + _Min_Heap_Size)
 *fill*         0x0000000020001670      0x200 
                0x0000000020001c70                . = (. + _Min_Stack_Size)
 *fill*         0x0000000020001870      0x400 
                0x0000000020001c70                . = ALIGN (0x8)

/DISCARD/
 libc.a(*)
 libm.a(*)
 libgcc.a(*)

.ARM.attributes
                0x0000000000000000       0x30
 *(.ARM.attributes)
 .ARM.attributes
                0x0000000000000000       0x1e C:/ST/STM32CubeIDE_1.13.0/STM32CubeIDE/plugins/com.st.stm32cube.ide.mcu.externaltools.gnu-tools-for-stm32.11.3.rel1.win32_1.1.0.202305231506/tools/bin/../lib/gcc/arm-none-eabi/11.3.1/thumb/v7e-m+fp/hard/crti.o
 .ARM.attributes
                0x000000000000001e       0x34 C:/ST/STM32CubeIDE_1.13.0/STM32CubeIDE/plugins/com.st.stm32cube.ide.mcu.externaltools.gnu-tools-for-stm32.11.3.rel1.win32_1.1.0.202305231506/tools/bin/../lib/gcc/arm-none-eabi/11.3.1/thumb/v7e-m+fp/hard/crtbegin.o
 .ARM.attributes
                0x0000000000000052       0x34 ./Core/Src/main.o
 .ARM.attributes
                0x0000000000000086       0x34 ./Core/Src/stm32f4xx_hal_msp.o
 .ARM.attributes
                0x00000000000000ba       0x34 ./Core/Src/stm32f4xx_it.o
 .ARM.attributes
                0x00000000000000ee       0x34 ./Core/Src/system_stm32f4xx.o
 .ARM.attributes
                0x0000000000000122       0x21 ./Core/Startup/startup_stm32f401ccux.o
 .ARM.attributes
                0x0000000000000143       0x34 ./Drivers/STM32F4xx_HAL_Driver/Src/stm32f4xx_hal.o
 .ARM.attributes
                0x0000000000000177       0x34 ./Drivers/STM32F4xx_HAL_Driver/Src/stm32f4xx_hal_cortex.o
 .ARM.attributes
                0x00000000000001ab       0x34 ./Drivers/STM32F4xx_HAL_Driver/Src/stm32f4xx_hal_gpio.o
 .ARM.attributes
                0x00000000000001df       0x34 ./Drivers/STM32F4xx_HAL_Driver/Src/stm32f4xx_hal_pcd.o
 .ARM.attributes
                0x0000000000000213       0x34 ./Drivers/STM32F4xx_HAL_Driver/Src/stm32f4xx_hal_pcd_ex.o
 .ARM.attributes
                0x0000000000000247       0x34 ./Drivers/STM32F4xx_HAL_Driver/Src/stm32f4xx_hal_rcc.o
 .ARM.attributes
                0x000000000000027b       0x34 ./Drivers/STM32F4xx_HAL_Driver/Src/stm32f4xx_hal_uart.o
 .ARM.attributes
                0x00000000000002af       0x34 ./Drivers/STM32F4xx_HAL_Driver/Src/stm32f4xx_ll_usb.o
 .ARM.attributes
                0x00000000000002e3       0x34 ./Drivers/arpc_server/arpc_generic.o
 .ARM.attributes
                0x0000000000000317       0x34 ./Drivers/arpc_server/arpc_server.o
 .ARM.attributes
                0x000000000000034b       0x34 ./Middlewares/ST/STM32_USB_Device_Library/Class/CDC/Src/usbd_cdc.o
 .ARM.attributes
                0x000000000000037f       0x34 ./Middlewares/ST/STM32_USB_Device_Library/Core/Src/usbd_core.o
 .ARM.attributes
                0x00000000000003b3       0x34 ./Middlewares/ST/STM32_USB_Device_Library/Core/Src/usbd_ctlreq.o
 .ARM.attributes
                0x00000000000003e7       0x34 ./Middlewares/ST/STM32_USB_Device_Library/Core/Src/usbd_ioreq.o
 .ARM.attributes
                0x000000000000041b       0x34 ./USB_DEVICE/App/usb_device.o
 .ARM.attributes
                0x000000000000044f       0x34 ./USB_DEVICE/App/usbd_cdc_if.o
 .ARM.attributes
                0x0000000000000483       0x34 ./USB_DEVICE/App/usbd_desc.o
 .ARM.attributes
                0x00000000000004b7       0x34 ./USB_DEVICE/Target/usbd_conf.o
 .ARM.attributes
                0x00000000000004eb       0x34 C:/ST/STM32CubeIDE_1.13.0/STM32CubeIDE/plugins/com.st.stm32cube.ide.mcu.externaltools.gnu-tools-for-stm32.11.3.rel1.win32_1.1.0.202305231506/tools/bin/../lib/gcc/arm-none-eabi/11.3.1/../../../../arm-none-eabi/lib/thumb/v7e-m+fp/hard\libc_nano.a(libc_a-memset.o)
 .ARM.attributes
                0x000000000000051f       0x34 C:/ST/STM32CubeIDE_1.13.0/STM32CubeIDE/plugins/com.st.stm32cube.ide.mcu.externaltools.gnu-tools-for-stm32.11.3.rel1.win32_1.1.0.202305231506/tools/bin/../lib/gcc/arm-none-eabi/11.3.1/../../../../arm-none-eabi/lib/thumb/v7e-m+fp/hard\libc_nano.a(libc_a-init.o)
 .ARM.attributes
                0x0000000000000553       0x34 C:/ST/STM32CubeIDE_1.13.0/STM32CubeIDE/plugins/com.st.stm32cube.ide.mcu.externaltools.gnu-tools-for-stm32.11.3.rel1.win32_1.1.0.202305231506/tools/bin/../lib/gcc/arm-none-eabi/11.3.1/../../../../arm-none-eabi/lib/thumb/v7e-m+fp/hard\libc_nano.a(libc_a-memcpy-stub.o)
 .ARM.attributes
                0x0000000000000587       0x1e C:/ST/STM32CubeIDE_1.13.0/STM32CubeIDE/plugins/com.st.stm32cube.ide.mcu.externaltools.gnu-tools-for-stm32.11.3.rel1.win32_1.1.0.202305231506/tools/bin/../lib/gcc/arm-none-eabi/11.3.1/thumb/v7e-m+fp/hard\libgcc.a(_aeabi_uldivmod.o)
 .ARM.attributes
                0x00000000000005a5       0x34 C:/ST/STM32CubeIDE_1.13.0/STM32CubeIDE/plugins/com.st.stm32cube.ide.mcu.externaltools.gnu-tools-for-stm32.11.3.rel1.win32_1.1.0.202305231506/tools/bin/../lib/gcc/arm-none-eabi/11.3.1/thumb/v7e-m+fp/hard\libgcc.a(_udivmoddi4.o)
 .ARM.attributes
                0x00000000000005d9       0x1e C:/ST/STM32CubeIDE_1.13.0/STM32CubeIDE/plugins/com.st.stm32cube.ide.mcu.externaltools.gnu-tools-for-stm32.11.3.rel1.win32_1.1.0.202305231506/tools/bin/../lib/gcc/arm-none-eabi/11.3.1/thumb/v7e-m+fp/hard\libgcc.a(_dvmd_tls.o)
 .ARM.attributes
                0x00000000000005f7       0x1e C:/ST/STM32CubeIDE_1.13.0/STM32CubeIDE/plugins/com.st.stm32cube.ide.mcu.externaltools.gnu-tools-for-stm32.11.3.rel1.win32_1.1.0.202305231506/tools/bin/../lib/gcc/arm-none-eabi/11.3.1/thumb/v7e-m+fp/hard/crtn.o
OUTPUT(arpcServerSTM32F401.elf elf32-littlearm)
LOAD linker stubs
LOAD C:/ST/STM32CubeIDE_1.13.0/STM32CubeIDE/plugins/com.st.stm32cube.ide.mcu.externaltools.gnu-tools-for-stm32.11.3.rel1.win32_1.1.0.202305231506/tools/bin/../lib/gcc/arm-none-eabi/11.3.1/../../../../arm-none-eabi/lib/thumb/v7e-m+fp/hard\libc.a
LOAD C:/ST/STM32CubeIDE_1.13.0/STM32CubeIDE/plugins/com.st.stm32cube.ide.mcu.externaltools.gnu-tools-for-stm32.11.3.rel1.win32_1.1.0.202305231506/tools/bin/../lib/gcc/arm-none-eabi/11.3.1/../../../../arm-none-eabi/lib/thumb/v7e-m+fp/hard\libm.a
LOAD C:/ST/STM32CubeIDE_1.13.0/STM32CubeIDE/plugins/com.st.stm32cube.ide.mcu.externaltools.gnu-tools-for-stm32.11.3.rel1.win32_1.1.0.202305231506/tools/bin/../lib/gcc/arm-none-eabi/11.3.1/thumb/v7e-m+fp/hard\libgcc.a

.comment        0x0000000000000000       0x43
 .comment       0x0000000000000000       0x43 C:/ST/STM32CubeIDE_1.13.0/STM32CubeIDE/plugins/com.st.stm32cube.ide.mcu.externaltools.gnu-tools-for-stm32.11.3.rel1.win32_1.1.0.202305231506/tools/bin/../lib/gcc/arm-none-eabi/11.3.1/thumb/v7e-m+fp/hard/crtbegin.o
                                         0x44 (size before relaxing)
 .comment       0x0000000000000043       0x44 ./Core/Src/main.o
 .comment       0x0000000000000043       0x44 ./Core/Src/stm32f4xx_hal_msp.o
 .comment       0x0000000000000043       0x44 ./Core/Src/stm32f4xx_it.o
 .comment       0x0000000000000043       0x44 ./Core/Src/system_stm32f4xx.o
 .comment       0x0000000000000043       0x44 ./Drivers/STM32F4xx_HAL_Driver/Src/stm32f4xx_hal.o
 .comment       0x0000000000000043       0x44 ./Drivers/STM32F4xx_HAL_Driver/Src/stm32f4xx_hal_cortex.o
 .comment       0x0000000000000043       0x44 ./Drivers/STM32F4xx_HAL_Driver/Src/stm32f4xx_hal_gpio.o
 .comment       0x0000000000000043       0x44 ./Drivers/STM32F4xx_HAL_Driver/Src/stm32f4xx_hal_pcd.o
 .comment       0x0000000000000043       0x44 ./Drivers/STM32F4xx_HAL_Driver/Src/stm32f4xx_hal_pcd_ex.o
 .comment       0x0000000000000043       0x44 ./Drivers/STM32F4xx_HAL_Driver/Src/stm32f4xx_hal_rcc.o
 .comment       0x0000000000000043       0x44 ./Drivers/STM32F4xx_HAL_Driver/Src/stm32f4xx_hal_uart.o
 .comment       0x0000000000000043       0x44 ./Drivers/STM32F4xx_HAL_Driver/Src/stm32f4xx_ll_usb.o
 .comment       0x0000000000000043       0x44 ./Drivers/arpc_server/arpc_generic.o
 .comment       0x0000000000000043       0x44 ./Drivers/arpc_server/arpc_server.o
 .comment       0x0000000000000043       0x44 ./Middlewares/ST/STM32_USB_Device_Library/Class/CDC/Src/usbd_cdc.o
 .comment       0x0000000000000043       0x44 ./Middlewares/ST/STM32_USB_Device_Library/Core/Src/usbd_core.o
 .comment       0x0000000000000043       0x44 ./Middlewares/ST/STM32_USB_Device_Library/Core/Src/usbd_ctlreq.o
 .comment       0x0000000000000043       0x44 ./Middlewares/ST/STM32_USB_Device_Library/Core/Src/usbd_ioreq.o
 .comment       0x0000000000000043       0x44 ./USB_DEVICE/App/usb_device.o
 .comment       0x0000000000000043       0x44 ./USB_DEVICE/App/usbd_cdc_if.o
 .comment       0x0000000000000043       0x44 ./USB_DEVICE/App/usbd_desc.o
 .comment       0x0000000000000043       0x44 ./USB_DEVICE/Target/usbd_conf.o

.debug_info     0x0000000000000000    0x115cf
 .debug_info    0x0000000000000000      0xcd3 ./Core/Src/main.o
 .debug_info    0x0000000000000cd3      0x8fc ./Core/Src/stm32f4xx_hal_msp.o
 .debug_info    0x00000000000015cf      0x60f ./Core/Src/stm32f4xx_it.o
 .debug_info    0x0000000000001bde      0x53e ./Core/Src/system_stm32f4xx.o
 .debug_info    0x000000000000211c       0x23 ./Core/Startup/startup_stm32f401ccux.o
 .debug_info    0x000000000000213f      0x8bb ./Drivers/STM32F4xx_HAL_Driver/Src/stm32f4xx_hal.o
 .debug_info    0x00000000000029fa      0xcb0 ./Drivers/STM32F4xx_HAL_Driver/Src/stm32f4xx_hal_cortex.o
 .debug_info    0x00000000000036aa      0x6f9 ./Drivers/STM32F4xx_HAL_Driver/Src/stm32f4xx_hal_gpio.o
 .debug_info    0x0000000000003da3     0x1549 ./Drivers/STM32F4xx_HAL_Driver/Src/stm32f4xx_hal_pcd.o
 .debug_info    0x00000000000052ec      0x6d2 ./Drivers/STM32F4xx_HAL_Driver/Src/stm32f4xx_hal_pcd_ex.o
 .debug_info    0x00000000000059be      0x8f3 ./Drivers/STM32F4xx_HAL_Driver/Src/stm32f4xx_hal_rcc.o
 .debug_info    0x00000000000062b1     0x2fbf ./Drivers/STM32F4xx_HAL_Driver/Src/stm32f4xx_hal_uart.o
 .debug_info    0x0000000000009270     0x18f6 ./Drivers/STM32F4xx_HAL_Driver/Src/stm32f4xx_ll_usb.o
 .debug_info    0x000000000000ab66      0x34b ./Drivers/arpc_server/arpc_generic.o
 .debug_info    0x000000000000aeb1      0x3e8 ./Drivers/arpc_server/arpc_server.o
 .debug_info    0x000000000000b299     0x128b ./Middlewares/ST/STM32_USB_Device_Library/Class/CDC/Src/usbd_cdc.o
 .debug_info    0x000000000000c524      0xe05 ./Middlewares/ST/STM32_USB_Device_Library/Core/Src/usbd_core.o
 .debug_info    0x000000000000d329      0xade ./Middlewares/ST/STM32_USB_Device_Library/Core/Src/usbd_ctlreq.o
 .debug_info    0x000000000000de07      0x755 ./Middlewares/ST/STM32_USB_Device_Library/Core/Src/usbd_ioreq.o
 .debug_info    0x000000000000e55c      0x701 ./USB_DEVICE/App/usb_device.o
 .debug_info    0x000000000000ec5d      0x93d ./USB_DEVICE/App/usbd_cdc_if.o
 .debug_info    0x000000000000f59a      0x458 ./USB_DEVICE/App/usbd_desc.o
 .debug_info    0x000000000000f9f2     0x1bdd ./USB_DEVICE/Target/usbd_conf.o

.debug_abbrev   0x0000000000000000     0x31f5
 .debug_abbrev  0x0000000000000000      0x2fa ./Core/Src/main.o
 .debug_abbrev  0x00000000000002fa      0x1ac ./Core/Src/stm32f4xx_hal_msp.o
 .debug_abbrev  0x00000000000004a6      0x1a4 ./Core/Src/stm32f4xx_it.o
 .debug_abbrev  0x000000000000064a      0x11a ./Core/Src/system_stm32f4xx.o
 .debug_abbrev  0x0000000000000764       0x12 ./Core/Startup/startup_stm32f401ccux.o
 .debug_abbrev  0x0000000000000776      0x24b ./Drivers/STM32F4xx_HAL_Driver/Src/stm32f4xx_hal.o
 .debug_abbrev  0x00000000000009c1      0x327 ./Drivers/STM32F4xx_HAL_Driver/Src/stm32f4xx_hal_cortex.o
 .debug_abbrev  0x0000000000000ce8      0x1d3 ./Drivers/STM32F4xx_HAL_Driver/Src/stm32f4xx_hal_gpio.o
 .debug_abbrev  0x0000000000000ebb      0x2cd ./Drivers/STM32F4xx_HAL_Driver/Src/stm32f4xx_hal_pcd.o
 .debug_abbrev  0x0000000000001188      0x1da ./Drivers/STM32F4xx_HAL_Driver/Src/stm32f4xx_hal_pcd_ex.o
 .debug_abbrev  0x0000000000001362      0x2b5 ./Drivers/STM32F4xx_HAL_Driver/Src/stm32f4xx_hal_rcc.o
 .debug_abbrev  0x0000000000001617      0x31b ./Drivers/STM32F4xx_HAL_Driver/Src/stm32f4xx_hal_uart.o
 .debug_abbrev  0x0000000000001932      0x2ac ./Drivers/STM32F4xx_HAL_Driver/Src/stm32f4xx_ll_usb.o
 .debug_abbrev  0x0000000000001bde      0x1a3 ./Drivers/arpc_server/arpc_generic.o
 .debug_abbrev  0x0000000000001d81      0x19c ./Drivers/arpc_server/arpc_server.o
 .debug_abbrev  0x0000000000001f1d      0x2d2 ./Middlewares/ST/STM32_USB_Device_Library/Class/CDC/Src/usbd_cdc.o
 .debug_abbrev  0x00000000000021ef      0x27c ./Middlewares/ST/STM32_USB_Device_Library/Core/Src/usbd_core.o
 .debug_abbrev  0x000000000000246b      0x26f ./Middlewares/ST/STM32_USB_Device_Library/Core/Src/usbd_ctlreq.o
 .debug_abbrev  0x00000000000026da      0x19a ./Middlewares/ST/STM32_USB_Device_Library/Core/Src/usbd_ioreq.o
 .debug_abbrev  0x0000000000002874      0x195 ./USB_DEVICE/App/usb_device.o
 .debug_abbrev  0x0000000000002a09      0x2cc ./USB_DEVICE/App/usbd_cdc_if.o
 .debug_abbrev  0x0000000000002cd5      0x1e1 ./USB_DEVICE/App/usbd_desc.o
 .debug_abbrev  0x0000000000002eb6      0x33f ./USB_DEVICE/Target/usbd_conf.o

.debug_aranges  0x0000000000000000      0xdf8
 .debug_aranges
                0x0000000000000000       0x60 ./Core/Src/main.o
 .debug_aranges
                0x0000000000000060       0x30 ./Core/Src/stm32f4xx_hal_msp.o
 .debug_aranges
                0x0000000000000090       0x68 ./Core/Src/stm32f4xx_it.o
 .debug_aranges
                0x00000000000000f8       0x28 ./Core/Src/system_stm32f4xx.o
 .debug_aranges
                0x0000000000000120       0x28 ./Core/Startup/startup_stm32f401ccux.o
 .debug_aranges
                0x0000000000000148       0xf0 ./Drivers/STM32F4xx_HAL_Driver/Src/stm32f4xx_hal.o
 .debug_aranges
                0x0000000000000238      0x118 ./Drivers/STM32F4xx_HAL_Driver/Src/stm32f4xx_hal_cortex.o
 .debug_aranges
                0x0000000000000350       0x58 ./Drivers/STM32F4xx_HAL_Driver/Src/stm32f4xx_hal_gpio.o
 .debug_aranges
                0x00000000000003a8      0x148 ./Drivers/STM32F4xx_HAL_Driver/Src/stm32f4xx_hal_pcd.o
 .debug_aranges
                0x00000000000004f0       0x38 ./Drivers/STM32F4xx_HAL_Driver/Src/stm32f4xx_hal_pcd_ex.o
 .debug_aranges
                0x0000000000000528       0x88 ./Drivers/STM32F4xx_HAL_Driver/Src/stm32f4xx_hal_rcc.o
 .debug_aranges
                0x00000000000005b0      0x200 ./Drivers/STM32F4xx_HAL_Driver/Src/stm32f4xx_hal_uart.o
 .debug_aranges
                0x00000000000007b0      0x1a0 ./Drivers/STM32F4xx_HAL_Driver/Src/stm32f4xx_ll_usb.o
 .debug_aranges
                0x0000000000000950       0x48 ./Drivers/arpc_server/arpc_generic.o
 .debug_aranges
                0x0000000000000998       0x40 ./Drivers/arpc_server/arpc_server.o
 .debug_aranges
                0x00000000000009d8       0x90 ./Middlewares/ST/STM32_USB_Device_Library/Class/CDC/Src/usbd_cdc.o
 .debug_aranges
                0x0000000000000a68       0xd8 ./Middlewares/ST/STM32_USB_Device_Library/Core/Src/usbd_core.o
 .debug_aranges
                0x0000000000000b40       0x90 ./Middlewares/ST/STM32_USB_Device_Library/Core/Src/usbd_ctlreq.o
 .debug_aranges
                0x0000000000000bd0       0x50 ./Middlewares/ST/STM32_USB_Device_Library/Core/Src/usbd_ioreq.o
 .debug_aranges
                0x0000000000000c20       0x20 ./USB_DEVICE/App/usb_device.o
 .debug_aranges
                0x0000000000000c40       0x48 ./USB_DEVICE/App/usbd_cdc_if.o
 .debug_aranges
                0x0000000000000c88       0x60 ./USB_DEVICE/App/usbd_desc.o
 .debug_aranges
                0x0000000000000ce8      0x110 ./USB_DEVICE/Target/usbd_conf.o

.debug_rnglists
                0x0000000000000000      0xa86
 .debug_rnglists
                0x0000000000000000       0x45 ./Core/Src/main.o
 .debug_rnglists
                0x0000000000000045       0x20 ./Core/Src/stm32f4xx_hal_msp.o
 .debug_rnglists
                0x0000000000000065       0x49 ./Core/Src/stm32f4xx_it.o
 .debug_rnglists
                0x00000000000000ae       0x1a ./Core/Src/system_stm32f4xx.o
 .debug_rnglists
                0x00000000000000c8       0x19 ./Core/Startup/startup_stm32f401ccux.o
 .debug_rnglists
                0x00000000000000e1       0xaf ./Drivers/STM32F4xx_HAL_Driver/Src/stm32f4xx_hal.o
 .debug_rnglists
                0x0000000000000190       0xce ./Drivers/STM32F4xx_HAL_Driver/Src/stm32f4xx_hal_cortex.o
 .debug_rnglists
                0x000000000000025e       0x3f ./Drivers/STM32F4xx_HAL_Driver/Src/stm32f4xx_hal_gpio.o
 .debug_rnglists
                0x000000000000029d       0xfc ./Drivers/STM32F4xx_HAL_Driver/Src/stm32f4xx_hal_pcd.o
 .debug_rnglists
                0x0000000000000399       0x26 ./Drivers/STM32F4xx_HAL_Driver/Src/stm32f4xx_hal_pcd_ex.o
 .debug_rnglists
                0x00000000000003bf       0x66 ./Drivers/STM32F4xx_HAL_Driver/Src/stm32f4xx_hal_rcc.o
 .debug_rnglists
                0x0000000000000425      0x1b7 ./Drivers/STM32F4xx_HAL_Driver/Src/stm32f4xx_hal_uart.o
 .debug_rnglists
                0x00000000000005dc      0x148 ./Drivers/STM32F4xx_HAL_Driver/Src/stm32f4xx_ll_usb.o
 .debug_rnglists
                0x0000000000000724       0x33 ./Drivers/arpc_server/arpc_generic.o
 .debug_rnglists
                0x0000000000000757       0x2c ./Drivers/arpc_server/arpc_server.o
 .debug_rnglists
                0x0000000000000783       0x6c ./Middlewares/ST/STM32_USB_Device_Library/Class/CDC/Src/usbd_cdc.o
 .debug_rnglists
                0x00000000000007ef       0xa1 ./Middlewares/ST/STM32_USB_Device_Library/Core/Src/usbd_core.o
 .debug_rnglists
                0x0000000000000890       0x6e ./Middlewares/ST/STM32_USB_Device_Library/Core/Src/usbd_ctlreq.o
 .debug_rnglists
                0x00000000000008fe       0x37 ./Middlewares/ST/STM32_USB_Device_Library/Core/Src/usbd_ioreq.o
 .debug_rnglists
                0x0000000000000935       0x13 ./USB_DEVICE/App/usb_device.o
 .debug_rnglists
                0x0000000000000948       0x32 ./USB_DEVICE/App/usbd_cdc_if.o
 .debug_rnglists
                0x000000000000097a       0x43 ./USB_DEVICE/App/usbd_desc.o
 .debug_rnglists
                0x00000000000009bd       0xc9 ./USB_DEVICE/Target/usbd_conf.o

.debug_macro    0x0000000000000000    0x1850c
 .debug_macro   0x0000000000000000      0x3aa ./Core/Src/main.o
 .debug_macro   0x00000000000003aa      0xaa8 ./Core/Src/main.o
 .debug_macro   0x0000000000000e52      0x29b ./Core/Src/main.o
 .debug_macro   0x00000000000010ed       0x2e ./Core/Src/main.o
 .debug_macro   0x000000000000111b       0x28 ./Core/Src/main.o
 .debug_macro   0x0000000000001143       0x22 ./Core/Src/main.o
 .debug_macro   0x0000000000001165       0x8e ./Core/Src/main.o
 .debug_macro   0x00000000000011f3       0x51 ./Core/Src/main.o
 .debug_macro   0x0000000000001244      0x103 ./Core/Src/main.o
 .debug_macro   0x0000000000001347       0x6a ./Core/Src/main.o
 .debug_macro   0x00000000000013b1      0x1df ./Core/Src/main.o
 .debug_macro   0x0000000000001590       0x1c ./Core/Src/main.o
 .debug_macro   0x00000000000015ac       0x22 ./Core/Src/main.o
 .debug_macro   0x00000000000015ce       0xd9 ./Core/Src/main.o
 .debug_macro   0x00000000000016a7     0x102d ./Core/Src/main.o
 .debug_macro   0x00000000000026d4      0x11f ./Core/Src/main.o
 .debug_macro   0x00000000000027f3     0xb86c ./Core/Src/main.o
 .debug_macro   0x000000000000e05f       0x6d ./Core/Src/main.o
 .debug_macro   0x000000000000e0cc     0x367e ./Core/Src/main.o
 .debug_macro   0x000000000001174a      0x174 ./Core/Src/main.o
 .debug_macro   0x00000000000118be       0x5c ./Core/Src/main.o
 .debug_macro   0x000000000001191a      0x416 ./Core/Src/main.o
 .debug_macro   0x0000000000011d30      0x9fe ./Core/Src/main.o
 .debug_macro   0x000000000001272e      0x115 ./Core/Src/main.o
 .debug_macro   0x0000000000012843       0xf8 ./Core/Src/main.o
 .debug_macro   0x000000000001293b       0xa5 ./Core/Src/main.o
 .debug_macro   0x00000000000129e0      0x15f ./Core/Src/main.o
 .debug_macro   0x0000000000012b3f      0x287 ./Core/Src/main.o
 .debug_macro   0x0000000000012dc6       0x5f ./Core/Src/main.o
 .debug_macro   0x0000000000012e25      0x236 ./Core/Src/main.o
 .debug_macro   0x000000000001305b      0x132 ./Core/Src/main.o
 .debug_macro   0x000000000001318d      0x23a ./Core/Src/main.o
 .debug_macro   0x00000000000133c7       0x2e ./Core/Src/main.o
 .debug_macro   0x00000000000133f5      0x11a ./Core/Src/main.o
 .debug_macro   0x000000000001350f       0x85 ./Core/Src/main.o
 .debug_macro   0x0000000000013594       0x89 ./Core/Src/main.o
 .debug_macro   0x000000000001361d      0x295 ./Core/Src/main.o
 .debug_macro   0x00000000000138b2      0x248 ./Core/Src/main.o
 .debug_macro   0x0000000000013afa       0xba ./Core/Src/main.o
 .debug_macro   0x0000000000013bb4      0x126 ./Core/Src/main.o
 .debug_macro   0x0000000000013cda       0x10 ./Core/Src/main.o
 .debug_macro   0x0000000000013cea       0x61 ./Core/Src/main.o
 .debug_macro   0x0000000000013d4b       0x2a ./Core/Src/main.o
 .debug_macro   0x0000000000013d75       0x43 ./Core/Src/main.o
 .debug_macro   0x0000000000013db8       0x34 ./Core/Src/main.o
 .debug_macro   0x0000000000013dec       0x16 ./Core/Src/main.o
 .debug_macro   0x0000000000013e02       0x35 ./Core/Src/main.o
 .debug_macro   0x0000000000013e37      0x369 ./Core/Src/main.o
 .debug_macro   0x00000000000141a0       0x10 ./Core/Src/main.o
 .debug_macro   0x00000000000141b0       0x16 ./Core/Src/main.o
 .debug_macro   0x00000000000141c6       0x43 ./Core/Src/main.o
 .debug_macro   0x0000000000014209       0x34 ./Core/Src/main.o
 .debug_macro   0x000000000001423d       0x10 ./Core/Src/main.o
 .debug_macro   0x000000000001424d       0x58 ./Core/Src/main.o
 .debug_macro   0x00000000000142a5       0x8e ./Core/Src/main.o
 .debug_macro   0x0000000000014333       0x1c ./Core/Src/main.o
 .debug_macro   0x000000000001434f      0x177 ./Core/Src/main.o
 .debug_macro   0x00000000000144c6       0x16 ./Core/Src/main.o
 .debug_macro   0x00000000000144dc       0x16 ./Core/Src/main.o
 .debug_macro   0x00000000000144f2      0x147 ./Core/Src/main.o
 .debug_macro   0x0000000000014639       0x16 ./Core/Src/main.o
 .debug_macro   0x000000000001464f       0x16 ./Core/Src/main.o
 .debug_macro   0x0000000000014665       0x29 ./Core/Src/main.o
 .debug_macro   0x000000000001468e       0x16 ./Core/Src/main.o
 .debug_macro   0x00000000000146a4       0x20 ./Core/Src/main.o
 .debug_macro   0x00000000000146c4       0x65 ./Core/Src/main.o
 .debug_macro   0x0000000000014729      0x20f ./Core/Src/main.o
 .debug_macro   0x0000000000014938       0x16 ./Core/Src/main.o
 .debug_macro   0x000000000001494e       0x95 ./Core/Src/main.o
 .debug_macro   0x00000000000149e3       0x10 ./Core/Src/main.o
 .debug_macro   0x00000000000149f3      0x1ed ./Core/Src/stm32f4xx_hal_msp.o
 .debug_macro   0x0000000000014be0      0x1f7 ./Core/Src/stm32f4xx_it.o
 .debug_macro   0x0000000000014dd7      0x1de ./Core/Src/system_stm32f4xx.o
 .debug_macro   0x0000000000014fb5      0x23e ./Drivers/STM32F4xx_HAL_Driver/Src/stm32f4xx_hal.o
 .debug_macro   0x00000000000151f3      0x1de ./Drivers/STM32F4xx_HAL_Driver/Src/stm32f4xx_hal_cortex.o
 .debug_macro   0x00000000000153d1      0x1e4 ./Drivers/STM32F4xx_HAL_Driver/Src/stm32f4xx_hal_gpio.o
 .debug_macro   0x00000000000155b5      0x1ea ./Drivers/STM32F4xx_HAL_Driver/Src/stm32f4xx_hal_pcd.o
 .debug_macro   0x000000000001579f      0x1de ./Drivers/STM32F4xx_HAL_Driver/Src/stm32f4xx_hal_pcd_ex.o
 .debug_macro   0x000000000001597d      0x202 ./Drivers/STM32F4xx_HAL_Driver/Src/stm32f4xx_hal_rcc.o
 .debug_macro   0x0000000000015b7f      0x1df ./Drivers/STM32F4xx_HAL_Driver/Src/stm32f4xx_hal_uart.o
 .debug_macro   0x0000000000015d5e      0x1de ./Drivers/STM32F4xx_HAL_Driver/Src/stm32f4xx_ll_usb.o
 .debug_macro   0x0000000000015f3c      0x151 ./Drivers/arpc_server/arpc_generic.o
 .debug_macro   0x000000000001608d       0x10 ./Drivers/arpc_server/arpc_generic.o
 .debug_macro   0x000000000001609d       0x16 ./Drivers/arpc_server/arpc_generic.o
 .debug_macro   0x00000000000160b3      0x3bd ./Drivers/arpc_server/arpc_server.o
 .debug_macro   0x0000000000016470       0x10 ./Drivers/arpc_server/arpc_server.o
 .debug_macro   0x0000000000016480       0x1c ./Drivers/arpc_server/arpc_server.o
 .debug_macro   0x000000000001649c       0x56 ./Drivers/arpc_server/arpc_server.o
 .debug_macro   0x00000000000164f2      0x37c ./Middlewares/ST/STM32_USB_Device_Library/Class/CDC/Src/usbd_cdc.o
 .debug_macro   0x000000000001686e       0x97 ./Middlewares/ST/STM32_USB_Device_Library/Class/CDC/Src/usbd_cdc.o
 .debug_macro   0x0000000000016905       0xfd ./Middlewares/ST/STM32_USB_Device_Library/Class/CDC/Src/usbd_cdc.o
 .debug_macro   0x0000000000016a02      0x363 ./Middlewares/ST/STM32_USB_Device_Library/Core/Src/usbd_core.o
 .debug_macro   0x0000000000016d65      0x215 ./Middlewares/ST/STM32_USB_Device_Library/Core/Src/usbd_core.o
 .debug_macro   0x0000000000016f7a      0x36d ./Middlewares/ST/STM32_USB_Device_Library/Core/Src/usbd_ctlreq.o
 .debug_macro   0x00000000000172e7      0x369 ./Middlewares/ST/STM32_USB_Device_Library/Core/Src/usbd_ioreq.o
 .debug_macro   0x0000000000017650      0x39c ./USB_DEVICE/App/usb_device.o
 .debug_macro   0x00000000000179ec       0x16 ./USB_DEVICE/App/usb_device.o
 .debug_macro   0x0000000000017a02       0x22 ./USB_DEVICE/App/usb_device.o
 .debug_macro   0x0000000000017a24       0x16 ./USB_DEVICE/App/usb_device.o
 .debug_macro   0x0000000000017a3a      0x390 ./USB_DEVICE/App/usbd_cdc_if.o
 .debug_macro   0x0000000000017dca      0x3a6 ./USB_DEVICE/App/usbd_desc.o
 .debug_macro   0x0000000000018170       0x1c ./USB_DEVICE/App/usbd_desc.o
 .debug_macro   0x000000000001818c      0x380 ./USB_DEVICE/Target/usbd_conf.o

.debug_line     0x0000000000000000    0x130f1
 .debug_line    0x0000000000000000      0xbb7 ./Core/Src/main.o
 .debug_line    0x0000000000000bb7      0x7aa ./Core/Src/stm32f4xx_hal_msp.o
 .debug_line    0x0000000000001361      0x837 ./Core/Src/stm32f4xx_it.o
 .debug_line    0x0000000000001b98      0x7de ./Core/Src/system_stm32f4xx.o
 .debug_line    0x0000000000002376       0x7a ./Core/Startup/startup_stm32f401ccux.o
 .debug_line    0x00000000000023f0      0xa44 ./Drivers/STM32F4xx_HAL_Driver/Src/stm32f4xx_hal.o
 .debug_line    0x0000000000002e34      0xcf3 ./Drivers/STM32F4xx_HAL_Driver/Src/stm32f4xx_hal_cortex.o
 .debug_line    0x0000000000003b27      0xb7c ./Drivers/STM32F4xx_HAL_Driver/Src/stm32f4xx_hal_gpio.o
 .debug_line    0x00000000000046a3     0x14eb ./Drivers/STM32F4xx_HAL_Driver/Src/stm32f4xx_hal_pcd.o
 .debug_line    0x0000000000005b8e      0x827 ./Drivers/STM32F4xx_HAL_Driver/Src/stm32f4xx_hal_pcd_ex.o
 .debug_line    0x00000000000063b5      0xdbb ./Drivers/STM32F4xx_HAL_Driver/Src/stm32f4xx_hal_rcc.o
 .debug_line    0x0000000000007170     0x2ae6 ./Drivers/STM32F4xx_HAL_Driver/Src/stm32f4xx_hal_uart.o
 .debug_line    0x0000000000009c56     0x1b05 ./Drivers/STM32F4xx_HAL_Driver/Src/stm32f4xx_ll_usb.o
 .debug_line    0x000000000000b75b      0x68c ./Drivers/arpc_server/arpc_generic.o
 .debug_line    0x000000000000bde7      0xaf0 ./Drivers/arpc_server/arpc_server.o
 .debug_line    0x000000000000c8d7      0xee6 ./Middlewares/ST/STM32_USB_Device_Library/Class/CDC/Src/usbd_cdc.o
 .debug_line    0x000000000000d7bd      0xf5b ./Middlewares/ST/STM32_USB_Device_Library/Core/Src/usbd_core.o
 .debug_line    0x000000000000e718     0x1145 ./Middlewares/ST/STM32_USB_Device_Library/Core/Src/usbd_ctlreq.o
 .debug_line    0x000000000000f85d      0xa74 ./Middlewares/ST/STM32_USB_Device_Library/Core/Src/usbd_ioreq.o
 .debug_line    0x00000000000102d1      0xa30 ./USB_DEVICE/App/usb_device.o
 .debug_line    0x0000000000010d01      0xaeb ./USB_DEVICE/App/usbd_cdc_if.o
 .debug_line    0x00000000000117ec      0xaf9 ./USB_DEVICE/App/usbd_desc.o
 .debug_line    0x00000000000122e5      0xe0c ./USB_DEVICE/Target/usbd_conf.o

.debug_str      0x0000000000000000    0x887bc
 .debug_str     0x0000000000000000    0x84b9e ./Core/Src/main.o
                                      0x84edb (size before relaxing)
 .debug_str     0x0000000000084b9e       0x66 ./Core/Src/stm32f4xx_hal_msp.o
                                      0x805ec (size before relaxing)
 .debug_str     0x0000000000084c04      0x443 ./Core/Src/stm32f4xx_it.o
                                      0x8047f (size before relaxing)
 .debug_str     0x0000000000085047       0xdb ./Core/Src/system_stm32f4xx.o
                                      0x8016d (size before relaxing)
 .debug_str     0x0000000000085122       0x34 ./Core/Startup/startup_stm32f401ccux.o
                                         0x78 (size before relaxing)
 .debug_str     0x0000000000085156      0x9ae ./Drivers/STM32F4xx_HAL_Driver/Src/stm32f4xx_hal.o
                                      0x80b8f (size before relaxing)
 .debug_str     0x0000000000085b04      0x34d ./Drivers/STM32F4xx_HAL_Driver/Src/stm32f4xx_hal_cortex.o
                                      0x808b0 (size before relaxing)
 .debug_str     0x0000000000085e51      0x10e ./Drivers/STM32F4xx_HAL_Driver/Src/stm32f4xx_hal_gpio.o
                                      0x802e8 (size before relaxing)
 .debug_str     0x0000000000085f5f      0x832 ./Drivers/STM32F4xx_HAL_Driver/Src/stm32f4xx_hal_pcd.o
                                      0x80c1d (size before relaxing)
 .debug_str     0x0000000000086791      0x115 ./Drivers/STM32F4xx_HAL_Driver/Src/stm32f4xx_hal_pcd_ex.o
                                      0x8050c (size before relaxing)
 .debug_str     0x00000000000868a6      0x21f ./Drivers/STM32F4xx_HAL_Driver/Src/stm32f4xx_hal_rcc.o
                                      0x805a1 (size before relaxing)
 .debug_str     0x0000000000086ac5      0x644 ./Drivers/STM32F4xx_HAL_Driver/Src/stm32f4xx_hal_uart.o
                                      0x80b2e (size before relaxing)
 .debug_str     0x0000000000087109      0x444 ./Drivers/STM32F4xx_HAL_Driver/Src/stm32f4xx_ll_usb.o
                                      0x80a85 (size before relaxing)
 .debug_str     0x000000000008754d      0x1b9 ./Drivers/arpc_server/arpc_generic.o
                                       0x7394 (size before relaxing)
 .debug_str     0x0000000000087706       0xfd ./Drivers/arpc_server/arpc_server.o
                                      0x848a1 (size before relaxing)
 .debug_str     0x0000000000087803      0x6bb ./Middlewares/ST/STM32_USB_Device_Library/Class/CDC/Src/usbd_cdc.o
                                      0x8517d (size before relaxing)
 .debug_str     0x0000000000087ebe      0x35c ./Middlewares/ST/STM32_USB_Device_Library/Core/Src/usbd_core.o
                                      0x84af3 (size before relaxing)
 .debug_str     0x000000000008821a      0x139 ./Middlewares/ST/STM32_USB_Device_Library/Core/Src/usbd_ctlreq.o
                                      0x8491e (size before relaxing)
 .debug_str     0x0000000000088353       0x51 ./Middlewares/ST/STM32_USB_Device_Library/Core/Src/usbd_ioreq.o
                                      0x847f3 (size before relaxing)
 .debug_str     0x00000000000883a4       0xc6 ./USB_DEVICE/App/usb_device.o
                                      0x84ba6 (size before relaxing)
 .debug_str     0x000000000008846a       0x8a ./USB_DEVICE/App/usbd_cdc_if.o
                                      0x84c24 (size before relaxing)
 .debug_str     0x00000000000884f4      0x255 ./USB_DEVICE/App/usbd_desc.o
                                      0x846da (size before relaxing)
 .debug_str     0x0000000000088749       0x73 ./USB_DEVICE/Target/usbd_conf.o
                                      0x8587b (size before relaxing)

.debug_frame    0x0000000000000000     0x3860
 .debug_frame   0x0000000000000000      0x134 ./Core/Src/main.o
 .debug_frame   0x0000000000000134       0x80 ./Core/Src/stm32f4xx_hal_msp.o
 .debug_frame   0x00000000000001b4      0x120 ./Core/Src/stm32f4xx_it.o
 .debug_frame   0x00000000000002d4       0x58 ./Core/Src/system_stm32f4xx.o
 .debug_frame   0x000000000000032c      0x374 ./Drivers/STM32F4xx_HAL_Driver/Src/stm32f4xx_hal.o
 .debug_frame   0x00000000000006a0      0x498 ./Drivers/STM32F4xx_HAL_Driver/Src/stm32f4xx_hal_cortex.o
 .debug_frame   0x0000000000000b38      0x14c ./Drivers/STM32F4xx_HAL_Driver/Src/stm32f4xx_hal_gpio.o
 .debug_frame   0x0000000000000c84      0x5bc ./Drivers/STM32F4xx_HAL_Driver/Src/stm32f4xx_hal_pcd.o
 .debug_frame   0x0000000000001240       0xb0 ./Drivers/STM32F4xx_HAL_Driver/Src/stm32f4xx_hal_pcd_ex.o
 .debug_frame   0x00000000000012f0      0x1f4 ./Drivers/STM32F4xx_HAL_Driver/Src/stm32f4xx_hal_rcc.o
 .debug_frame   0x00000000000014e4      0x92c ./Drivers/STM32F4xx_HAL_Driver/Src/stm32f4xx_hal_uart.o
 .debug_frame   0x0000000000001e10      0x7c0 ./Drivers/STM32F4xx_HAL_Driver/Src/stm32f4xx_ll_usb.o
 .debug_frame   0x00000000000025d0       0xf4 ./Drivers/arpc_server/arpc_generic.o
 .debug_frame   0x00000000000026c4       0xc8 ./Drivers/arpc_server/arpc_server.o
 .debug_frame   0x000000000000278c      0x23c ./Middlewares/ST/STM32_USB_Device_Library/Class/CDC/Src/usbd_cdc.o