Archive member included to satisfy reference by file (symbol)

c:/st/stm32cubeide_1.8.0/stm32cubeide/plugins/com.st.stm32cube.ide.mcu.externaltools.gnu-tools-for-stm32.9-2020-q2-update.win32_2.0.0.202105311346/tools/bin/../lib/gcc/arm-none-eabi/9.3.1/../../../../arm-none-eabi/lib/thumb/v7e-m+fp/hard\libc_nano.a(lib_a-errno.o)
                              ./Core/Src/syscalls.o (__errno)
c:/st/stm32cubeide_1.8.0/stm32cubeide/plugins/com.st.stm32cube.ide.mcu.externaltools.gnu-tools-for-stm32.9-2020-q2-update.win32_2.0.0.202105311346/tools/bin/../lib/gcc/arm-none-eabi/9.3.1/../../../../arm-none-eabi/lib/thumb/v7e-m+fp/hard\libc_nano.a(lib_a-exit.o)
                              c:/st/stm32cubeide_1.8.0/stm32cubeide/plugins/com.st.stm32cube.ide.mcu.externaltools.gnu-tools-for-stm32.9-2020-q2-update.win32_2.0.0.202105311346/tools/bin/../lib/gcc/arm-none-eabi/9.3.1/../../../../arm-none-eabi/lib/thumb/v7e-m+fp/hard/crt0.o (exit)
c:/st/stm32cubeide_1.8.0/stm32cubeide/plugins/com.st.stm32cube.ide.mcu.externaltools.gnu-tools-for-stm32.9-2020-q2-update.win32_2.0.0.202105311346/tools/bin/../lib/gcc/arm-none-eabi/9.3.1/../../../../arm-none-eabi/lib/thumb/v7e-m+fp/hard\libc_nano.a(lib_a-impure.o)
                              c:/st/stm32cubeide_1.8.0/stm32cubeide/plugins/com.st.stm32cube.ide.mcu.externaltools.gnu-tools-for-stm32.9-2020-q2-update.win32_2.0.0.202105311346/tools/bin/../lib/gcc/arm-none-eabi/9.3.1/../../../../arm-none-eabi/lib/thumb/v7e-m+fp/hard\libc_nano.a(lib_a-exit.o) (_global_impure_ptr)
c:/st/stm32cubeide_1.8.0/stm32cubeide/plugins/com.st.stm32cube.ide.mcu.externaltools.gnu-tools-for-stm32.9-2020-q2-update.win32_2.0.0.202105311346/tools/bin/../lib/gcc/arm-none-eabi/9.3.1/../../../../arm-none-eabi/lib/thumb/v7e-m+fp/hard\libc_nano.a(lib_a-init.o)
                              c:/st/stm32cubeide_1.8.0/stm32cubeide/plugins/com.st.stm32cube.ide.mcu.externaltools.gnu-tools-for-stm32.9-2020-q2-update.win32_2.0.0.202105311346/tools/bin/../lib/gcc/arm-none-eabi/9.3.1/../../../../arm-none-eabi/lib/thumb/v7e-m+fp/hard/crt0.o (__libc_init_array)
c:/st/stm32cubeide_1.8.0/stm32cubeide/plugins/com.st.stm32cube.ide.mcu.externaltools.gnu-tools-for-stm32.9-2020-q2-update.win32_2.0.0.202105311346/tools/bin/../lib/gcc/arm-none-eabi/9.3.1/../../../../arm-none-eabi/lib/thumb/v7e-m+fp/hard\libc_nano.a(lib_a-memcpy-stub.o)
                              ./Drivers/arpc_server/arpc_generic.o (memcpy)
c:/st/stm32cubeide_1.8.0/stm32cubeide/plugins/com.st.stm32cube.ide.mcu.externaltools.gnu-tools-for-stm32.9-2020-q2-update.win32_2.0.0.202105311346/tools/bin/../lib/gcc/arm-none-eabi/9.3.1/../../../../arm-none-eabi/lib/thumb/v7e-m+fp/hard\libc_nano.a(lib_a-memset.o)
                              c:/st/stm32cubeide_1.8.0/stm32cubeide/plugins/com.st.stm32cube.ide.mcu.externaltools.gnu-tools-for-stm32.9-2020-q2-update.win32_2.0.0.202105311346/tools/bin/../lib/gcc/arm-none-eabi/9.3.1/../../../../arm-none-eabi/lib/thumb/v7e-m+fp/hard/crt0.o (memset)
c:/st/stm32cubeide_1.8.0/stm32cubeide/plugins/com.st.stm32cube.ide.mcu.externaltools.gnu-tools-for-stm32.9-2020-q2-update.win32_2.0.0.202105311346/tools/bin/../lib/gcc/arm-none-eabi/9.3.1/thumb/v7e-m+fp/hard\libgcc.a(_aeabi_uldivmod.o)
                              ./Drivers/STM32F4xx_HAL_Driver/Src/stm32f4xx_hal_rcc.o (__aeabi_uldivmod)
c:/st/stm32cubeide_1.8.0/stm32cubeide/plugins/com.st.stm32cube.ide.mcu.externaltools.gnu-tools-for-stm32.9-2020-q2-update.win32_2.0.0.202105311346/tools/bin/../lib/gcc/arm-none-eabi/9.3.1/thumb/v7e-m+fp/hard\libgcc.a(_udivmoddi4.o)
                              c:/st/stm32cubeide_1.8.0/stm32cubeide/plugins/com.st.stm32cube.ide.mcu.externaltools.gnu-tools-for-stm32.9-2020-q2-update.win32_2.0.0.202105311346/tools/bin/../lib/gcc/arm-none-eabi/9.3.1/thumb/v7e-m+fp/hard\libgcc.a(_aeabi_uldivmod.o) (__udivmoddi4)
c:/st/stm32cubeide_1.8.0/stm32cubeide/plugins/com.st.stm32cube.ide.mcu.externaltools.gnu-tools-for-stm32.9-2020-q2-update.win32_2.0.0.202105311346/tools/bin/../lib/gcc/arm-none-eabi/9.3.1/thumb/v7e-m+fp/hard\libgcc.a(_dvmd_tls.o)
                              c:/st/stm32cubeide_1.8.0/stm32cubeide/plugins/com.st.stm32cube.ide.mcu.externaltools.gnu-tools-for-stm32.9-2020-q2-update.win32_2.0.0.202105311346/tools/bin/../lib/gcc/arm-none-eabi/9.3.1/thumb/v7e-m+fp/hard\libgcc.a(_aeabi_uldivmod.o) (__aeabi_ldiv0)

Allocating common symbols
Common symbol       size              file

hUsbDeviceFS        0x2dc             ./USB_DEVICE/App/usb_device.o
hpcd_USB_OTG_FS     0x50c             ./USB_DEVICE/Target/usbd_conf.o
uwTick              0x4               ./Drivers/STM32F4xx_HAL_Driver/Src/stm32f4xx_hal.o
pFlash              0x20              ./Drivers/STM32F4xx_HAL_Driver/Src/stm32f4xx_hal_flash.o
UserRxBufferFS      0x400             ./USB_DEVICE/App/usbd_cdc_if.o
huart1              0x44              ./Core/Src/main.o
UserTxBufferFS      0x400             ./USB_DEVICE/App/usbd_cdc_if.o
USBD_StrDesc        0x200             ./USB_DEVICE/App/usbd_desc.o

[...]
Memory Configuration

Name             Origin             Length             Attributes
RAM              0x0000000020000000 0x0000000000010000 xrw
FLASH            0x0000000008000000 0x0000000000040000 xr
*default*        0x0000000000000000 0xffffffffffffffff

Linker script and memory map

LOAD c:/st/stm32cubeide_1.8.0/stm32cubeide/plugins/com.st.stm32cube.ide.mcu.externaltools.gnu-tools-for-stm32.9-2020-q2-update.win32_2.0.0.202105311346/tools/bin/../lib/gcc/arm-none-eabi/9.3.1/thumb/v7e-m+fp/hard/crti.o
LOAD c:/st/stm32cubeide_1.8.0/stm32cubeide/plugins/com.st.stm32cube.ide.mcu.externaltools.gnu-tools-for-stm32.9-2020-q2-update.win32_2.0.0.202105311346/tools/bin/../lib/gcc/arm-none-eabi/9.3.1/thumb/v7e-m+fp/hard/crtbegin.o
LOAD c:/st/stm32cubeide_1.8.0/stm32cubeide/plugins/com.st.stm32cube.ide.mcu.externaltools.gnu-tools-for-stm32.9-2020-q2-update.win32_2.0.0.202105311346/tools/bin/../lib/gcc/arm-none-eabi/9.3.1/../../../../arm-none-eabi/lib/thumb/v7e-m+fp/hard/crt0.o
LOAD ./Core/Src/main.o
LOAD ./Core/Src/stm32f4xx_hal_msp.o
LOAD ./Core/Src/stm32f4xx_it.o
LOAD ./Core/Src/syscalls.o
LOAD ./Core/Src/sysmem.o
LOAD ./Core/Src/system_stm32f4xx.o
LOAD ./Core/Startup/startup_stm32f401ccux.o
LOAD ./Drivers/STM32F4xx_HAL_Driver/Src/stm32f4xx_hal.o
LOAD ./Drivers/STM32F4xx_HAL_Driver/Src/stm32f4xx_hal_cortex.o
LOAD ./Drivers/STM32F4xx_HAL_Driver/Src/stm32f4xx_hal_dma.o
LOAD ./Drivers/STM32F4xx_HAL_Driver/Src/stm32f4xx_hal_dma_ex.o
LOAD ./Drivers/STM32F4xx_HAL_Driver/Src/stm32f4xx_hal_exti.o
LOAD ./Drivers/STM32F4xx_HAL_Driver/Src/stm32f4xx_hal_flash.o
LOAD ./Drivers/STM32F4xx_HAL_Driver/Src/stm32f4xx_hal_flash_ex.o
LOAD ./Drivers/STM32F4xx_HAL_Driver/Src/stm32f4xx_hal_flash_ramfunc.o
LOAD ./Drivers/STM32F4xx_HAL_Driver/Src/stm32f4xx_hal_gpio.o
LOAD ./Drivers/STM32F4xx_HAL_Driver/Src/stm32f4xx_hal_pcd.o
LOAD ./Drivers/STM32F4xx_HAL_Driver/Src/stm32f4xx_hal_pcd_ex.o
LOAD ./Drivers/STM32F4xx_HAL_Driver/Src/stm32f4xx_hal_pwr.o
LOAD ./Drivers/STM32F4xx_HAL_Driver/Src/stm32f4xx_hal_pwr_ex.o
LOAD ./Drivers/STM32F4xx_HAL_Driver/Src/stm32f4xx_hal_rcc.o
LOAD ./Drivers/STM32F4xx_HAL_Driver/Src/stm32f4xx_hal_rcc_ex.o
LOAD ./Drivers/STM32F4xx_HAL_Driver/Src/stm32f4xx_hal_tim.o
LOAD ./Drivers/STM32F4xx_HAL_Driver/Src/stm32f4xx_hal_tim_ex.o
LOAD ./Drivers/STM32F4xx_HAL_Driver/Src/stm32f4xx_hal_uart.o
LOAD ./Drivers/STM32F4xx_HAL_Driver/Src/stm32f4xx_ll_usb.o
LOAD ./Drivers/arpc_server/arpc_generic.o
LOAD ./Drivers/arpc_server/arpc_server.o
LOAD ./Middlewares/ST/STM32_USB_Device_Library/Class/CDC/Src/usbd_cdc.o
LOAD ./Middlewares/ST/STM32_USB_Device_Library/Core/Src/usbd_core.o
LOAD ./Middlewares/ST/STM32_USB_Device_Library/Core/Src/usbd_ctlreq.o
LOAD ./Middlewares/ST/STM32_USB_Device_Library/Core/Src/usbd_ioreq.o
LOAD ./USB_DEVICE/App/usb_device.o
LOAD ./USB_DEVICE/App/usbd_cdc_if.o
LOAD ./USB_DEVICE/App/usbd_desc.o
LOAD ./USB_DEVICE/Target/usbd_conf.o
START GROUP
LOAD c:/st/stm32cubeide_1.8.0/stm32cubeide/plugins/com.st.stm32cube.ide.mcu.externaltools.gnu-tools-for-stm32.9-2020-q2-update.win32_2.0.0.202105311346/tools/bin/../lib/gcc/arm-none-eabi/9.3.1/../../../../arm-none-eabi/lib/thumb/v7e-m+fp/hard\libc_nano.a
LOAD c:/st/stm32cubeide_1.8.0/stm32cubeide/plugins/com.st.stm32cube.ide.mcu.externaltools.gnu-tools-for-stm32.9-2020-q2-update.win32_2.0.0.202105311346/tools/bin/../lib/gcc/arm-none-eabi/9.3.1/../../../../arm-none-eabi/lib/thumb/v7e-m+fp/hard\libm.a
END GROUP
START GROUP
LOAD c:/st/stm32cubeide_1.8.0/stm32cubeide/plugins/com.st.stm32cube.ide.mcu.externaltools.gnu-tools-for-stm32.9-2020-q2-update.win32_2.0.0.202105311346/tools/bin/../lib/gcc/arm-none-eabi/9.3.1/thumb/v7e-m+fp/hard\libgcc.a
LOAD c:/st/stm32cubeide_1.8.0/stm32cubeide/plugins/com.st.stm32cube.ide.mcu.externaltools.gnu-tools-for-stm32.9-2020-q2-update.win32_2.0.0.202105311346/tools/bin/../lib/gcc/arm-none-eabi/9.3.1/../../../../arm-none-eabi/lib/thumb/v7e-m+fp/hard\libc_nano.a
END GROUP
START GROUP
LOAD c:/st/stm32cubeide_1.8.0/stm32cubeide/plugins/com.st.stm32cube.ide.mcu.externaltools.gnu-tools-for-stm32.9-2020-q2-update.win32_2.0.0.202105311346/tools/bin/../lib/gcc/arm-none-eabi/9.3.1/thumb/v7e-m+fp/hard\libgcc.a
LOAD c:/st/stm32cubeide_1.8.0/stm32cubeide/plugins/com.st.stm32cube.ide.mcu.externaltools.gnu-tools-for-stm32.9-2020-q2-update.win32_2.0.0.202105311346/tools/bin/../lib/gcc/arm-none-eabi/9.3.1/../../../../arm-none-eabi/lib/thumb/v7e-m+fp/hard\libc_nano.a
LOAD c:/st/stm32cubeide_1.8.0/stm32cubeide/plugins/com.st.stm32cube.ide.mcu.externaltools.gnu-tools-for-stm32.9-2020-q2-update.win32_2.0.0.202105311346/tools/bin/../lib/gcc/arm-none-eabi/9.3.1/../../../../arm-none-eabi/lib/thumb/v7e-m+fp/hard\libnosys.a
END GROUP
START GROUP
LOAD c:/st/stm32cubeide_1.8.0/stm32cubeide/plugins/com.st.stm32cube.ide.mcu.externaltools.gnu-tools-for-stm32.9-2020-q2-update.win32_2.0.0.202105311346/tools/bin/../lib/gcc/arm-none-eabi/9.3.1/thumb/v7e-m+fp/hard\libgcc.a
LOAD c:/st/stm32cubeide_1.8.0/stm32cubeide/plugins/com.st.stm32cube.ide.mcu.externaltools.gnu-tools-for-stm32.9-2020-q2-update.win32_2.0.0.202105311346/tools/bin/../lib/gcc/arm-none-eabi/9.3.1/../../../../arm-none-eabi/lib/thumb/v7e-m+fp/hard\libc_nano.a
LOAD c:/st/stm32cubeide_1.8.0/stm32cubeide/plugins/com.st.stm32cube.ide.mcu.externaltools.gnu-tools-for-stm32.9-2020-q2-update.win32_2.0.0.202105311346/tools/bin/../lib/gcc/arm-none-eabi/9.3.1/../../../../arm-none-eabi/lib/thumb/v7e-m+fp/hard\libnosys.a
END GROUP
LOAD c:/st/stm32cubeide_1.8.0/stm32cubeide/plugins/com.st.stm32cube.ide.mcu.externaltools.gnu-tools-for-stm32.9-2020-q2-update.win32_2.0.0.202105311346/tools/bin/../lib/gcc/arm-none-eabi/9.3.1/thumb/v7e-m+fp/hard/crtend.o
LOAD c:/st/stm32cubeide_1.8.0/stm32cubeide/plugins/com.st.stm32cube.ide.mcu.externaltools.gnu-tools-for-stm32.9-2020-q2-update.win32_2.0.0.202105311346/tools/bin/../lib/gcc/arm-none-eabi/9.3.1/thumb/v7e-m+fp/hard/crtn.o
                0x0000000020010000                _estack = (ORIGIN (RAM) + LENGTH (RAM))
                0x0000000000000200                _Min_Heap_Size = 0x200
                0x0000000000000400                _Min_Stack_Size = 0x400

.isr_vector     0x0000000008000000      0x194
                0x0000000008000000                . = ALIGN (0x4)
 *(.isr_vector)
 .isr_vector    0x0000000008000000      0x194 ./Core/Startup/startup_stm32f401ccux.o
                0x0000000008000000                g_pfnVectors
                0x0000000008000194                . = ALIGN (0x4)

.text           0x0000000008000194     0x791c
                0x0000000008000194                . = ALIGN (0x4)
 *(.text)
 .text          0x0000000008000194       0x40 c:/st/stm32cubeide_1.8.0/stm32cubeide/plugins/com.st.stm32cube.ide.mcu.externaltools.gnu-tools-for-stm32.9-2020-q2-update.win32_2.0.0.202105311346/tools/bin/../lib/gcc/arm-none-eabi/9.3.1/thumb/v7e-m+fp/hard/crtbegin.o
 .text          0x00000000080001d4       0x30 c:/st/stm32cubeide_1.8.0/stm32cubeide/plugins/com.st.stm32cube.ide.mcu.externaltools.gnu-tools-for-stm32.9-2020-q2-update.win32_2.0.0.202105311346/tools/bin/../lib/gcc/arm-none-eabi/9.3.1/thumb/v7e-m+fp/hard\libgcc.a(_aeabi_uldivmod.o)
                0x00000000080001d4                __aeabi_uldivmod
 .text          0x0000000008000204      0x2c4 c:/st/stm32cubeide_1.8.0/stm32cubeide/plugins/com.st.stm32cube.ide.mcu.externaltools.gnu-tools-for-stm32.9-2020-q2-update.win32_2.0.0.202105311346/tools/bin/../lib/gcc/arm-none-eabi/9.3.1/thumb/v7e-m+fp/hard\libgcc.a(_udivmoddi4.o)
                0x0000000008000204                __udivmoddi4
 .text          0x00000000080004c8        0x4 c:/st/stm32cubeide_1.8.0/stm32cubeide/plugins/com.st.stm32cube.ide.mcu.externaltools.gnu-tools-for-stm32.9-2020-q2-update.win32_2.0.0.202105311346/tools/bin/../lib/gcc/arm-none-eabi/9.3.1/thumb/v7e-m+fp/hard\libgcc.a(_dvmd_tls.o)
                0x00000000080004c8                __aeabi_idiv0
                0x00000000080004c8                __aeabi_ldiv0
 *(.text*)
 .text.setLED   0x00000000080004cc       0x24 ./Core/Src/main.o
                0x00000000080004cc                setLED
 .text.shutdown
                0x00000000080004f0       0x24 ./Core/Src/main.o
                0x00000000080004f0                shutdown
 .text.sendByte
                0x0000000008000514       0x30 ./Core/Src/main.o
                0x0000000008000514                sendByte
 .text.main     0x0000000008000544       0x44 ./Core/Src/main.o
                0x0000000008000544                main
 .text.SystemClock_Config
                0x0000000008000588       0xd8 ./Core/Src/main.o
                0x0000000008000588                SystemClock_Config
 .text.MX_USART1_UART_Init
                0x0000000008000660       0x54 ./Core/Src/main.o
 .text.MX_GPIO_Init
                0x00000000080006b4       0xa4 ./Core/Src/main.o
 .text.Error_Handler
                0x0000000008000758        0xa ./Core/Src/main.o
                0x0000000008000758                Error_Handler
 *fill*         0x0000000008000762        0x2 
 .text.HAL_MspInit
                0x0000000008000764       0x50 ./Core/Src/stm32f4xx_hal_msp.o
                0x0000000008000764                HAL_MspInit
 .text.HAL_UART_MspInit
                0x00000000080007b4       0x90 ./Core/Src/stm32f4xx_hal_msp.o
                0x00000000080007b4                HAL_UART_MspInit
 .text.NMI_Handler
                0x0000000008000844        0x6 ./Core/Src/stm32f4xx_it.o
                0x0000000008000844                NMI_Handler
 .text.HardFault_Handler
                0x000000000800084a        0x6 ./Core/Src/stm32f4xx_it.o
                0x000000000800084a                HardFault_Handler
 .text.MemManage_Handler
                0x0000000008000850        0x6 ./Core/Src/stm32f4xx_it.o
                0x0000000008000850                MemManage_Handler
 .text.BusFault_Handler
                0x0000000008000856        0x6 ./Core/Src/stm32f4xx_it.o
                0x0000000008000856                BusFault_Handler
 .text.UsageFault_Handler
                0x000000000800085c        0x6 ./Core/Src/stm32f4xx_it.o
                0x000000000800085c                UsageFault_Handler
 .text.SVC_Handler
                0x0000000008000862        0xe ./Core/Src/stm32f4xx_it.o
                0x0000000008000862                SVC_Handler
 .text.DebugMon_Handler
                0x0000000008000870        0xe ./Core/Src/stm32f4xx_it.o
                0x0000000008000870                DebugMon_Handler
 .text.PendSV_Handler
                0x000000000800087e        0xe ./Core/Src/stm32f4xx_it.o
                0x000000000800087e                PendSV_Handler
 .text.SysTick_Handler
                0x000000000800088c        0xc ./Core/Src/stm32f4xx_it.o
                0x000000000800088c                SysTick_Handler
 .text.OTG_FS_IRQHandler
                0x0000000008000898       0x14 ./Core/Src/stm32f4xx_it.o
                0x0000000008000898                OTG_FS_IRQHandler
 .text.SystemInit
                0x00000000080008ac       0x24 ./Core/Src/system_stm32f4xx.o
                0x00000000080008ac                SystemInit
 .text.Reset_Handler
                0x00000000080008d0       0x50 ./Core/Startup/startup_stm32f401ccux.o
                0x00000000080008d0                Reset_Handler
 .text.Default_Handler
                0x0000000008000920        0x2 ./Core/Startup/startup_stm32f401ccux.o
                0x0000000008000920                RTC_Alarm_IRQHandler
                0x0000000008000920                EXTI2_IRQHandler
                0x0000000008000920                SPI4_IRQHandler
                0x0000000008000920                TIM1_CC_IRQHandler
                0x0000000008000920                DMA2_Stream5_IRQHandler
                0x0000000008000920                DMA1_Stream5_IRQHandler
                0x0000000008000920                PVD_IRQHandler
                0x0000000008000920                SDIO_IRQHandler
                0x0000000008000920                TAMP_STAMP_IRQHandler
                0x0000000008000920                EXTI3_IRQHandler
                0x0000000008000920                TIM1_UP_TIM10_IRQHandler
                0x0000000008000920                I2C3_ER_IRQHandler
                0x0000000008000920                EXTI0_IRQHandler
                0x0000000008000920                I2C2_EV_IRQHandler
                0x0000000008000920                DMA1_Stream2_IRQHandler
                0x0000000008000920                FPU_IRQHandler
                0x0000000008000920                DMA2_Stream2_IRQHandler
                0x0000000008000920                SPI1_IRQHandler
                0x0000000008000920                TIM1_BRK_TIM9_IRQHandler
                0x0000000008000920                DMA2_Stream3_IRQHandler
                0x0000000008000920                USART6_IRQHandler
                0x0000000008000920                DMA2_Stream0_IRQHandler
                0x0000000008000920                TIM4_IRQHandler
                0x0000000008000920                I2C1_EV_IRQHandler
                0x0000000008000920                DMA1_Stream6_IRQHandler
                0x0000000008000920                DMA1_Stream1_IRQHandler
                0x0000000008000920                TIM3_IRQHandler
                0x0000000008000920                RCC_IRQHandler
                0x0000000008000920                Default_Handler
                0x0000000008000920                EXTI15_10_IRQHandler
                0x0000000008000920                ADC_IRQHandler
                0x0000000008000920                DMA1_Stream7_IRQHandler
                0x0000000008000920                TIM5_IRQHandler
                0x0000000008000920                DMA2_Stream7_IRQHandler
                0x0000000008000920                I2C3_EV_IRQHandler
                0x0000000008000920                EXTI9_5_IRQHandler
                0x0000000008000920                RTC_WKUP_IRQHandler
                0x0000000008000920                SPI2_IRQHandler
                0x0000000008000920                DMA1_Stream0_IRQHandler
                0x0000000008000920                EXTI4_IRQHandler
                0x0000000008000920                WWDG_IRQHandler
                0x0000000008000920                TIM2_IRQHandler
                0x0000000008000920                OTG_FS_WKUP_IRQHandler
                0x0000000008000920                TIM1_TRG_COM_TIM11_IRQHandler
                0x0000000008000920                EXTI1_IRQHandler
                0x0000000008000920                USART2_IRQHandler
                0x0000000008000920                I2C2_ER_IRQHandler
                0x0000000008000920                DMA2_Stream1_IRQHandler
                0x0000000008000920                FLASH_IRQHandler
                0x0000000008000920                DMA2_Stream4_IRQHandler
                0x0000000008000920                USART1_IRQHandler
                0x0000000008000920                SPI3_IRQHandler
                0x0000000008000920                DMA1_Stream4_IRQHandler
                0x0000000008000920                I2C1_ER_IRQHandler
                0x0000000008000920                DMA2_Stream6_IRQHandler
                0x0000000008000920                DMA1_Stream3_IRQHandler
 *fill*         0x0000000008000922        0x2 
 .text.HAL_Init
                0x0000000008000924       0x44 ./Drivers/STM32F4xx_HAL_Driver/Src/stm32f4xx_hal.o
                0x0000000008000924                HAL_Init
 .text.HAL_InitTick
                0x0000000008000968       0x60 ./Drivers/STM32F4xx_HAL_Driver/Src/stm32f4xx_hal.o
                0x0000000008000968                HAL_InitTick
 .text.HAL_IncTick
                0x00000000080009c8       0x28 ./Drivers/STM32F4xx_HAL_Driver/Src/stm32f4xx_hal.o
                0x00000000080009c8                HAL_IncTick
 .text.HAL_GetTick
                0x00000000080009f0       0x18 ./Drivers/STM32F4xx_HAL_Driver/Src/stm32f4xx_hal.o
                0x00000000080009f0                HAL_GetTick
 .text.HAL_Delay
                0x0000000008000a08       0x48 ./Drivers/STM32F4xx_HAL_Driver/Src/stm32f4xx_hal.o
                0x0000000008000a08                HAL_Delay
 .text.__NVIC_SetPriorityGrouping
                0x0000000008000a50       0x48 ./Drivers/STM32F4xx_HAL_Driver/Src/stm32f4xx_hal_cortex.o
 .text.__NVIC_GetPriorityGrouping
                0x0000000008000a98       0x1c ./Drivers/STM32F4xx_HAL_Driver/Src/stm32f4xx_hal_cortex.o
 .text.__NVIC_EnableIRQ
                0x0000000008000ab4       0x3c ./Drivers/STM32F4xx_HAL_Driver/Src/stm32f4xx_hal_cortex.o
 .text.__NVIC_SetPriority
                0x0000000008000af0       0x54 ./Drivers/STM32F4xx_HAL_Driver/Src/stm32f4xx_hal_cortex.o
 .text.NVIC_EncodePriority
                0x0000000008000b44       0x66 ./Drivers/STM32F4xx_HAL_Driver/Src/stm32f4xx_hal_cortex.o
 *fill*         0x0000000008000baa        0x2 
 .text.SysTick_Config
                0x0000000008000bac       0x44 ./Drivers/STM32F4xx_HAL_Driver/Src/stm32f4xx_hal_cortex.o
 .text.HAL_NVIC_SetPriorityGrouping
                0x0000000008000bf0       0x16 ./Drivers/STM32F4xx_HAL_Driver/Src/stm32f4xx_hal_cortex.o
                0x0000000008000bf0                HAL_NVIC_SetPriorityGrouping
 .text.HAL_NVIC_SetPriority
                0x0000000008000c06       0x38 ./Drivers/STM32F4xx_HAL_Driver/Src/stm32f4xx_hal_cortex.o
                0x0000000008000c06                HAL_NVIC_SetPriority
 .text.HAL_NVIC_EnableIRQ
                0x0000000008000c3e       0x1c ./Drivers/STM32F4xx_HAL_Driver/Src/stm32f4xx_hal_cortex.o
                0x0000000008000c3e                HAL_NVIC_EnableIRQ
 .text.HAL_SYSTICK_Config
                0x0000000008000c5a       0x18 ./Drivers/STM32F4xx_HAL_Driver/Src/stm32f4xx_hal_cortex.o
                0x0000000008000c5a                HAL_SYSTICK_Config
 *fill*         0x0000000008000c72        0x2 
 .text.HAL_GPIO_Init
                0x0000000008000c74      0x308 ./Drivers/STM32F4xx_HAL_Driver/Src/stm32f4xx_hal_gpio.o
                0x0000000008000c74                HAL_GPIO_Init
 .text.HAL_GPIO_WritePin
                0x0000000008000f7c       0x32 ./Drivers/STM32F4xx_HAL_Driver/Src/stm32f4xx_hal_gpio.o
                0x0000000008000f7c                HAL_GPIO_WritePin
 .text.HAL_GPIO_TogglePin
                0x0000000008000fae       0x34 ./Drivers/STM32F4xx_HAL_Driver/Src/stm32f4xx_hal_gpio.o
                0x0000000008000fae                HAL_GPIO_TogglePin
 .text.HAL_PCD_Init
                0x0000000008000fe2      0x23a ./Drivers/STM32F4xx_HAL_Driver/Src/stm32f4xx_hal_pcd.o
                0x0000000008000fe2                HAL_PCD_Init
 .text.HAL_PCD_Start
                0x000000000800121c       0x66 ./Drivers/STM32F4xx_HAL_Driver/Src/stm32f4xx_hal_pcd.o
                0x000000000800121c                HAL_PCD_Start
 .text.HAL_PCD_IRQHandler
                0x0000000008001282      0x93e ./Drivers/STM32F4xx_HAL_Driver/Src/stm32f4xx_hal_pcd.o
                0x0000000008001282                HAL_PCD_IRQHandler
 .text.HAL_PCD_SetAddress
                0x0000000008001bc0       0x4a ./Drivers/STM32F4xx_HAL_Driver/Src/stm32f4xx_hal_pcd.o
                0x0000000008001bc0                HAL_PCD_SetAddress
 .text.HAL_PCD_EP_Open
                0x0000000008001c0a       0xd0 ./Drivers/STM32F4xx_HAL_Driver/Src/stm32f4xx_hal_pcd.o
                0x0000000008001c0a                HAL_PCD_EP_Open
 .text.HAL_PCD_EP_Close
                0x0000000008001cda       0x94 ./Drivers/STM32F4xx_HAL_Driver/Src/stm32f4xx_hal_pcd.o
                0x0000000008001cda                HAL_PCD_EP_Close
 .text.HAL_PCD_EP_Receive
                0x0000000008001d6e       0x96 ./Drivers/STM32F4xx_HAL_Driver/Src/stm32f4xx_hal_pcd.o
                0x0000000008001d6e                HAL_PCD_EP_Receive
 .text.HAL_PCD_EP_GetRxCount
                0x0000000008001e04       0x30 ./Drivers/STM32F4xx_HAL_Driver/Src/stm32f4xx_hal_pcd.o
                0x0000000008001e04                HAL_PCD_EP_GetRxCount
 .text.HAL_PCD_EP_Transmit
                0x0000000008001e34       0x94 ./Drivers/STM32F4xx_HAL_Driver/Src/stm32f4xx_hal_pcd.o
                0x0000000008001e34                HAL_PCD_EP_Transmit
 .text.HAL_PCD_EP_SetStall
                0x0000000008001ec8       0xc8 ./Drivers/STM32F4xx_HAL_Driver/Src/stm32f4xx_hal_pcd.o
                0x0000000008001ec8                HAL_PCD_EP_SetStall
 .text.HAL_PCD_EP_ClrStall
                0x0000000008001f90       0xac ./Drivers/STM32F4xx_HAL_Driver/Src/stm32f4xx_hal_pcd.o
                0x0000000008001f90                HAL_PCD_EP_ClrStall
 .text.HAL_PCD_EP_Abort
                0x000000000800203c       0x62 ./Drivers/STM32F4xx_HAL_Driver/Src/stm32f4xx_hal_pcd.o
                0x000000000800203c                HAL_PCD_EP_Abort
 .text.PCD_WriteEmptyTxFifo
                0x000000000800209e      0x11a ./Drivers/STM32F4xx_HAL_Driver/Src/stm32f4xx_hal_pcd.o
 .text.PCD_EP_OutXfrComplete_int
                0x00000000080021b8      0x1d0 ./Drivers/STM32F4xx_HAL_Driver/Src/stm32f4xx_hal_pcd.o
 .text.PCD_EP_OutSetupPacket_int
                0x0000000008002388       0x8c ./Drivers/STM32F4xx_HAL_Driver/Src/stm32f4xx_hal_pcd.o
 .text.HAL_PCDEx_SetTxFiFo
                0x0000000008002414       0x8e ./Drivers/STM32F4xx_HAL_Driver/Src/stm32f4xx_hal_pcd_ex.o
                0x0000000008002414                HAL_PCDEx_SetTxFiFo
 .text.HAL_PCDEx_SetRxFiFo
                0x00000000080024a2       0x22 ./Drivers/STM32F4xx_HAL_Driver/Src/stm32f4xx_hal_pcd_ex.o
                0x00000000080024a2                HAL_PCDEx_SetRxFiFo
 .text.HAL_PCDEx_LPM_Callback
                0x00000000080024c4       0x18 ./Drivers/STM32F4xx_HAL_Driver/Src/stm32f4xx_hal_pcd_ex.o
                0x00000000080024c4                HAL_PCDEx_LPM_Callback
 .text.HAL_RCC_OscConfig
                0x00000000080024dc      0x4f0 ./Drivers/STM32F4xx_HAL_Driver/Src/stm32f4xx_hal_rcc.o
                0x00000000080024dc                HAL_RCC_OscConfig
 .text.HAL_RCC_ClockConfig
                0x00000000080029cc      0x1cc ./Drivers/STM32F4xx_HAL_Driver/Src/stm32f4xx_hal_rcc.o
                0x00000000080029cc                HAL_RCC_ClockConfig
 .text.HAL_RCC_GetSysClockFreq
                0x0000000008002b98      0x16c ./Drivers/STM32F4xx_HAL_Driver/Src/stm32f4xx_hal_rcc.o
                0x0000000008002b98                HAL_RCC_GetSysClockFreq
 .text.HAL_RCC_GetHCLKFreq
                0x0000000008002d04       0x18 ./Drivers/STM32F4xx_HAL_Driver/Src/stm32f4xx_hal_rcc.o
                0x0000000008002d04                HAL_RCC_GetHCLKFreq
 .text.HAL_RCC_GetPCLK1Freq
                0x0000000008002d1c       0x28 ./Drivers/STM32F4xx_HAL_Driver/Src/stm32f4xx_hal_rcc.o
                0x0000000008002d1c                HAL_RCC_GetPCLK1Freq
 .text.HAL_RCC_GetPCLK2Freq
                0x0000000008002d44       0x28 ./Drivers/STM32F4xx_HAL_Driver/Src/stm32f4xx_hal_rcc.o
                0x0000000008002d44                HAL_RCC_GetPCLK2Freq
 .text.HAL_UART_Init
                0x0000000008002d6c       0x9a ./Drivers/STM32F4xx_HAL_Driver/Src/stm32f4xx_hal_uart.o
                0x0000000008002d6c                HAL_UART_Init
 .text.HAL_UART_Transmit
                0x0000000008002e06      0x124 ./Drivers/STM32F4xx_HAL_Driver/Src/stm32f4xx_hal_uart.o
                0x0000000008002e06                HAL_UART_Transmit
 .text.HAL_UART_Receive
                0x0000000008002f2a      0x144 ./Drivers/STM32F4xx_HAL_Driver/Src/stm32f4xx_hal_uart.o
                0x0000000008002f2a                HAL_UART_Receive
 .text.UART_WaitOnFlagUntilTimeout
                0x000000000800306e       0xdc ./Drivers/STM32F4xx_HAL_Driver/Src/stm32f4xx_hal_uart.o
 *fill*         0x000000000800314a        0x2 
 .text.UART_SetConfig
                0x000000000800314c      0x390 ./Drivers/STM32F4xx_HAL_Driver/Src/stm32f4xx_hal_uart.o
 .text.USB_CoreInit
                0x00000000080034dc       0xc2 ./Drivers/STM32F4xx_HAL_Driver/Src/stm32f4xx_ll_usb.o
                0x00000000080034dc                USB_CoreInit
 *fill*         0x000000000800359e        0x2 
 .text.USB_SetTurnaroundTime
                0x00000000080035a0      0x144 ./Drivers/STM32F4xx_HAL_Driver/Src/stm32f4xx_ll_usb.o
                0x00000000080035a0                USB_SetTurnaroundTime
 .text.USB_EnableGlobalInt
                0x00000000080036e4       0x22 ./Drivers/STM32F4xx_HAL_Driver/Src/stm32f4xx_ll_usb.o
                0x00000000080036e4                USB_EnableGlobalInt
 .text.USB_DisableGlobalInt
                0x0000000008003706       0x22 ./Drivers/STM32F4xx_HAL_Driver/Src/stm32f4xx_ll_usb.o
                0x0000000008003706                USB_DisableGlobalInt
 .text.USB_SetCurrentMode
                0x0000000008003728       0x98 ./Drivers/STM32F4xx_HAL_Driver/Src/stm32f4xx_ll_usb.o
                0x0000000008003728                USB_SetCurrentMode
 .text.USB_DevInit
                0x00000000080037c0      0x2c8 ./Drivers/STM32F4xx_HAL_Driver/Src/stm32f4xx_ll_usb.o
                0x00000000080037c0                USB_DevInit
 .text.USB_FlushTxFifo
                0x0000000008003a88       0x68 ./Drivers/STM32F4xx_HAL_Driver/Src/stm32f4xx_ll_usb.o
                0x0000000008003a88                USB_FlushTxFifo
 .text.USB_FlushRxFifo
                0x0000000008003af0       0x60 ./Drivers/STM32F4xx_HAL_Driver/Src/stm32f4xx_ll_usb.o
                0x0000000008003af0                USB_FlushRxFifo
 .text.USB_SetDevSpeed
                0x0000000008003b50       0x32 ./Drivers/STM32F4xx_HAL_Driver/Src/stm32f4xx_ll_usb.o
                0x0000000008003b50                USB_SetDevSpeed
 .text.USB_GetDevSpeed
                0x0000000008003b82       0x4a ./Drivers/STM32F4xx_HAL_Driver/Src/stm32f4xx_ll_usb.o
                0x0000000008003b82                USB_GetDevSpeed
 .text.USB_ActivateEndpoint
                0x0000000008003bcc      0x10e ./Drivers/STM32F4xx_HAL_Driver/Src/stm32f4xx_ll_usb.o
                0x0000000008003bcc                USB_ActivateEndpoint
 *fill*         0x0000000008003cda        0x2 
 .text.USB_DeactivateEndpoint
                0x0000000008003cdc      0x1b8 ./Drivers/STM32F4xx_HAL_Driver/Src/stm32f4xx_ll_usb.o
                0x0000000008003cdc                USB_DeactivateEndpoint
 .text.USB_EPStartXfer
                0x0000000008003e94      0x490 ./Drivers/STM32F4xx_HAL_Driver/Src/stm32f4xx_ll_usb.o
                0x0000000008003e94                USB_EPStartXfer
 .text.USB_EP0StartXfer
                0x0000000008004324      0x2b0 ./Drivers/STM32F4xx_HAL_Driver/Src/stm32f4xx_ll_usb.o
                0x0000000008004324                USB_EP0StartXfer
 .text.USB_EPStopXfer
                0x00000000080045d4      0x154 ./Drivers/STM32F4xx_HAL_Driver/Src/stm32f4xx_ll_usb.o
                0x00000000080045d4                USB_EPStopXfer
 .text.USB_WritePacket
                0x0000000008004728       0x7c ./Drivers/STM32F4xx_HAL_Driver/Src/stm32f4xx_ll_usb.o
                0x0000000008004728                USB_WritePacket
 .text.USB_ReadPacket
                0x00000000080047a4       0xb0 ./Drivers/STM32F4xx_HAL_Driver/Src/stm32f4xx_ll_usb.o
                0x00000000080047a4                USB_ReadPacket
 .text.USB_EPSetStall
                0x0000000008004854       0xdc ./Drivers/STM32F4xx_HAL_Driver/Src/stm32f4xx_ll_usb.o
                0x0000000008004854                USB_EPSetStall
 .text.USB_EPClearStall
                0x0000000008004930       0xcc ./Drivers/STM32F4xx_HAL_Driver/Src/stm32f4xx_ll_usb.o
                0x0000000008004930                USB_EPClearStall
 .text.USB_SetDevAddress
                0x00000000080049fc       0x4c ./Drivers/STM32F4xx_HAL_Driver/Src/stm32f4xx_ll_usb.o
                0x00000000080049fc                USB_SetDevAddress
 .text.USB_DevConnect
                0x0000000008004a48       0x42 ./Drivers/STM32F4xx_HAL_Driver/Src/stm32f4xx_ll_usb.o
                0x0000000008004a48                USB_DevConnect
 .text.USB_DevDisconnect
                0x0000000008004a8a       0x42 ./Drivers/STM32F4xx_HAL_Driver/Src/stm32f4xx_ll_usb.o
                0x0000000008004a8a                USB_DevDisconnect
 .text.USB_ReadInterrupts
                0x0000000008004acc       0x26 ./Drivers/STM32F4xx_HAL_Driver/Src/stm32f4xx_ll_usb.o
                0x0000000008004acc                USB_ReadInterrupts
 .text.USB_ReadDevAllOutEpInterrupt
                0x0000000008004af2       0x34 ./Drivers/STM32F4xx_HAL_Driver/Src/stm32f4xx_ll_usb.o
                0x0000000008004af2                USB_ReadDevAllOutEpInterrupt
 .text.USB_ReadDevAllInEpInterrupt
                0x0000000008004b26       0x34 ./Drivers/STM32F4xx_HAL_Driver/Src/stm32f4xx_ll_usb.o
                0x0000000008004b26                USB_ReadDevAllInEpInterrupt
 .text.USB_ReadDevOutEPInterrupt
                0x0000000008004b5a       0x3c ./Drivers/STM32F4xx_HAL_Driver/Src/stm32f4xx_ll_usb.o
                0x0000000008004b5a                USB_ReadDevOutEPInterrupt
 .text.USB_ReadDevInEPInterrupt
                0x0000000008004b96       0x5c ./Drivers/STM32F4xx_HAL_Driver/Src/stm32f4xx_ll_usb.o
                0x0000000008004b96                USB_ReadDevInEPInterrupt
 .text.USB_GetMode
                0x0000000008004bf2       0x1c ./Drivers/STM32F4xx_HAL_Driver/Src/stm32f4xx_ll_usb.o
                0x0000000008004bf2                USB_GetMode
 .text.USB_ActivateSetup
                0x0000000008004c0e       0x46 ./Drivers/STM32F4xx_HAL_Driver/Src/stm32f4xx_ll_usb.o
                0x0000000008004c0e                USB_ActivateSetup
 .text.USB_EP0_OutStart
                0x0000000008004c54       0xbc ./Drivers/STM32F4xx_HAL_Driver/Src/stm32f4xx_ll_usb.o
                0x0000000008004c54                USB_EP0_OutStart
 .text.USB_CoreReset
                0x0000000008004d10       0x68 ./Drivers/STM32F4xx_HAL_Driver/Src/stm32f4xx_ll_usb.o
 .text.checkBuffer
                0x0000000008004d78       0x46 ./Drivers/arpc_server/arpc_generic.o
                0x0000000008004d78                checkBuffer
 .text.resetBuffer
                0x0000000008004dbe       0x22 ./Drivers/arpc_server/arpc_generic.o
                0x0000000008004dbe                resetBuffer
 .text.calculateCRC
                0x0000000008004de0       0x24 ./Drivers/arpc_server/arpc_generic.o
                0x0000000008004de0                calculateCRC
 .text.checkCRC
                0x0000000008004e04       0x2c ./Drivers/arpc_server/arpc_generic.o
                0x0000000008004e04                checkCRC
 .text.arpcEncodeGeneric
                0x0000000008004e30       0x9e ./Drivers/arpc_server/arpc_generic.o
                0x0000000008004e30                arpcEncodeGeneric
 .text.arpcSendFrame
                0x0000000008004ece       0x82 ./Drivers/arpc_server/arpc_generic.o
                0x0000000008004ece                arpcSendFrame
 .text.arpcReceiveFrame
                0x0000000008004f50       0x88 ./Drivers/arpc_server/arpc_server.o
                0x0000000008004f50                arpcReceiveFrame
 .text.processBuffer
                0x0000000008004fd8       0xa0 ./Drivers/arpc_server/arpc_server.o
                0x0000000008004fd8                processBuffer
 .text.arpcByteReceived
                0x0000000008005078       0x50 ./Drivers/arpc_server/arpc_server.o
                0x0000000008005078                arpcByteReceived
 .text.HAL_Delay_generateResponseFrame
                0x00000000080050c8       0x2e ./Drivers/arpc_server/arpc_server.o
                0x00000000080050c8                HAL_Delay_generateResponseFrame
 .text.setLED_generateResponseFrame
                0x00000000080050f6       0x2e ./Drivers/arpc_server/arpc_server.o
                0x00000000080050f6                setLED_generateResponseFrame
 .text.USBD_CDC_Init
                0x0000000008005124      0x1f0 ./Middlewares/ST/STM32_USB_Device_Library/Class/CDC/Src/usbd_cdc.o
 .text.USBD_CDC_DeInit
                0x0000000008005314      0x104 ./Middlewares/ST/STM32_USB_Device_Library/Class/CDC/Src/usbd_cdc.o
 .text.USBD_CDC_Setup
                0x0000000008005418      0x1b8 ./Middlewares/ST/STM32_USB_Device_Library/Class/CDC/Src/usbd_cdc.o
 .text.USBD_CDC_DataIn
                0x00000000080055d0       0xfe ./Middlewares/ST/STM32_USB_Device_Library/Class/CDC/Src/usbd_cdc.o
 .text.USBD_CDC_DataOut
                0x00000000080056ce       0x70 ./Middlewares/ST/STM32_USB_Device_Library/Class/CDC/Src/usbd_cdc.o
 .text.USBD_CDC_EP0_RxReady
                0x000000000800573e       0x76 ./Middlewares/ST/STM32_USB_Device_Library/Class/CDC/Src/usbd_cdc.o
 .text.USBD_CDC_GetFSCfgDesc
                0x00000000080057b4       0x70 ./Middlewares/ST/STM32_USB_Device_Library/Class/CDC/Src/usbd_cdc.o
 .text.USBD_CDC_GetHSCfgDesc
                0x0000000008005824       0x70 ./Middlewares/ST/STM32_USB_Device_Library/Class/CDC/Src/usbd_cdc.o
 .text.USBD_CDC_GetOtherSpeedCfgDesc
                0x0000000008005894       0x70 ./Middlewares/ST/STM32_USB_Device_Library/Class/CDC/Src/usbd_cdc.o
 .text.USBD_CDC_GetDeviceQualifierDescriptor
                0x0000000008005904       0x20 ./Middlewares/ST/STM32_USB_Device_Library/Class/CDC/Src/usbd_cdc.o
                0x0000000008005904                USBD_CDC_GetDeviceQualifierDescriptor
 .text.USBD_CDC_RegisterInterface
                0x0000000008005924       0x34 ./Middlewares/ST/STM32_USB_Device_Library/Class/CDC/Src/usbd_cdc.o
                0x0000000008005924                USBD_CDC_RegisterInterface
 .text.USBD_CDC_SetTxBuffer
                0x0000000008005958       0x44 ./Middlewares/ST/STM32_USB_Device_Library/Class/CDC/Src/usbd_cdc.o
                0x0000000008005958                USBD_CDC_SetTxBuffer
 .text.USBD_CDC_SetRxBuffer
                0x000000000800599c       0x3a ./Middlewares/ST/STM32_USB_Device_Library/Class/CDC/Src/usbd_cdc.o
                0x000000000800599c                USBD_CDC_SetRxBuffer
 *fill*         0x00000000080059d6        0x2 
 .text.USBD_CDC_ReceivePacket
                0x00000000080059d8       0x6c ./Middlewares/ST/STM32_USB_Device_Library/Class/CDC/Src/usbd_cdc.o
                0x00000000080059d8                USBD_CDC_ReceivePacket
 .text.USBD_Init
                0x0000000008005a44       0x60 ./Middlewares/ST/STM32_USB_Device_Library/Core/Src/usbd_core.o
                0x0000000008005a44                USBD_Init
 .text.USBD_RegisterClass
                0x0000000008005aa4       0x6c ./Middlewares/ST/STM32_USB_Device_Library/Core/Src/usbd_core.o
                0x0000000008005aa4                USBD_RegisterClass
 .text.USBD_Start
                0x0000000008005b10       0x18 ./Middlewares/ST/STM32_USB_Device_Library/Core/Src/usbd_core.o
                0x0000000008005b10                USBD_Start
 .text.USBD_RunTestMode
                0x0000000008005b28       0x16 ./Middlewares/ST/STM32_USB_Device_Library/Core/Src/usbd_core.o
                0x0000000008005b28                USBD_RunTestMode
 .text.USBD_SetClassConfig
                0x0000000008005b3e       0x38 ./Middlewares/ST/STM32_USB_Device_Library/Core/Src/usbd_core.o
                0x0000000008005b3e                USBD_SetClassConfig
 .text.USBD_ClrClassConfig
                0x0000000008005b76       0x34 ./Middlewares/ST/STM32_USB_Device_Library/Core/Src/usbd_core.o
                0x0000000008005b76                USBD_ClrClassConfig
 .text.USBD_LL_SetupStage
                0x0000000008005baa       0xaa ./Middlewares/ST/STM32_USB_Device_Library/Core/Src/usbd_core.o
                0x0000000008005baa                USBD_LL_SetupStage
 .text.USBD_LL_DataOutStage
                0x0000000008005c54      0x166 ./Middlewares/ST/STM32_USB_Device_Library/Core/Src/usbd_core.o
                0x0000000008005c54                USBD_LL_DataOutStage
 .text.USBD_LL_DataInStage
                0x0000000008005dba      0x164 ./Middlewares/ST/STM32_USB_Device_Library/Core/Src/usbd_core.o
                0x0000000008005dba                USBD_LL_DataInStage
 .text.USBD_LL_Reset
                0x0000000008005f1e       0xa4 ./Middlewares/ST/STM32_USB_Device_Library/Core/Src/usbd_core.o
                0x0000000008005f1e                USBD_LL_Reset
 .text.USBD_LL_SetSpeed
                0x0000000008005fc2       0x20 ./Middlewares/ST/STM32_USB_Device_Library/Core/Src/usbd_core.o
                0x0000000008005fc2                USBD_LL_SetSpeed
 .text.USBD_LL_Suspend
                0x0000000008005fe2       0x2c ./Middlewares/ST/STM32_USB_Device_Library/Core/Src/usbd_core.o
                0x0000000008005fe2                USBD_LL_Suspend
 .text.USBD_LL_Resume
                0x000000000800600e       0x30 ./Middlewares/ST/STM32_USB_Device_Library/Core/Src/usbd_core.o
                0x000000000800600e                USBD_LL_Resume
 .text.USBD_LL_SOF
                0x000000000800603e       0x40 ./Middlewares/ST/STM32_USB_Device_Library/Core/Src/usbd_core.o
                0x000000000800603e                USBD_LL_SOF
 .text.USBD_LL_IsoINIncomplete
                0x000000000800607e       0x64 ./Middlewares/ST/STM32_USB_Device_Library/Core/Src/usbd_core.o
                0x000000000800607e                USBD_LL_IsoINIncomplete
 .text.USBD_LL_IsoOUTIncomplete
                0x00000000080060e2       0x64 ./Middlewares/ST/STM32_USB_Device_Library/Core/Src/usbd_core.o
                0x00000000080060e2                USBD_LL_IsoOUTIncomplete
 .text.USBD_LL_DevConnected
                0x0000000008006146       0x16 ./Middlewares/ST/STM32_USB_Device_Library/Core/Src/usbd_core.o
                0x0000000008006146                USBD_LL_DevConnected
 .text.USBD_LL_DevDisconnected
                0x000000000800615c       0x46 ./Middlewares/ST/STM32_USB_Device_Library/Core/Src/usbd_core.o
                0x000000000800615c                USBD_LL_DevDisconnected
 .text.USBD_CoreFindIF
                0x00000000080061a2       0x1a ./Middlewares/ST/STM32_USB_Device_Library/Core/Src/usbd_core.o
                0x00000000080061a2                USBD_CoreFindIF
 .text.USBD_CoreFindEP
                0x00000000080061bc       0x1a ./Middlewares/ST/STM32_USB_Device_Library/Core/Src/usbd_core.o
                0x00000000080061bc                USBD_CoreFindEP
 .text.USBD_GetEpDesc
                0x00000000080061d6       0x74 ./Middlewares/ST/STM32_USB_Device_Library/Core/Src/usbd_core.o
                0x00000000080061d6                USBD_GetEpDesc
 .text.USBD_GetNextDesc
                0x000000000800624a       0x3a ./Middlewares/ST/STM32_USB_Device_Library/Core/Src/usbd_core.o
                0x000000000800624a                USBD_GetNextDesc
 .text.SWAPBYTE
                0x0000000008006284       0x3c ./Middlewares/ST/STM32_USB_Device_Library/Core/Src/usbd_ctlreq.o
 .text.USBD_StdDevReq
                0x00000000080062c0       0xe4 ./Middlewares/ST/STM32_USB_Device_Library/Core/Src/usbd_ctlreq.o
                0x00000000080062c0                USBD_StdDevReq
 .text.USBD_StdItfReq
                0x00000000080063a4       0xd8 ./Middlewares/ST/STM32_USB_Device_Library/Core/Src/usbd_ctlreq.o
                0x00000000080063a4                USBD_StdItfReq
 .text.USBD_StdEPReq
                0x000000000800647c      0x33a ./Middlewares/ST/STM32_USB_Device_Library/Core/Src/usbd_ctlreq.o
                0x000000000800647c                USBD_StdEPReq
 *fill*         0x00000000080067b6        0x2 
 .text.USBD_GetDescriptor
                0x00000000080067b8      0x2d4 ./Middlewares/ST/STM32_USB_Device_Library/Core/Src/usbd_ctlreq.o
 .text.USBD_SetAddress
                0x0000000008006a8c       0x88 ./Middlewares/ST/STM32_USB_Device_Library/Core/Src/usbd_ctlreq.o
 .text.USBD_SetConfig
                0x0000000008006b14      0x154 ./Middlewares/ST/STM32_USB_Device_Library/Core/Src/usbd_ctlreq.o
 .text.USBD_GetConfig
                0x0000000008006c68       0x6c ./Middlewares/ST/STM32_USB_Device_Library/Core/Src/usbd_ctlreq.o
 .text.USBD_GetStatus
                0x0000000008006cd4       0x68 ./Middlewares/ST/STM32_USB_Device_Library/Core/Src/usbd_ctlreq.o
 .text.USBD_SetFeature
                0x0000000008006d3c       0x52 ./Middlewares/ST/STM32_USB_Device_Library/Core/Src/usbd_ctlreq.o
 .text.USBD_ClrFeature
                0x0000000008006d8e       0x44 ./Middlewares/ST/STM32_USB_Device_Library/Core/Src/usbd_ctlreq.o
 .text.USBD_ParseSetupRequest
                0x0000000008006dd2       0x74 ./Middlewares/ST/STM32_USB_Device_Library/Core/Src/usbd_ctlreq.o
                0x0000000008006dd2                USBD_ParseSetupRequest
 .text.USBD_CtlError
                0x0000000008006e46       0x22 ./Middlewares/ST/STM32_USB_Device_Library/Core/Src/usbd_ctlreq.o
                0x0000000008006e46                USBD_CtlError
 .text.USBD_GetString
                0x0000000008006e68       0x8c ./Middlewares/ST/STM32_USB_Device_Library/Core/Src/usbd_ctlreq.o
                0x0000000008006e68                USBD_GetString
 .text.USBD_GetLen
                0x0000000008006ef4       0x34 ./Middlewares/ST/STM32_USB_Device_Library/Core/Src/usbd_ctlreq.o
 .text.USBD_CtlSendData
                0x0000000008006f28       0x36 ./Middlewares/ST/STM32_USB_Device_Library/Core/Src/usbd_ioreq.o
                0x0000000008006f28                USBD_CtlSendData
 .text.USBD_CtlContinueSendData
                0x0000000008006f5e       0x22 ./Middlewares/ST/STM32_USB_Device_Library/Core/Src/usbd_ioreq.o
                0x0000000008006f5e                USBD_CtlContinueSendData
 .text.USBD_CtlPrepareRx
                0x0000000008006f80       0x3a ./Middlewares/ST/STM32_USB_Device_Library/Core/Src/usbd_ioreq.o
                0x0000000008006f80                USBD_CtlPrepareRx
 .text.USBD_CtlContinueRx
                0x0000000008006fba       0x22 ./Middlewares/ST/STM32_USB_Device_Library/Core/Src/usbd_ioreq.o
                0x0000000008006fba                USBD_CtlContinueRx
 .text.USBD_CtlSendStatus
                0x0000000008006fdc       0x26 ./Middlewares/ST/STM32_USB_Device_Library/Core/Src/usbd_ioreq.o
                0x0000000008006fdc                USBD_CtlSendStatus
 .text.USBD_CtlReceiveStatus
                0x0000000008007002       0x26 ./Middlewares/ST/STM32_USB_Device_Library/Core/Src/usbd_ioreq.o
                0x0000000008007002                USBD_CtlReceiveStatus
 .text.MX_USB_DEVICE_Init
                0x0000000008007028       0x60 ./USB_DEVICE/App/usb_device.o
                0x0000000008007028                MX_USB_DEVICE_Init
 .text.CDC_Init_FS
                0x0000000008007088       0x28 ./USB_DEVICE/App/usbd_cdc_if.o
 .text.CDC_DeInit_FS
                0x00000000080070b0       0x10 ./USB_DEVICE/App/usbd_cdc_if.o
 .text.CDC_Control_FS
                0x00000000080070c0       0xbc ./USB_DEVICE/App/usbd_cdc_if.o
 .text.CDC_Receive_FS
                0x000000000800717c       0x50 ./USB_DEVICE/App/usbd_cdc_if.o
 .text.CDC_TransmitCplt_FS
                0x00000000080071cc       0x22 ./USB_DEVICE/App/usbd_cdc_if.o
 *fill*         0x00000000080071ee        0x2 
 .text.USBD_FS_DeviceDescriptor
                0x00000000080071f0       0x24 ./USB_DEVICE/App/usbd_desc.o
                0x00000000080071f0                USBD_FS_DeviceDescriptor
 .text.USBD_FS_LangIDStrDescriptor
                0x0000000008007214       0x24 ./USB_DEVICE/App/usbd_desc.o
                0x0000000008007214                USBD_FS_LangIDStrDescriptor
 .text.USBD_FS_ProductStrDescriptor
                0x0000000008007238       0x3c ./USB_DEVICE/App/usbd_desc.o
                0x0000000008007238                USBD_FS_ProductStrDescriptor
 .text.USBD_FS_ManufacturerStrDescriptor
                0x0000000008007274       0x28 ./USB_DEVICE/App/usbd_desc.o
                0x0000000008007274                USBD_FS_ManufacturerStrDescriptor
 .text.USBD_FS_SerialStrDescriptor
                0x000000000800729c       0x24 ./USB_DEVICE/App/usbd_desc.o
                0x000000000800729c                USBD_FS_SerialStrDescriptor
 .text.USBD_FS_ConfigStrDescriptor
                0x00000000080072c0       0x3c ./USB_DEVICE/App/usbd_desc.o
                0x00000000080072c0                USBD_FS_ConfigStrDescriptor
 .text.USBD_FS_InterfaceStrDescriptor
                0x00000000080072fc       0x3c ./USB_DEVICE/App/usbd_desc.o
                0x00000000080072fc                USBD_FS_InterfaceStrDescriptor
 .text.Get_SerialNum
                0x0000000008007338       0x58 ./USB_DEVICE/App/usbd_desc.o
 .text.IntToUnicode
                0x0000000008007390       0x7e ./USB_DEVICE/App/usbd_desc.o
 *fill*         0x000000000800740e        0x2 
 .text.HAL_PCD_MspInit
                0x0000000008007410       0xa8 ./USB_DEVICE/Target/usbd_conf.o
                0x0000000008007410                HAL_PCD_MspInit
 .text.HAL_PCD_SetupStageCallback
                0x00000000080074b8       0x24 ./USB_DEVICE/Target/usbd_conf.o
                0x00000000080074b8                HAL_PCD_SetupStageCallback
 .text.HAL_PCD_DataOutStageCallback
                0x00000000080074dc       0x36 ./USB_DEVICE/Target/usbd_conf.o
                0x00000000080074dc                HAL_PCD_DataOutStageCallback
 .text.HAL_PCD_DataInStageCallback
                0x0000000008007512       0x34 ./USB_DEVICE/Target/usbd_conf.o
                0x0000000008007512                HAL_PCD_DataInStageCallback
 .text.HAL_PCD_SOFCallback
                0x0000000008007546       0x1c ./USB_DEVICE/Target/usbd_conf.o
                0x0000000008007546                HAL_PCD_SOFCallback
 .text.HAL_PCD_ResetCallback
                0x0000000008007562       0x3c ./USB_DEVICE/Target/usbd_conf.o
                0x0000000008007562                HAL_PCD_ResetCallback
 *fill*         0x000000000800759e        0x2 
 .text.HAL_PCD_SuspendCallback
                0x00000000080075a0       0x4c ./USB_DEVICE/Target/usbd_conf.o
                0x00000000080075a0                HAL_PCD_SuspendCallback
 .text.HAL_PCD_ResumeCallback
                0x00000000080075ec       0x1c ./USB_DEVICE/Target/usbd_conf.o
                0x00000000080075ec                HAL_PCD_ResumeCallback
 .text.HAL_PCD_ISOOUTIncompleteCallback
                0x0000000008007608       0x24 ./USB_DEVICE/Target/usbd_conf.o
                0x0000000008007608                HAL_PCD_ISOOUTIncompleteCallback
 .text.HAL_PCD_ISOINIncompleteCallback
                0x000000000800762c       0x24 ./USB_DEVICE/Target/usbd_conf.o
                0x000000000800762c                HAL_PCD_ISOINIncompleteCallback
 .text.HAL_PCD_ConnectCallback
                0x0000000008007650       0x1c ./USB_DEVICE/Target/usbd_conf.o
                0x0000000008007650                HAL_PCD_ConnectCallback
 .text.HAL_PCD_DisconnectCallback
                0x000000000800766c       0x1c ./USB_DEVICE/Target/usbd_conf.o
                0x000000000800766c                HAL_PCD_DisconnectCallback
 .text.USBD_LL_Init
                0x0000000008007688       0x98 ./USB_DEVICE/Target/usbd_conf.o
                0x0000000008007688                USBD_LL_Init
 .text.USBD_LL_Start
                0x0000000008007720       0x36 ./USB_DEVICE/Target/usbd_conf.o
                0x0000000008007720                USBD_LL_Start
 .text.USBD_LL_OpenEP
                0x0000000008007756       0x4c ./USB_DEVICE/Target/usbd_conf.o
                0x0000000008007756                USBD_LL_OpenEP
 .text.USBD_LL_CloseEP
                0x00000000080077a2       0x3e ./USB_DEVICE/Target/usbd_conf.o
                0x00000000080077a2                USBD_LL_CloseEP
 .text.USBD_LL_StallEP
                0x00000000080077e0       0x3e ./USB_DEVICE/Target/usbd_conf.o
                0x00000000080077e0                USBD_LL_StallEP
 .text.USBD_LL_ClearStallEP
                0x000000000800781e       0x3e ./USB_DEVICE/Target/usbd_conf.o
                0x000000000800781e                USBD_LL_ClearStallEP
 .text.USBD_LL_IsStallEP
                0x000000000800785c       0x58 ./USB_DEVICE/Target/usbd_conf.o
                0x000000000800785c                USBD_LL_IsStallEP
 .text.USBD_LL_SetUSBAddress
                0x00000000080078b4       0x3e ./USB_DEVICE/Target/usbd_conf.o
                0x00000000080078b4                USBD_LL_SetUSBAddress
 .text.USBD_LL_Transmit
                0x00000000080078f2       0x42 ./USB_DEVICE/Target/usbd_conf.o
                0x00000000080078f2                USBD_LL_Transmit
 .text.USBD_LL_PrepareReceive
                0x0000000008007934       0x42 ./USB_DEVICE/Target/usbd_conf.o
                0x0000000008007934                USBD_LL_PrepareReceive
 .text.USBD_LL_GetRxDataSize
                0x0000000008007976       0x26 ./USB_DEVICE/Target/usbd_conf.o
                0x0000000008007976                USBD_LL_GetRxDataSize
 .text.USBD_static_malloc
                0x000000000800799c       0x1c ./USB_DEVICE/Target/usbd_conf.o
                0x000000000800799c                USBD_static_malloc
 .text.USBD_static_free
                0x00000000080079b8       0x14 ./USB_DEVICE/Target/usbd_conf.o
                0x00000000080079b8                USBD_static_free
 .text.USBD_Get_USB_Status
                0x00000000080079cc       0x58 ./USB_DEVICE/Target/usbd_conf.o
                0x00000000080079cc                USBD_Get_USB_Status
 .text.__libc_init_array
                0x0000000008007a24       0x48 c:/st/stm32cubeide_1.8.0/stm32cubeide/plugins/com.st.stm32cube.ide.mcu.externaltools.gnu-tools-for-stm32.9-2020-q2-update.win32_2.0.0.202105311346/tools/bin/../lib/gcc/arm-none-eabi/9.3.1/../../../../arm-none-eabi/lib/thumb/v7e-m+fp/hard\libc_nano.a(lib_a-init.o)
                0x0000000008007a24                __libc_init_array
 .text.memcpy   0x0000000008007a6c       0x1c c:/st/stm32cubeide_1.8.0/stm32cubeide/plugins/com.st.stm32cube.ide.mcu.externaltools.gnu-tools-for-stm32.9-2020-q2-update.win32_2.0.0.202105311346/tools/bin/../lib/gcc/arm-none-eabi/9.3.1/../../../../arm-none-eabi/lib/thumb/v7e-m+fp/hard\libc_nano.a(lib_a-memcpy-stub.o)
                0x0000000008007a6c                memcpy
 .text.memset   0x0000000008007a88       0x10 c:/st/stm32cubeide_1.8.0/stm32cubeide/plugins/com.st.stm32cube.ide.mcu.externaltools.gnu-tools-for-stm32.9-2020-q2-update.win32_2.0.0.202105311346/tools/bin/../lib/gcc/arm-none-eabi/9.3.1/../../../../arm-none-eabi/lib/thumb/v7e-m+fp/hard\libc_nano.a(lib_a-memset.o)
                0x0000000008007a88                memset
 *(.glue_7)
 .glue_7        0x0000000008007a98        0x0 linker stubs
 *(.glue_7t)
 .glue_7t       0x0000000008007a98        0x0 linker stubs
 *(.eh_frame)
 .eh_frame      0x0000000008007a98        0x0 c:/st/stm32cubeide_1.8.0/stm32cubeide/plugins/com.st.stm32cube.ide.mcu.externaltools.gnu-tools-for-stm32.9-2020-q2-update.win32_2.0.0.202105311346/tools/bin/../lib/gcc/arm-none-eabi/9.3.1/thumb/v7e-m+fp/hard/crtbegin.o
 *(.init)
 .init          0x0000000008007a98        0x4 c:/st/stm32cubeide_1.8.0/stm32cubeide/plugins/com.st.stm32cube.ide.mcu.externaltools.gnu-tools-for-stm32.9-2020-q2-update.win32_2.0.0.202105311346/tools/bin/../lib/gcc/arm-none-eabi/9.3.1/thumb/v7e-m+fp/hard/crti.o
                0x0000000008007a98                _init
 .init          0x0000000008007a9c        0x8 c:/st/stm32cubeide_1.8.0/stm32cubeide/plugins/com.st.stm32cube.ide.mcu.externaltools.gnu-tools-for-stm32.9-2020-q2-update.win32_2.0.0.202105311346/tools/bin/../lib/gcc/arm-none-eabi/9.3.1/thumb/v7e-m+fp/hard/crtn.o
 *(.fini)
 .fini          0x0000000008007aa4        0x4 c:/st/stm32cubeide_1.8.0/stm32cubeide/plugins/com.st.stm32cube.ide.mcu.externaltools.gnu-tools-for-stm32.9-2020-q2-update.win32_2.0.0.202105311346/tools/bin/../lib/gcc/arm-none-eabi/9.3.1/thumb/v7e-m+fp/hard/crti.o
                0x0000000008007aa4                _fini
 .fini          0x0000000008007aa8        0x8 c:/st/stm32cubeide_1.8.0/stm32cubeide/plugins/com.st.stm32cube.ide.mcu.externaltools.gnu-tools-for-stm32.9-2020-q2-update.win32_2.0.0.202105311346/tools/bin/../lib/gcc/arm-none-eabi/9.3.1/thumb/v7e-m+fp/hard/crtn.o
                0x0000000008007ab0                . = ALIGN (0x4)
                0x0000000008007ab0                _etext = .

.vfp11_veneer   0x0000000008007ab0        0x0
 .vfp11_veneer  0x0000000008007ab0        0x0 linker stubs

.v4_bx          0x0000000008007ab0        0x0
 .v4_bx         0x0000000008007ab0        0x0 linker stubs

.iplt           0x0000000008007ab0        0x0
 .iplt          0x0000000008007ab0        0x0 c:/st/stm32cubeide_1.8.0/stm32cubeide/plugins/com.st.stm32cube.ide.mcu.externaltools.gnu-tools-for-stm32.9-2020-q2-update.win32_2.0.0.202105311346/tools/bin/../lib/gcc/arm-none-eabi/9.3.1/thumb/v7e-m+fp/hard/crtbegin.o

.rodata         0x0000000008007ab0      0x444
                0x0000000008007ab0                . = ALIGN (0x4)
 *(.rodata)
 .rodata        0x0000000008007ab0       0x2f ./USB_DEVICE/App/usbd_desc.o
 *(.rodata*)
 *fill*         0x0000000008007adf        0x1 
 .rodata.AHBPrescTable
                0x0000000008007ae0       0x10 ./Core/Src/system_stm32f4xx.o
                0x0000000008007ae0                AHBPrescTable
 .rodata.APBPrescTable
                0x0000000008007af0        0x8 ./Core/Src/system_stm32f4xx.o
                0x0000000008007af0                APBPrescTable
 .rodata.arpcFrameHandler
                0x0000000008007af8      0x3fc ./Drivers/arpc_server/arpc_server.o
                0x0000000008007af8                arpcFrameHandler
                0x0000000008007ef4                . = ALIGN (0x4)

.ARM.extab      0x0000000008007ef4        0x0
                0x0000000008007ef4                . = ALIGN (0x4)
 *(.ARM.extab* .gnu.linkonce.armextab.*)
                0x0000000008007ef4                . = ALIGN (0x4)

.ARM            0x0000000008007ef4        0x8
                0x0000000008007ef4                . = ALIGN (0x4)
                0x0000000008007ef4                __exidx_start = .
 *(.ARM.exidx*)
 .ARM.exidx     0x0000000008007ef4        0x8 c:/st/stm32cubeide_1.8.0/stm32cubeide/plugins/com.st.stm32cube.ide.mcu.externaltools.gnu-tools-for-stm32.9-2020-q2-update.win32_2.0.0.202105311346/tools/bin/../lib/gcc/arm-none-eabi/9.3.1/thumb/v7e-m+fp/hard\libgcc.a(_udivmoddi4.o)
                0x0000000008007efc                __exidx_end = .
                0x0000000008007efc                . = ALIGN (0x4)

.rel.dyn        0x0000000008007efc        0x0
 .rel.iplt      0x0000000008007efc        0x0 c:/st/stm32cubeide_1.8.0/stm32cubeide/plugins/com.st.stm32cube.ide.mcu.externaltools.gnu-tools-for-stm32.9-2020-q2-update.win32_2.0.0.202105311346/tools/bin/../lib/gcc/arm-none-eabi/9.3.1/thumb/v7e-m+fp/hard/crtbegin.o

.preinit_array  0x0000000008007efc        0x0
                0x0000000008007efc                . = ALIGN (0x4)
                0x0000000008007efc                PROVIDE (__preinit_array_start = .)
 *(.preinit_array*)
                0x0000000008007efc                PROVIDE (__preinit_array_end = .)
                0x0000000008007efc                . = ALIGN (0x4)

.init_array     0x0000000008007efc        0x4
                0x0000000008007efc                . = ALIGN (0x4)
                0x0000000008007efc                PROVIDE (__init_array_start = .)
 *(SORT_BY_NAME(.init_array.*))
 *(.init_array*)
 .init_array    0x0000000008007efc        0x4 c:/st/stm32cubeide_1.8.0/stm32cubeide/plugins/com.st.stm32cube.ide.mcu.externaltools.gnu-tools-for-stm32.9-2020-q2-update.win32_2.0.0.202105311346/tools/bin/../lib/gcc/arm-none-eabi/9.3.1/thumb/v7e-m+fp/hard/crtbegin.o
                0x0000000008007f00                PROVIDE (__init_array_end = .)
                0x0000000008007f00                . = ALIGN (0x4)

.fini_array     0x0000000008007f00        0x4
                0x0000000008007f00                . = ALIGN (0x4)
                [!provide]                        PROVIDE (__fini_array_start = .)
 *(SORT_BY_NAME(.fini_array.*))
 *(.fini_array*)
 .fini_array    0x0000000008007f00        0x4 c:/st/stm32cubeide_1.8.0/stm32cubeide/plugins/com.st.stm32cube.ide.mcu.externaltools.gnu-tools-for-stm32.9-2020-q2-update.win32_2.0.0.202105311346/tools/bin/../lib/gcc/arm-none-eabi/9.3.1/thumb/v7e-m+fp/hard/crtbegin.o
                [!provide]                        PROVIDE (__fini_array_end = .)
                0x0000000008007f04                . = ALIGN (0x4)
                0x0000000008007f04                _sidata = LOADADDR (.data)

.data           0x0000000020000000       0xfc load address 0x0000000008007f04
                0x0000000020000000                . = ALIGN (0x4)
                0x0000000020000000                _sdata = .
 *(.data)
 *(.data*)
 .data.SystemCoreClock
                0x0000000020000000        0x4 ./Core/Src/system_stm32f4xx.o
                0x0000000020000000                SystemCoreClock
 .data.uwTickPrio
                0x0000000020000004        0x4 ./Drivers/STM32F4xx_HAL_Driver/Src/stm32f4xx_hal.o
                0x0000000020000004                uwTickPrio
 .data.uwTickFreq
                0x0000000020000008        0x1 ./Drivers/STM32F4xx_HAL_Driver/Src/stm32f4xx_hal.o
                0x0000000020000008                uwTickFreq
 *fill*         0x0000000020000009        0x3 
 .data.USBD_CDC_DeviceQualifierDesc
                0x000000002000000c        0xa ./Middlewares/ST/STM32_USB_Device_Library/Class/CDC/Src/usbd_cdc.o
 *fill*         0x0000000020000016        0x2 
 .data.USBD_CDC
                0x0000000020000018       0x38 ./Middlewares/ST/STM32_USB_Device_Library/Class/CDC/Src/usbd_cdc.o
                0x0000000020000018                USBD_CDC
 .data.USBD_CDC_CfgDesc
                0x0000000020000050       0x43 ./Middlewares/ST/STM32_USB_Device_Library/Class/CDC/Src/usbd_cdc.o
 .data.CDCInEpAdd
                0x0000000020000093        0x1 ./Middlewares/ST/STM32_USB_Device_Library/Class/CDC/Src/usbd_cdc.o
 .data.CDCOutEpAdd
                0x0000000020000094        0x1 ./Middlewares/ST/STM32_USB_Device_Library/Class/CDC/Src/usbd_cdc.o
 .data.CDCCmdEpAdd
                0x0000000020000095        0x1 ./Middlewares/ST/STM32_USB_Device_Library/Class/CDC/Src/usbd_cdc.o
 *fill*         0x0000000020000096        0x2 
 .data.USBD_Interface_fops_FS
                0x0000000020000098       0x14 ./USB_DEVICE/App/usbd_cdc_if.o
                0x0000000020000098                USBD_Interface_fops_FS
 .data.FS_Desc  0x00000000200000ac       0x1c ./USB_DEVICE/App/usbd_desc.o
                0x00000000200000ac                FS_Desc
 .data.USBD_FS_DeviceDesc
                0x00000000200000c8       0x12 ./USB_DEVICE/App/usbd_desc.o
                0x00000000200000c8                USBD_FS_DeviceDesc
 *fill*         0x00000000200000da        0x2 
 .data.USBD_LangIDDesc
                0x00000000200000dc        0x4 ./USB_DEVICE/App/usbd_desc.o
                0x00000000200000dc                USBD_LangIDDesc
 .data.USBD_StringSerial
                0x00000000200000e0       0x1a ./USB_DEVICE/App/usbd_desc.o
                0x00000000200000e0                USBD_StringSerial
 *(.RamFunc)
 *(.RamFunc*)
                0x00000000200000fc                . = ALIGN (0x4)
 *fill*         0x00000000200000fa        0x2 
                0x00000000200000fc                _edata = .

.igot.plt       0x00000000200000fc        0x0 load address 0x0000000008008000
 .igot.plt      0x00000000200000fc        0x0 c:/st/stm32cubeide_1.8.0/stm32cubeide/plugins/com.st.stm32cube.ide.mcu.externaltools.gnu-tools-for-stm32.9-2020-q2-update.win32_2.0.0.202105311346/tools/bin/../lib/gcc/arm-none-eabi/9.3.1/thumb/v7e-m+fp/hard/crtbegin.o
                0x00000000200000fc                . = ALIGN (0x4)

.bss            0x00000000200000fc     0x1578 load address 0x0000000008008000
                0x00000000200000fc                _sbss = .
                0x00000000200000fc                __bss_start__ = _sbss
 *(.bss)
 .bss           0x00000000200000fc       0x1c c:/st/stm32cubeide_1.8.0/stm32cubeide/plugins/com.st.stm32cube.ide.mcu.externaltools.gnu-tools-for-stm32.9-2020-q2-update.win32_2.0.0.202105311346/tools/bin/../lib/gcc/arm-none-eabi/9.3.1/thumb/v7e-m+fp/hard/crtbegin.o
 *(.bss*)
 .bss.byte.9700
                0x0000000020000118        0x1 ./Core/Src/main.o
 *fill*         0x0000000020000119        0x3 
 .bss.buffer    0x000000002000011c       0xff ./Drivers/arpc_server/arpc_server.o
 *fill*         0x000000002000021b        0x1 
 .bss.bufferIndex
                0x000000002000021c        0x4 ./Drivers/arpc_server/arpc_server.o
 .bss.cfgidx.9944
                0x0000000020000220        0x1 ./Middlewares/ST/STM32_USB_Device_Library/Core/Src/usbd_ctlreq.o
 *fill*         0x0000000020000221        0x3 
 .bss.mem.10011
                0x0000000020000224      0x220 ./USB_DEVICE/Target/usbd_conf.o
 *(COMMON)
 COMMON         0x0000000020000444       0x44 ./Core/Src/main.o
                0x0000000020000444                huart1
 COMMON         0x0000000020000488        0x4 ./Drivers/STM32F4xx_HAL_Driver/Src/stm32f4xx_hal.o
                0x0000000020000488                uwTick
 COMMON         0x000000002000048c      0x2dc ./USB_DEVICE/App/usb_device.o
                0x000000002000048c                hUsbDeviceFS
 COMMON         0x0000000020000768      0x800 ./USB_DEVICE/App/usbd_cdc_if.o
                0x0000000020000768                UserRxBufferFS
                0x0000000020000b68                UserTxBufferFS
 COMMON         0x0000000020000f68      0x200 ./USB_DEVICE/App/usbd_desc.o
                0x0000000020000f68                USBD_StrDesc
 COMMON         0x0000000020001168      0x50c ./USB_DEVICE/Target/usbd_conf.o
                0x0000000020001168                hpcd_USB_OTG_FS
                0x0000000020001674                . = ALIGN (0x4)
                0x0000000020001674                _ebss = .
                0x0000000020001674                __bss_end__ = _ebss

._user_heap_stack
                0x0000000020001674      0x604 load address 0x0000000008008000
                0x0000000020001678                . = ALIGN (0x8)
 *fill*         0x0000000020001674        0x4 
                [!provide]                        PROVIDE (end = .)
                0x0000000020001678                PROVIDE (_end = .)
                0x0000000020001878                . = (. + _Min_Heap_Size)
 *fill*         0x0000000020001678      0x200 
                0x0000000020001c78                . = (. + _Min_Stack_Size)
 *fill*         0x0000000020001878      0x400 
                0x0000000020001c78                . = ALIGN (0x8)

/DISCARD/
 libc.a(*)
 libm.a(*)
 libgcc.a(*)

.ARM.attributes
                0x0000000000000000       0x30
 *(.ARM.attributes)
 .ARM.attributes
                0x0000000000000000       0x1e c:/st/stm32cubeide_1.8.0/stm32cubeide/plugins/com.st.stm32cube.ide.mcu.externaltools.gnu-tools-for-stm32.9-2020-q2-update.win32_2.0.0.202105311346/tools/bin/../lib/gcc/arm-none-eabi/9.3.1/thumb/v7e-m+fp/hard/crti.o
 .ARM.attributes
                0x000000000000001e       0x34 c:/st/stm32cubeide_1.8.0/stm32cubeide/plugins/com.st.stm32cube.ide.mcu.externaltools.gnu-tools-for-stm32.9-2020-q2-update.win32_2.0.0.202105311346/tools/bin/../lib/gcc/arm-none-eabi/9.3.1/thumb/v7e-m+fp/hard/crtbegin.o
 .ARM.attributes
                0x0000000000000052       0x34 ./Core/Src/main.o
 .ARM.attributes
                0x0000000000000086       0x34 ./Core/Src/stm32f4xx_hal_msp.o
 .ARM.attributes
                0x00000000000000ba       0x34 ./Core/Src/stm32f4xx_it.o
 .ARM.attributes
                0x00000000000000ee       0x34 ./Core/Src/system_stm32f4xx.o
 .ARM.attributes
                0x0000000000000122       0x21 ./Core/Startup/startup_stm32f401ccux.o
 .ARM.attributes
                0x0000000000000143       0x34 ./Drivers/STM32F4xx_HAL_Driver/Src/stm32f4xx_hal.o
 .ARM.attributes
                0x0000000000000177       0x34 ./Drivers/STM32F4xx_HAL_Driver/Src/stm32f4xx_hal_cortex.o
 .ARM.attributes
                0x00000000000001ab       0x34 ./Drivers/STM32F4xx_HAL_Driver/Src/stm32f4xx_hal_gpio.o
 .ARM.attributes
                0x00000000000001df       0x34 ./Drivers/STM32F4xx_HAL_Driver/Src/stm32f4xx_hal_pcd.o
 .ARM.attributes
                0x0000000000000213       0x34 ./Drivers/STM32F4xx_HAL_Driver/Src/stm32f4xx_hal_pcd_ex.o
 .ARM.attributes
                0x0000000000000247       0x34 ./Drivers/STM32F4xx_HAL_Driver/Src/stm32f4xx_hal_rcc.o
 .ARM.attributes
                0x000000000000027b       0x34 ./Drivers/STM32F4xx_HAL_Driver/Src/stm32f4xx_hal_uart.o
 .ARM.attributes
                0x00000000000002af       0x34 ./Drivers/STM32F4xx_HAL_Driver/Src/stm32f4xx_ll_usb.o
 .ARM.attributes
                0x00000000000002e3       0x34 ./Drivers/arpc_server/arpc_generic.o
 .ARM.attributes
                0x0000000000000317       0x34 ./Drivers/arpc_server/arpc_server.o
 .ARM.attributes
                0x000000000000034b       0x34 ./Middlewares/ST/STM32_USB_Device_Library/Class/CDC/Src/usbd_cdc.o
 .ARM.attributes
                0x000000000000037f       0x34 ./Middlewares/ST/STM32_USB_Device_Library/Core/Src/usbd_core.o
 .ARM.attributes
                0x00000000000003b3       0x34 ./Middlewares/ST/STM32_USB_Device_Library/Core/Src/usbd_ctlreq.o
 .ARM.attributes
                0x00000000000003e7       0x34 ./Middlewares/ST/STM32_USB_Device_Library/Core/Src/usbd_ioreq.o
 .ARM.attributes
                0x000000000000041b       0x34 ./USB_DEVICE/App/usb_device.o
 .ARM.attributes
                0x000000000000044f       0x34 ./USB_DEVICE/App/usbd_cdc_if.o
 .ARM.attributes
                0x0000000000000483       0x34 ./USB_DEVICE/App/usbd_desc.o
 .ARM.attributes
                0x00000000000004b7       0x34 ./USB_DEVICE/Target/usbd_conf.o
 .ARM.attributes
                0x00000000000004eb       0x34 c:/st/stm32cubeide_1.8.0/stm32cubeide/plugins/com.st.stm32cube.ide.mcu.externaltools.gnu-tools-for-stm32.9-2020-q2-update.win32_2.0.0.202105311346/tools/bin/../lib/gcc/arm-none-eabi/9.3.1/../../../../arm-none-eabi/lib/thumb/v7e-m+fp/hard\libc_nano.a(lib_a-init.o)
 .ARM.attributes
                0x000000000000051f       0x34 c:/st/stm32cubeide_1.8.0/stm32cubeide/plugins/com.st.stm32cube.ide.mcu.externaltools.gnu-tools-for-stm32.9-2020-q2-update.win32_2.0.0.202105311346/tools/bin/../lib/gcc/arm-none-eabi/9.3.1/../../../../arm-none-eabi/lib/thumb/v7e-m+fp/hard\libc_nano.a(lib_a-memcpy-stub.o)
 .ARM.attributes
                0x0000000000000553       0x34 c:/st/stm32cubeide_1.8.0/stm32cubeide/plugins/com.st.stm32cube.ide.mcu.externaltools.gnu-tools-for-stm32.9-2020-q2-update.win32_2.0.0.202105311346/tools/bin/../lib/gcc/arm-none-eabi/9.3.1/../../../../arm-none-eabi/lib/thumb/v7e-m+fp/hard\libc_nano.a(lib_a-memset.o)
 .ARM.attributes
                0x0000000000000587       0x1e c:/st/stm32cubeide_1.8.0/stm32cubeide/plugins/com.st.stm32cube.ide.mcu.externaltools.gnu-tools-for-stm32.9-2020-q2-update.win32_2.0.0.202105311346/tools/bin/../lib/gcc/arm-none-eabi/9.3.1/thumb/v7e-m+fp/hard\libgcc.a(_aeabi_uldivmod.o)
 .ARM.attributes
                0x00000000000005a5       0x34 c:/st/stm32cubeide_1.8.0/stm32cubeide/plugins/com.st.stm32cube.ide.mcu.externaltools.gnu-tools-for-stm32.9-2020-q2-update.win32_2.0.0.202105311346/tools/bin/../lib/gcc/arm-none-eabi/9.3.1/thumb/v7e-m+fp/hard\libgcc.a(_udivmoddi4.o)
 .ARM.attributes
                0x00000000000005d9       0x1e c:/st/stm32cubeide_1.8.0/stm32cubeide/plugins/com.st.stm32cube.ide.mcu.externaltools.gnu-tools-for-stm32.9-2020-q2-update.win32_2.0.0.202105311346/tools/bin/../lib/gcc/arm-none-eabi/9.3.1/thumb/v7e-m+fp/hard\libgcc.a(_dvmd_tls.o)
 .ARM.attributes
                0x00000000000005f7       0x1e c:/st/stm32cubeide_1.8.0/stm32cubeide/plugins/com.st.stm32cube.ide.mcu.externaltools.gnu-tools-for-stm32.9-2020-q2-update.win32_2.0.0.202105311346/tools/bin/../lib/gcc/arm-none-eabi/9.3.1/thumb/v7e-m+fp/hard/crtn.o
OUTPUT(arpcServerSTM32F401.elf elf32-littlearm)
LOAD linker stubs
LOAD c:/st/stm32cubeide_1.8.0/stm32cubeide/plugins/com.st.stm32cube.ide.mcu.externaltools.gnu-tools-for-stm32.9-2020-q2-update.win32_2.0.0.202105311346/tools/bin/../lib/gcc/arm-none-eabi/9.3.1/../../../../arm-none-eabi/lib/thumb/v7e-m+fp/hard\libc.a
LOAD c:/st/stm32cubeide_1.8.0/stm32cubeide/plugins/com.st.stm32cube.ide.mcu.externaltools.gnu-tools-for-stm32.9-2020-q2-update.win32_2.0.0.202105311346/tools/bin/../lib/gcc/arm-none-eabi/9.3.1/../../../../arm-none-eabi/lib/thumb/v7e-m+fp/hard\libm.a
LOAD c:/st/stm32cubeide_1.8.0/stm32cubeide/plugins/com.st.stm32cube.ide.mcu.externaltools.gnu-tools-for-stm32.9-2020-q2-update.win32_2.0.0.202105311346/tools/bin/../lib/gcc/arm-none-eabi/9.3.1/thumb/v7e-m+fp/hard\libgcc.a

.debug_info     0x0000000000000000    0x18156
 .debug_info    0x0000000000000000     0x1596 ./Core/Src/main.o
 .debug_info    0x0000000000001596      0xa24 ./Core/Src/stm32f4xx_hal_msp.o
 .debug_info    0x0000000000001fba      0x703 ./Core/Src/stm32f4xx_it.o
 .debug_info    0x00000000000026bd      0x5d0 ./Core/Src/system_stm32f4xx.o
 .debug_info    0x0000000000002c8d       0x22 ./Core/Startup/startup_stm32f401ccux.o
 .debug_info    0x0000000000002caf      0x93c ./Drivers/STM32F4xx_HAL_Driver/Src/stm32f4xx_hal.o
 .debug_info    0x00000000000035eb      0xe41 ./Drivers/STM32F4xx_HAL_Driver/Src/stm32f4xx_hal_cortex.o
 .debug_info    0x000000000000442c      0x862 ./Drivers/STM32F4xx_HAL_Driver/Src/stm32f4xx_hal_gpio.o
 .debug_info    0x0000000000004c8e     0x13c3 ./Drivers/STM32F4xx_HAL_Driver/Src/stm32f4xx_hal_pcd.o
 .debug_info    0x0000000000006051      0x7eb ./Drivers/STM32F4xx_HAL_Driver/Src/stm32f4xx_hal_pcd_ex.o
 .debug_info    0x000000000000683c      0x9bc ./Drivers/STM32F4xx_HAL_Driver/Src/stm32f4xx_hal_rcc.o
 .debug_info    0x00000000000071f8     0x31f2 ./Drivers/STM32F4xx_HAL_Driver/Src/stm32f4xx_hal_uart.o
 .debug_info    0x000000000000a3ea     0x1b59 ./Drivers/STM32F4xx_HAL_Driver/Src/stm32f4xx_ll_usb.o
 .debug_info    0x000000000000bf43      0xbd1 ./Drivers/arpc_server/arpc_generic.o
 .debug_info    0x000000000000cb14      0xbbe ./Drivers/arpc_server/arpc_server.o
 .debug_info    0x000000000000d6d2     0x1b1a ./Middlewares/ST/STM32_USB_Device_Library/Class/CDC/Src/usbd_cdc.o
 .debug_info    0x000000000000f1ec     0x16cf ./Middlewares/ST/STM32_USB_Device_Library/Core/Src/usbd_core.o
 .debug_info    0x00000000000108bb     0x13ea ./Middlewares/ST/STM32_USB_Device_Library/Core/Src/usbd_ctlreq.o
 .debug_info    0x0000000000011ca5     0x10ee ./Middlewares/ST/STM32_USB_Device_Library/Core/Src/usbd_ioreq.o
 .debug_info    0x0000000000012d93     0x1056 ./USB_DEVICE/App/usb_device.o
 .debug_info    0x0000000000013de9     0x12b9 ./USB_DEVICE/App/usbd_cdc_if.o
 .debug_info    0x00000000000150a2      0xdfc ./USB_DEVICE/App/usbd_desc.o
 .debug_info    0x0000000000015e9e     0x22b8 ./USB_DEVICE/Target/usbd_conf.o

.debug_abbrev   0x0000000000000000     0x3627
 .debug_abbrev  0x0000000000000000      0x2c1 ./Core/Src/main.o
 .debug_abbrev  0x00000000000002c1      0x1ac ./Core/Src/stm32f4xx_hal_msp.o
 .debug_abbrev  0x000000000000046d      0x184 ./Core/Src/stm32f4xx_it.o
 .debug_abbrev  0x00000000000005f1      0x145 ./Core/Src/system_stm32f4xx.o
 .debug_abbrev  0x0000000000000736       0x12 ./Core/Startup/startup_stm32f401ccux.o
 .debug_abbrev  0x0000000000000748      0x21e ./Drivers/STM32F4xx_HAL_Driver/Src/stm32f4xx_hal.o
 .debug_abbrev  0x0000000000000966      0x33c ./Drivers/STM32F4xx_HAL_Driver/Src/stm32f4xx_hal_cortex.o
 .debug_abbrev  0x0000000000000ca2      0x1f1 ./Drivers/STM32F4xx_HAL_Driver/Src/stm32f4xx_hal_gpio.o
 .debug_abbrev  0x0000000000000e93      0x2a0 ./Drivers/STM32F4xx_HAL_Driver/Src/stm32f4xx_hal_pcd.o
 .debug_abbrev  0x0000000000001133      0x1fb ./Drivers/STM32F4xx_HAL_Driver/Src/stm32f4xx_hal_pcd_ex.o
 .debug_abbrev  0x000000000000132e      0x275 ./Drivers/STM32F4xx_HAL_Driver/Src/stm32f4xx_hal_rcc.o
 .debug_abbrev  0x00000000000015a3      0x2fc ./Drivers/STM32F4xx_HAL_Driver/Src/stm32f4xx_hal_uart.o
 .debug_abbrev  0x000000000000189f      0x2a7 ./Drivers/STM32F4xx_HAL_Driver/Src/stm32f4xx_ll_usb.o
 .debug_abbrev  0x0000000000001b46      0x246 ./Drivers/arpc_server/arpc_generic.o
 .debug_abbrev  0x0000000000001d8c      0x20c ./Drivers/arpc_server/arpc_server.o
 .debug_abbrev  0x0000000000001f98      0x305 ./Middlewares/ST/STM32_USB_Device_Library/Class/CDC/Src/usbd_cdc.o
 .debug_abbrev  0x000000000000229d      0x2f2 ./Middlewares/ST/STM32_USB_Device_Library/Core/Src/usbd_core.o
 .debug_abbrev  0x000000000000258f      0x30f ./Middlewares/ST/STM32_USB_Device_Library/Core/Src/usbd_ctlreq.o
 .debug_abbrev  0x000000000000289e      0x23d ./Middlewares/ST/STM32_USB_Device_Library/Core/Src/usbd_ioreq.o
 .debug_abbrev  0x0000000000002adb      0x217 ./USB_DEVICE/App/usb_device.o
 .debug_abbrev  0x0000000000002cf2      0x339 ./USB_DEVICE/App/usbd_cdc_if.o
 .debug_abbrev  0x000000000000302b      0x2bd ./USB_DEVICE/App/usbd_desc.o
 .debug_abbrev  0x00000000000032e8      0x33f ./USB_DEVICE/Target/usbd_conf.o

.debug_aranges  0x0000000000000000      0xdf0
 .debug_aranges
                0x0000000000000000       0x58 ./Core/Src/main.o
 .debug_aranges
                0x0000000000000058       0x30 ./Core/Src/stm32f4xx_hal_msp.o
 .debug_aranges
                0x0000000000000088       0x68 ./Core/Src/stm32f4xx_it.o
 .debug_aranges
                0x00000000000000f0       0x28 ./Core/Src/system_stm32f4xx.o
 .debug_aranges
                0x0000000000000118       0x28 ./Core/Startup/startup_stm32f401ccux.o
 .debug_aranges
                0x0000000000000140       0xf0 ./Drivers/STM32F4xx_HAL_Driver/Src/stm32f4xx_hal.o
 .debug_aranges
                0x0000000000000230      0x118 ./Drivers/STM32F4xx_HAL_Driver/Src/stm32f4xx_hal_cortex.o
 .debug_aranges
                0x0000000000000348       0x58 ./Drivers/STM32F4xx_HAL_Driver/Src/stm32f4xx_hal_gpio.o
 .debug_aranges
                0x00000000000003a0      0x148 ./Drivers/STM32F4xx_HAL_Driver/Src/stm32f4xx_hal_pcd.o
 .debug_aranges
                0x00000000000004e8       0x38 ./Drivers/STM32F4xx_HAL_Driver/Src/stm32f4xx_hal_pcd_ex.o
 .debug_aranges
                0x0000000000000520       0x88 ./Drivers/STM32F4xx_HAL_Driver/Src/stm32f4xx_hal_rcc.o
 .debug_aranges
                0x00000000000005a8      0x200 ./Drivers/STM32F4xx_HAL_Driver/Src/stm32f4xx_hal_uart.o
 .debug_aranges
                0x00000000000007a8      0x1a0 ./Drivers/STM32F4xx_HAL_Driver/Src/stm32f4xx_ll_usb.o
 .debug_aranges
                0x0000000000000948       0x48 ./Drivers/arpc_server/arpc_generic.o
 .debug_aranges
                0x0000000000000990       0x40 ./Drivers/arpc_server/arpc_server.o
 .debug_aranges
                0x00000000000009d0       0x90 ./Middlewares/ST/STM32_USB_Device_Library/Class/CDC/Src/usbd_cdc.o
 .debug_aranges
                0x0000000000000a60       0xd8 ./Middlewares/ST/STM32_USB_Device_Library/Core/Src/usbd_core.o
 .debug_aranges
                0x0000000000000b38       0x90 ./Middlewares/ST/STM32_USB_Device_Library/Core/Src/usbd_ctlreq.o
 .debug_aranges
                0x0000000000000bc8       0x50 ./Middlewares/ST/STM32_USB_Device_Library/Core/Src/usbd_ioreq.o
 .debug_aranges
                0x0000000000000c18       0x20 ./USB_DEVICE/App/usb_device.o
 .debug_aranges
                0x0000000000000c38       0x48 ./USB_DEVICE/App/usbd_cdc_if.o
 .debug_aranges
                0x0000000000000c80       0x60 ./USB_DEVICE/App/usbd_desc.o
 .debug_aranges
                0x0000000000000ce0      0x110 ./USB_DEVICE/Target/usbd_conf.o

.debug_ranges   0x0000000000000000      0xcb8
 .debug_ranges  0x0000000000000000       0x48 ./Core/Src/main.o
 .debug_ranges  0x0000000000000048       0x20 ./Core/Src/stm32f4xx_hal_msp.o
 .debug_ranges  0x0000000000000068       0x58 ./Core/Src/stm32f4xx_it.o
 .debug_ranges  0x00000000000000c0       0x18 ./Core/Src/system_stm32f4xx.o
 .debug_ranges  0x00000000000000d8       0x20 ./Core/Startup/startup_stm32f401ccux.o
 .debug_ranges  0x00000000000000f8       0xe0 ./Drivers/STM32F4xx_HAL_Driver/Src/stm32f4xx_hal.o
 .debug_ranges  0x00000000000001d8      0x108 ./Drivers/STM32F4xx_HAL_Driver/Src/stm32f4xx_hal_cortex.o
 .debug_ranges  0x00000000000002e0       0x48 ./Drivers/STM32F4xx_HAL_Driver/Src/stm32f4xx_hal_gpio.o
 .debug_ranges  0x0000000000000328      0x138 ./Drivers/STM32F4xx_HAL_Driver/Src/stm32f4xx_hal_pcd.o
 .debug_ranges  0x0000000000000460       0x28 ./Drivers/STM32F4xx_HAL_Driver/Src/stm32f4xx_hal_pcd_ex.o
 .debug_ranges  0x0000000000000488       0x78 ./Drivers/STM32F4xx_HAL_Driver/Src/stm32f4xx_hal_rcc.o
 .debug_ranges  0x0000000000000500      0x220 ./Drivers/STM32F4xx_HAL_Driver/Src/stm32f4xx_hal_uart.o
 .debug_ranges  0x0000000000000720      0x190 ./Drivers/STM32F4xx_HAL_Driver/Src/stm32f4xx_ll_usb.o
 .debug_ranges  0x00000000000008b0       0x38 ./Drivers/arpc_server/arpc_generic.o
 .debug_ranges  0x00000000000008e8       0x30 ./Drivers/arpc_server/arpc_server.o
 .debug_ranges  0x0000000000000918       0x80 ./Middlewares/ST/STM32_USB_Device_Library/Class/CDC/Src/usbd_cdc.o
 .debug_ranges  0x0000000000000998       0xc8 ./Middlewares/ST/STM32_USB_Device_Library/Core/Src/usbd_core.o
 .debug_ranges  0x0000000000000a60       0x80 ./Middlewares/ST/STM32_USB_Device_Library/Core/Src/usbd_ctlreq.o
 .debug_ranges  0x0000000000000ae0       0x40 ./Middlewares/ST/STM32_USB_Device_Library/Core/Src/usbd_ioreq.o
 .debug_ranges  0x0000000000000b20       0x10 ./USB_DEVICE/App/usb_device.o
 .debug_ranges  0x0000000000000b30       0x38 ./USB_DEVICE/App/usbd_cdc_if.o
 .debug_ranges  0x0000000000000b68       0x50 ./USB_DEVICE/App/usbd_desc.o
 .debug_ranges  0x0000000000000bb8      0x100 ./USB_DEVICE/Target/usbd_conf.o

.debug_macro    0x0000000000000000    0x18931
 .debug_macro   0x0000000000000000      0x3e1 ./Core/Src/main.o
 .debug_macro   0x00000000000003e1      0xaa8 ./Core/Src/main.o
 .debug_macro   0x0000000000000e89      0x29b ./Core/Src/main.o
 .debug_macro   0x0000000000001124       0x2e ./Core/Src/main.o
 .debug_macro   0x0000000000001152       0x28 ./Core/Src/main.o
 .debug_macro   0x000000000000117a       0x22 ./Core/Src/main.o
 .debug_macro   0x000000000000119c       0x8e ./Core/Src/main.o
 .debug_macro   0x000000000000122a       0x51 ./Core/Src/main.o
 .debug_macro   0x000000000000127b      0x103 ./Core/Src/main.o
 .debug_macro   0x000000000000137e       0x6a ./Core/Src/main.o
 .debug_macro   0x00000000000013e8      0x1df ./Core/Src/main.o
 .debug_macro   0x00000000000015c7       0x1c ./Core/Src/main.o
 .debug_macro   0x00000000000015e3       0x22 ./Core/Src/main.o
 .debug_macro   0x0000000000001605       0xdf ./Core/Src/main.o
 .debug_macro   0x00000000000016e4     0x102d ./Core/Src/main.o
 .debug_macro   0x0000000000002711      0x11f ./Core/Src/main.o
 .debug_macro   0x0000000000002830     0xb86c ./Core/Src/main.o
 .debug_macro   0x000000000000e09c       0x6d ./Core/Src/main.o
 .debug_macro   0x000000000000e109     0x367e ./Core/Src/main.o
 .debug_macro   0x0000000000011787      0x174 ./Core/Src/main.o
 .debug_macro   0x00000000000118fb       0x5c ./Core/Src/main.o
 .debug_macro   0x0000000000011957      0x416 ./Core/Src/main.o
 .debug_macro   0x0000000000011d6d      0x9fe ./Core/Src/main.o
 .debug_macro   0x000000000001276b      0x115 ./Core/Src/main.o
 .debug_macro   0x0000000000012880       0xf8 ./Core/Src/main.o
 .debug_macro   0x0000000000012978       0xa5 ./Core/Src/main.o
 .debug_macro   0x0000000000012a1d      0x15f ./Core/Src/main.o
 .debug_macro   0x0000000000012b7c      0x287 ./Core/Src/main.o
 .debug_macro   0x0000000000012e03       0x5f ./Core/Src/main.o
 .debug_macro   0x0000000000012e62      0x236 ./Core/Src/main.o
 .debug_macro   0x0000000000013098      0x132 ./Core/Src/main.o
 .debug_macro   0x00000000000131ca      0x23a ./Core/Src/main.o
 .debug_macro   0x0000000000013404       0x2e ./Core/Src/main.o
 .debug_macro   0x0000000000013432      0x11a ./Core/Src/main.o
 .debug_macro   0x000000000001354c       0x85 ./Core/Src/main.o
 .debug_macro   0x00000000000135d1       0x89 ./Core/Src/main.o
 .debug_macro   0x000000000001365a      0x295 ./Core/Src/main.o
 .debug_macro   0x00000000000138ef      0x248 ./Core/Src/main.o
 .debug_macro   0x0000000000013b37       0xba ./Core/Src/main.o
 .debug_macro   0x0000000000013bf1      0x126 ./Core/Src/main.o
 .debug_macro   0x0000000000013d17       0x10 ./Core/Src/main.o
 .debug_macro   0x0000000000013d27       0x52 ./Core/Src/main.o
 .debug_macro   0x0000000000013d79       0x18 ./Core/Src/main.o
 .debug_macro   0x0000000000013d91       0x3c ./Core/Src/main.o
 .debug_macro   0x0000000000013dcd       0x34 ./Core/Src/main.o
 .debug_macro   0x0000000000013e01       0x16 ./Core/Src/main.o
 .debug_macro   0x0000000000013e17       0x35 ./Core/Src/main.o
 .debug_macro   0x0000000000013e4c      0x333 ./Core/Src/main.o
 .debug_macro   0x000000000001417f       0x10 ./Core/Src/main.o
 .debug_macro   0x000000000001418f       0x16 ./Core/Src/main.o
 .debug_macro   0x00000000000141a5       0x43 ./Core/Src/main.o
 .debug_macro   0x00000000000141e8       0x34 ./Core/Src/main.o
 .debug_macro   0x000000000001421c       0x10 ./Core/Src/main.o
 .debug_macro   0x000000000001422c       0x58 ./Core/Src/main.o
 .debug_macro   0x0000000000014284       0x71 ./Core/Src/main.o
 .debug_macro   0x00000000000142f5       0x1c ./Core/Src/main.o
 .debug_macro   0x0000000000014311      0x12a ./Core/Src/main.o
 .debug_macro   0x000000000001443b       0x10 ./Core/Src/main.o
 .debug_macro   0x000000000001444b       0x1c ./Core/Src/main.o
 .debug_macro   0x0000000000014467       0x52 ./Core/Src/main.o
 .debug_macro   0x00000000000144b9       0x22 ./Core/Src/main.o
 .debug_macro   0x00000000000144db       0x10 ./Core/Src/main.o
 .debug_macro   0x00000000000144eb       0x40 ./Core/Src/main.o
 .debug_macro   0x000000000001452b       0xd5 ./Core/Src/main.o
 .debug_macro   0x0000000000014600       0x1c ./Core/Src/main.o
 .debug_macro   0x000000000001461c       0x3d ./Core/Src/main.o
 .debug_macro   0x0000000000014659       0x16 ./Core/Src/main.o
 .debug_macro   0x000000000001466f      0x145 ./Core/Src/main.o
 .debug_macro   0x00000000000147b4       0x16 ./Core/Src/main.o
 .debug_macro   0x00000000000147ca       0x16 ./Core/Src/main.o
 .debug_macro   0x00000000000147e0       0x29 ./Core/Src/main.o
 .debug_macro   0x0000000000014809       0x16 ./Core/Src/main.o
 .debug_macro   0x000000000001481f       0x20 ./Core/Src/main.o
 .debug_macro   0x000000000001483f       0x65 ./Core/Src/main.o
 .debug_macro   0x00000000000148a4      0x20f ./Core/Src/main.o
 .debug_macro   0x0000000000014ab3       0x16 ./Core/Src/main.o
 .debug_macro   0x0000000000014ac9      0x1ed ./Core/Src/stm32f4xx_hal_msp.o
 .debug_macro   0x0000000000014cb6      0x1f7 ./Core/Src/stm32f4xx_it.o
 .debug_macro   0x0000000000014ead      0x1de ./Core/Src/system_stm32f4xx.o
 .debug_macro   0x000000000001508b      0x23e ./Drivers/STM32F4xx_HAL_Driver/Src/stm32f4xx_hal.o
 .debug_macro   0x00000000000152c9      0x1de ./Drivers/STM32F4xx_HAL_Driver/Src/stm32f4xx_hal_cortex.o
 .debug_macro   0x00000000000154a7      0x1e4 ./Drivers/STM32F4xx_HAL_Driver/Src/stm32f4xx_hal_gpio.o
 .debug_macro   0x000000000001568b      0x1ea ./Drivers/STM32F4xx_HAL_Driver/Src/stm32f4xx_hal_pcd.o
 .debug_macro   0x0000000000015875      0x1de ./Drivers/STM32F4xx_HAL_Driver/Src/stm32f4xx_hal_pcd_ex.o
 .debug_macro   0x0000000000015a53      0x202 ./Drivers/STM32F4xx_HAL_Driver/Src/stm32f4xx_hal_rcc.o
 .debug_macro   0x0000000000015c55      0x1df ./Drivers/STM32F4xx_HAL_Driver/Src/stm32f4xx_hal_uart.o
 .debug_macro   0x0000000000015e34      0x1de ./Drivers/STM32F4xx_HAL_Driver/Src/stm32f4xx_ll_usb.o
 .debug_macro   0x0000000000016012      0x151 ./Drivers/arpc_server/arpc_generic.o
 .debug_macro   0x0000000000016163       0x10 ./Drivers/arpc_server/arpc_generic.o
 .debug_macro   0x0000000000016173       0x16 ./Drivers/arpc_server/arpc_generic.o
 .debug_macro   0x0000000000016189      0x172 ./Drivers/arpc_server/arpc_server.o
 .debug_macro   0x00000000000162fb       0x10 ./Drivers/arpc_server/arpc_server.o
 .debug_macro   0x000000000001630b      0x403 ./Middlewares/ST/STM32_USB_Device_Library/Class/CDC/Src/usbd_cdc.o
 .debug_macro   0x000000000001670e       0x97 ./Middlewares/ST/STM32_USB_Device_Library/Class/CDC/Src/usbd_cdc.o
 .debug_macro   0x00000000000167a5       0xfd ./Middlewares/ST/STM32_USB_Device_Library/Class/CDC/Src/usbd_cdc.o
 .debug_macro   0x00000000000168a2       0xd9 ./Middlewares/ST/STM32_USB_Device_Library/Class/CDC/Src/usbd_cdc.o
 .debug_macro   0x000000000001697b       0x56 ./Middlewares/ST/STM32_USB_Device_Library/Class/CDC/Src/usbd_cdc.o
 .debug_macro   0x00000000000169d1       0x95 ./Middlewares/ST/STM32_USB_Device_Library/Class/CDC/Src/usbd_cdc.o
 .debug_macro   0x0000000000016a66      0x3ea ./Middlewares/ST/STM32_USB_Device_Library/Core/Src/usbd_core.o
 .debug_macro   0x0000000000016e50      0x215 ./Middlewares/ST/STM32_USB_Device_Library/Core/Src/usbd_core.o
 .debug_macro   0x0000000000017065      0x3f4 ./Middlewares/ST/STM32_USB_Device_Library/Core/Src/usbd_ctlreq.o
 .debug_macro   0x0000000000017459      0x3f0 ./Middlewares/ST/STM32_USB_Device_Library/Core/Src/usbd_ioreq.o
 .debug_macro   0x0000000000017849      0x423 ./USB_DEVICE/App/usb_device.o
 .debug_macro   0x0000000000017c6c       0x16 ./USB_DEVICE/App/usb_device.o
 .debug_macro   0x0000000000017c82       0x22 ./USB_DEVICE/App/usb_device.o
 .debug_macro   0x0000000000017ca4       0x16 ./USB_DEVICE/App/usb_device.o
 .debug_macro   0x0000000000017cba      0x417 ./USB_DEVICE/App/usbd_cdc_if.o
 .debug_macro   0x00000000000180d1       0x10 ./USB_DEVICE/App/usbd_cdc_if.o
 .debug_macro   0x00000000000180e1      0x42d ./USB_DEVICE/App/usbd_desc.o
 .debug_macro   0x000000000001850e       0x1c ./USB_DEVICE/App/usbd_desc.o
 .debug_macro   0x000000000001852a      0x407 ./USB_DEVICE/Target/usbd_conf.o

.debug_line     0x0000000000000000    0x125ca
 .debug_line    0x0000000000000000      0xb08 ./Core/Src/main.o
 .debug_line    0x0000000000000b08      0x72a ./Core/Src/stm32f4xx_hal_msp.o
 .debug_line    0x0000000000001232      0x7b7 ./Core/Src/stm32f4xx_it.o
 .debug_line    0x00000000000019e9      0x75e ./Core/Src/system_stm32f4xx.o
 .debug_line    0x0000000000002147       0x88 ./Core/Startup/startup_stm32f401ccux.o
 .debug_line    0x00000000000021cf      0x9c4 ./Drivers/STM32F4xx_HAL_Driver/Src/stm32f4xx_hal.o
 .debug_line    0x0000000000002b93      0xc73 ./Drivers/STM32F4xx_HAL_Driver/Src/stm32f4xx_hal_cortex.o
 .debug_line    0x0000000000003806      0xafc ./Drivers/STM32F4xx_HAL_Driver/Src/stm32f4xx_hal_gpio.o
 .debug_line    0x0000000000004302     0x1467 ./Drivers/STM32F4xx_HAL_Driver/Src/stm32f4xx_hal_pcd.o
 .debug_line    0x0000000000005769      0x7a7 ./Drivers/STM32F4xx_HAL_Driver/Src/stm32f4xx_hal_pcd_ex.o
 .debug_line    0x0000000000005f10      0xd3e ./Drivers/STM32F4xx_HAL_Driver/Src/stm32f4xx_hal_rcc.o
 .debug_line    0x0000000000006c4e     0x2a69 ./Drivers/STM32F4xx_HAL_Driver/Src/stm32f4xx_hal_uart.o
 .debug_line    0x00000000000096b7     0x1a7e ./Drivers/STM32F4xx_HAL_Driver/Src/stm32f4xx_ll_usb.o
 .debug_line    0x000000000000b135      0x60e ./Drivers/arpc_server/arpc_generic.o
 .debug_line    0x000000000000b743      0x604 ./Drivers/arpc_server/arpc_server.o
 .debug_line    0x000000000000bd47      0xef2 ./Middlewares/ST/STM32_USB_Device_Library/Class/CDC/Src/usbd_cdc.o
 .debug_line    0x000000000000cc39      0xf6c ./Middlewares/ST/STM32_USB_Device_Library/Core/Src/usbd_core.o
 .debug_line    0x000000000000dba5     0x113a ./Middlewares/ST/STM32_USB_Device_Library/Core/Src/usbd_ctlreq.o
 .debug_line    0x000000000000ecdf      0xa84 ./Middlewares/ST/STM32_USB_Device_Library/Core/Src/usbd_ioreq.o
 .debug_line    0x000000000000f763      0xa40 ./USB_DEVICE/App/usb_device.o
 .debug_line    0x00000000000101a3      0xb02 ./USB_DEVICE/App/usbd_cdc_if.o
 .debug_line    0x0000000000010ca5      0xb09 ./USB_DEVICE/App/usbd_desc.o
 .debug_line    0x00000000000117ae      0xe1c ./USB_DEVICE/Target/usbd_conf.o

.debug_str      0x0000000000000000    0x890ad
 .debug_str     0x0000000000000000    0x85128 ./Core/Src/main.o
                                      0x854de (size before relaxing)
 .debug_str     0x0000000000085128       0x56 ./Core/Src/stm32f4xx_hal_msp.o
                                      0x806a3 (size before relaxing)
 .debug_str     0x000000000008517e      0x424 ./Core/Src/stm32f4xx_it.o
                                      0x80535 (size before relaxing)
 .debug_str     0x00000000000855a2       0xaf ./Core/Src/system_stm32f4xx.o
                                      0x80216 (size before relaxing)
 .debug_str     0x0000000000085651       0x36 ./Core/Startup/startup_stm32f401ccux.o
                                         0x7a (size before relaxing)
 .debug_str     0x0000000000085687      0x905 ./Drivers/STM32F4xx_HAL_Driver/Src/stm32f4xx_hal.o
                                      0x80b96 (size before relaxing)
 .debug_str     0x0000000000085f8c      0x392 ./Drivers/STM32F4xx_HAL_Driver/Src/stm32f4xx_hal_cortex.o
                                      0x80973 (size before relaxing)
 .debug_str     0x000000000008631e      0x151 ./Drivers/STM32F4xx_HAL_Driver/Src/stm32f4xx_hal_gpio.o
                                      0x803bd (size before relaxing)
 .debug_str     0x000000000008646f      0x599 ./Drivers/STM32F4xx_HAL_Driver/Src/stm32f4xx_hal_pcd.o
                                      0x80a46 (size before relaxing)
 .debug_str     0x0000000000086a08      0x13f ./Drivers/STM32F4xx_HAL_Driver/Src/stm32f4xx_hal_pcd_ex.o
                                      0x805e1 (size before relaxing)
 .debug_str     0x0000000000086b47      0x259 ./Drivers/STM32F4xx_HAL_Driver/Src/stm32f4xx_hal_rcc.o
                                      0x80618 (size before relaxing)
 .debug_str     0x0000000000086da0      0x60a ./Drivers/STM32F4xx_HAL_Driver/Src/stm32f4xx_hal_uart.o
                                      0x80b8c (size before relaxing)
 .debug_str     0x00000000000873aa      0x6b2 ./Drivers/STM32F4xx_HAL_Driver/Src/stm32f4xx_ll_usb.o
                                      0x80b50 (size before relaxing)
 .debug_str     0x0000000000087a5c      0x1dd ./Drivers/arpc_server/arpc_generic.o
                                       0x7438 (size before relaxing)
 .debug_str     0x0000000000087c39       0xf6 ./Drivers/arpc_server/arpc_server.o
                                       0x748d (size before relaxing)
 .debug_str     0x0000000000087d2f      0x981 ./Middlewares/ST/STM32_USB_Device_Library/Class/CDC/Src/usbd_cdc.o
                                      0x85b1c (size before relaxing)
 .debug_str     0x00000000000886b0      0x28c ./Middlewares/ST/STM32_USB_Device_Library/Core/Src/usbd_core.o
                                      0x8545c (size before relaxing)
 .debug_str     0x000000000008893c      0x14d ./Middlewares/ST/STM32_USB_Device_Library/Core/Src/usbd_ctlreq.o
                                      0x852d3 (size before relaxing)
 .debug_str     0x0000000000088a89       0xc9 ./Middlewares/ST/STM32_USB_Device_Library/Core/Src/usbd_ioreq.o
                                      0x85223 (size before relaxing)
 .debug_str     0x0000000000088b52      0x118 ./USB_DEVICE/App/usb_device.o
                                      0x855b2 (size before relaxing)
 .debug_str     0x0000000000088c6a       0x9a ./USB_DEVICE/App/usbd_cdc_if.o
                                      0x85631 (size before relaxing)
 .debug_str     0x0000000000088d04      0x255 ./USB_DEVICE/App/usbd_desc.o
                                      0x85139 (size before relaxing)
 .debug_str     0x0000000000088f59      0x154 ./USB_DEVICE/Target/usbd_conf.o
                                      0x8608b (size before relaxing)

.comment        0x0000000000000000       0x53
 .comment       0x0000000000000000       0x53 ./Core/Src/main.o
                                         0x54 (size before relaxing)
 .comment       0x0000000000000053       0x54 ./Core/Src/stm32f4xx_hal_msp.o
 .comment       0x0000000000000053       0x54 ./Core/Src/stm32f4xx_it.o
 .comment       0x0000000000000053       0x54 ./Core/Src/system_stm32f4xx.o
 .comment       0x0000000000000053       0x54 ./Drivers/STM32F4xx_HAL_Driver/Src/stm32f4xx_hal.o
 .comment       0x0000000000000053       0x54 ./Drivers/STM32F4xx_HAL_Driver/Src/stm32f4xx_hal_cortex.o
 .comment       0x0000000000000053       0x54 ./Drivers/STM32F4xx_HAL_Driver/Src/stm32f4xx_hal_gpio.o
 .comment       0x0000000000000053       0x54 ./Drivers/STM32F4xx_HAL_Driver/Src/stm32f4xx_hal_pcd.o
 .comment       0x0000000000000053       0x54 ./Drivers/STM32F4xx_HAL_Driver/Src/stm32f4xx_hal_pcd_ex.o
 .comment       0x0000000000000053       0x54 ./Drivers/STM32F4xx_HAL_Driver/Src/stm32f4xx_hal_rcc.o
 .comment       0x0000000000000053       0x54 ./Drivers/STM32F4xx_HAL_Driver/Src/stm32f4xx_hal_uart.o
 .comment       0x0000000000000053       0x54 ./Drivers/STM32F4xx_HAL_Driver/Src/stm32f4xx_ll_usb.o
 .comment       0x0000000000000053       0x54 ./Drivers/arpc_server/arpc_generic.o
 .comment       0x0000000000000053       0x54 ./Drivers/arpc_server/arpc_server.o
 .comment       0x0000000000000053       0x54 ./Middlewares/ST/STM32_USB_Device_Library/Class/CDC/Src/usbd_cdc.o
 .comment       0x0000000000000053       0x54 ./Middlewares/ST/STM32_USB_Device_Library/Core/Src/usbd_core.o
 .comment       0x0000000000000053       0x54 ./Middlewares/ST/STM32_USB_Device_Library/Core/Src/usbd_ctlreq.o
 .comment       0x0000000000000053       0x54 ./Middlewares/ST/STM32_USB_Device_Library/Core/Src/usbd_ioreq.o
 .comment       0x0000000000000053       0x54 ./USB_DEVICE/App/usb_device.o
 .comment       0x0000000000000053       0x54 ./USB_DEVICE/App/usbd_cdc_if.o
 .comment       0x0000000000000053       0x54 ./USB_DEVICE/App/usbd_desc.o
 .comment       0x0000000000000053       0x54 ./USB_DEVICE/Target/usbd_conf.o

.debug_frame    0x0000000000000000     0x3834
 .debug_frame   0x0000000000000000      0x110 ./Core/Src/main.o
 .debug_frame   0x0000000000000110       0x80 ./Core/Src/stm32f4xx_hal_msp.o
 .debug_frame   0x0000000000000190      0x120 ./Core/Src/stm32f4xx_it.o
 .debug_frame   0x00000000000002b0       0x58 ./Core/Src/system_stm32f4xx.o
 .debug_frame   0x0000000000000308      0x374 ./Drivers/STM32F4xx_HAL_Driver/Src/stm32f4xx_hal.o
 .debug_frame   0x000000000000067c      0x498 ./Drivers/STM32F4xx_HAL_Driver/Src/stm32f4xx_hal_cortex.o
 .debug_frame   0x0000000000000b14      0x14c ./Drivers/STM32F4xx_HAL_Driver/Src/stm32f4xx_hal_gpio.o
 .debug_frame   0x0000000000000c60      0x5bc ./Drivers/STM32F4xx_HAL_Driver/Src/stm32f4xx_hal_pcd.o
 .debug_frame   0x000000000000121c       0xb0 ./Drivers/STM32F4xx_HAL_Driver/Src/stm32f4xx_hal_pcd_ex.o
 .debug_frame   0x00000000000012cc      0x1ec ./Drivers/STM32F4xx_HAL_Driver/Src/stm32f4xx_hal_rcc.o
 .debug_frame   0x00000000000014b8      0x92c ./Drivers/STM32F4xx_HAL_Driver/Src/stm32f4xx_hal_uart.o
 .debug_frame   0x0000000000001de4      0x7c0 ./Drivers/STM32F4xx_HAL_Driver/Src/stm32f4xx_ll_usb.o